###############################################################################
#
# IAR UBROF Linker V10.15.2.1487                          14/Apr/2025  16:19:35
# Copyright 1987-2023 IAR Systems AB.
#
#    Target Cpu    =  MSP430
#    Map file      =
#        "C:\Users\dong\Desktop\MSP430
#        Code\kyber_768_ref\Debug\List\kyber_768_ref.map"
#    Output file 1 =
#        "C:\Users\dong\Desktop\MSP430
#        Code\kyber_768_ref\Debug\Exe\kyber_768_ref.d43"
#                  =  Format: debug
#                  =  UBROF version 11.1.1
#                  =  Using library modules for C-SPY (-rt)
#    Command line  =
#        -f "C:\Users\dong\Desktop\MSP430
#        Code\kyber_768_ref\Debug\Exe\kyber_768_ref.d43.rsp"
#        ("C:\Users\dong\Desktop\MSP430
#        Code\kyber_768_ref\Debug\Obj\asm_basemul_kyber.r43"
#        "C:\Users\dong\Desktop\MSP430
#        Code\kyber_768_ref\Debug\Obj\asm_INTT_Kyber.r43"
#        "C:\Users\dong\Desktop\MSP430
#        Code\kyber_768_ref\Debug\Obj\asm_NTT_Kyber.r43"
#        "C:\Users\dong\Desktop\MSP430
#        Code\kyber_768_ref\Debug\Obj\asm_reduce_kyber.r43"
#        "C:\Users\dong\Desktop\MSP430 Code\kyber_768_ref\Debug\Obj\cbd.r43"
#        "C:\Users\dong\Desktop\MSP430
#        Code\kyber_768_ref\Debug\Obj\fips202.r43"
#        "C:\Users\dong\Desktop\MSP430 Code\kyber_768_ref\Debug\Obj\indcpa.r43"
#        "C:\Users\dong\Desktop\MSP430 Code\kyber_768_ref\Debug\Obj\kem.r43"
#        "C:\Users\dong\Desktop\MSP430 Code\kyber_768_ref\Debug\Obj\main.r43"
#        "C:\Users\dong\Desktop\MSP430
#        Code\kyber_768_ref\Debug\Obj\new_asm_sha3.r43"
#        "C:\Users\dong\Desktop\MSP430 Code\kyber_768_ref\Debug\Obj\ntt.r43"
#        "C:\Users\dong\Desktop\MSP430 Code\kyber_768_ref\Debug\Obj\poly.r43"
#        "C:\Users\dong\Desktop\MSP430
#        Code\kyber_768_ref\Debug\Obj\polyvec.r43"
#        "C:\Users\dong\Desktop\MSP430 Code\kyber_768_ref\Debug\Obj\reduce.r43"
#        "C:\Users\dong\Desktop\MSP430
#        Code\kyber_768_ref\Debug\Obj\symmetric-shake.r43"
#        "C:\Users\dong\Desktop\MSP430 Code\kyber_768_ref\Debug\Obj\verify.r43"
#        --output "C:\Users\dong\Desktop\MSP430
#        Code\kyber_768_ref\Debug\Exe\kyber_768_ref.d43" -l
#        "C:\Users\dong\Desktop\MSP430
#        Code\kyber_768_ref\Debug\List\kyber_768_ref.map" -xams "-IC:\Program
#        Files\IAR Systems\Embedded Workbench 9.1\430\LIB\\" --f "C:\Program
#        Files\IAR Systems\Embedded Workbench
#        9.1\430\config\linker\lnk430f67791.xcl" (-cmsp430 -QCODE_I=CODE_ID
#        -QTLS16_I=TLS16_ID -D__iar_HWMUL=4C0 "-Z(CONST)INFO=1800-19FF"
#        "-Z(CONST)INFOA=1980-19FF" "-Z(CONST)INFOB=1900-197F"
#        "-Z(CONST)INFOC=1880-18FF" "-Z(CONST)INFOD=1800-187F"
#        "-Z(DATA)DATA16_I,DATA16_Z,DATA16_N,TLS16_I=1C00-9BFF"
#        "-Z(DATA)DATA16_HEAP+_DATA16_HEAP_SIZE" "-Z(DATA)CODE_I"
#        "-Z(DATA)DATA20_I,DATA20_Z,DATA20_N,DATA20_HEAP+_DATA20_HEAP_SIZE"
#        "-Z(DATA)CSTACK+_STACK_SIZE#"
#        "-Z(CONST)DATA16_C,DATA16_ID,TLS16_ID,DIFUNCT,CHECKSUM=C000-FF7F"
#        "-Z(CODE)CSTART,ISR_CODE,CODE16=C000-FF7F"
#        "-P(CODE)CODE=C000-FF7F,10000-8BFF7"
#        "-Z(CONST)DATA20_C,DATA20_ID,CODE_ID=C000-FF7F,10040-8BFF7"
#        "-Z(CODE)INTVEC=FF80-FFFF" "-Z(CODE)RESET=FFFE-FFFF") -f "C:\Program
#        Files\IAR Systems\Embedded Workbench
#        9.1\430\config\linker\multiplier32.xcl" (-e?Mul8Hw=?Mul8
#        -e?Mul16Hw=?Mul16 -e?Mul16to32uHw=?Mul16to32u
#        -e?Mul16to32sHw=?Mul16to32s -e?Mul32Hw32=?Mul32 -e?Mul64Hw32=_Mul64i
#        -e?Mul32u32uto64iHw32=_Mul32u32uto64i -e?Mul32fHw32=_Mul32f
#        -e_Mul64fHw32Ptr=_Mul64fPtr) -D_STACK_SIZE=6D60 -rt "C:\Program
#        Files\IAR Systems\Embedded Workbench 9.1\430\lib\dlib\dl430xlsfn.r43"
#        -e_PrintfLarge=_Printf -e_ScanfLarge=_Scanf -D_DATA16_HEAP_SIZE=7D0
#        --entry __program_start -D_DATA20_HEAP_SIZE=50 --enable_stack_usage
#        --text_out locale)
#
###############################################################################






                ****************************************
                *                                      *
                *            PROGRAM ENTRY             *
                *                                      *
                ****************************************

  ADDRESS  SPACE  TYPE         MODULE
  -------  -----  ----         ------
   0xC1EE         Relocatable  ?cstart




                ****************************************
                *                                      *
                *            RUNTIME MODEL             *
                *                                      *
                ****************************************

  ATTRIBUTE                   VALUE
  ---------                   -----
  __Heap_Handler              Basic
  __SystemLibrary             DLib
  __code_model                large
  __core                      430X
  __data_model                small
  __dlib_file_descriptor      0
  __dlib_full_locale_support  0
  __double_size               32
  __pic                       no
  __reg_r4                    free
  __reg_r5                    free
  __rt_version                3


                ****************************************
                *                                      *
                *    AUTOMATIC SYMBOL REDIRECTIONS     *
                *                                      *
                ****************************************

                   There are no automatic symbol redirections.



                ****************************************
                *                                      *
                *              ENTRY LIST              *
                *                                      *
                ****************************************

ENTRY                           SPACE  ADDRESS     KIND  TYPE  MODULE
-----                           -----  -------     ----  ----  ------
__MSP430F6745__                            0x0000  Loc         asm_basemul_kyber
__MSP430F6745__                            0x0000  Loc         asm_INTT_Kyber
__MSP430F6745__                            0x0000  Loc         asm_NTT_Kyber
__MSP430F6745__                            0x0000  Loc         asm_reduce_kyber
__MSP430F6745__                            0x0000  Loc         asm_keccak1600 [0]
_DATA20_HEAP_SIZE                          0x0050  Pub         ?ABS_ENTRY_MOD [1]
__iar_HWMUL                                0x04C0  Pub         ?ABS_ENTRY_MOD [1]
_DATA16_HEAP_SIZE                          0x07D0  Pub         ?ABS_ENTRY_MOD [1]
__data16_Aldata                            0x1C02  Pub   Data  ?xxmemxmalloc [2]
_STACK_SIZE                                0x6D60  Pub         ?ABS_ENTRY_MOD [1]
KeccakF_RoundConstants                     0xC000  Loc   Data  fips202
PQCLEAN_KYBER768_CLEAN_zetas               0xC0C0  Pub   Data  ntt
__program_start                            0xC1EE  Pub         ?cstart [2]
?cstart_begin                              0xC1EE  Pub         ?cstart [2]
?cstart_init_zero                          0xC1F2  Pub         ?cstart [2]
?cstart_call_main                          0xC1FE  Pub         ?cstart [2]
KeccakF1600_StatePermute                   0xC206  Loc   Code  fips202
?cstart_end                                0xC206  Pub         ?cstart [2]
LoadInt                                    0xE4CE  Loc   Code  ?xprintflarge [2]
_GenldLarge                                0xE560  Loc   Code  ?xprintflarge [2]
scale                                      0xE7DA  Loc   Code  ?xprintflarge [2]
_LdtobLarge                                0xE81C  Loc   Code  ?xprintflarge [2]
_LitobLarge                                0xEA5A  Loc   Code  ?xprintflarge [2]
_PrintfLarge                               0xEC1C  Pub   Code  ?xprintflarge [2]
asm_poly_basemul                           0xF0B4  Pub         asm_basemul_kyber
round1                                     0xF0CA  Loc         asm_basemul_kyber
round2                                     0xF16E  Loc         asm_basemul_kyber
asm_basemul                                0xF236  Pub         asm_basemul_kyber
keccak_absorb                              0xF3A4  Loc   Code  fips202
keccak_squeezeblocks                       0xF66E  Loc   Code  fips202
?Subroutine6                               0xF716  Loc         fips202
shake128_absorb                            0xF71E  Pub   Code  fips202
?Subroutine3                               0xF744  Loc         fips202
shake128_squeezeblocks                     0xF754  Pub   Code  fips202
?Subroutine9                               0xF75A  Loc         fips202
shake128_ctx_release                       0xF768  Pub   Code  fips202
?Subroutine8                               0xF76A  Loc         fips202
?Subroutine7                               0xF770  Loc         fips202
shake256                                   0xF778  Pub   Code  fips202
sha3_256                                   0xF83E  Pub   Code  fips202
sha3_512                                   0xF89E  Pub   Code  fips202
PQCLEAN_KYBER768_CLEAN_polyvec_compress
                                           0xF8FE  Pub   Code  polyvec
PQCLEAN_KYBER768_CLEAN_gen_matrix
                                           0xFB66  Pub   Code  indcpa
PQCLEAN_KYBER768_CLEAN_indcpa_enc
                                           0xFD2C  Pub   Code  indcpa
PQCLEAN_KYBER768_CLEAN_poly_compress
                                           0xFE96  Pub   Code  poly
memcpy                                     0xFF6E  Pub   Code  ?memcpy [2]
?reset_vector                              0xFFFE  Pub         ?reset_vector [2]
asm_keccak1600                         0x00010000  Pub         asm_keccak1600 [0]
asm_invntt_merging                     0x00023BB4  Pub         asm_INTT_Kyber
layer7_merge3                          0x00023BC4  Loc         asm_INTT_Kyber
layer5_merge2                          0x00029918  Loc         asm_INTT_Kyber
layer3_merge2                          0x0002CD5E  Loc         asm_INTT_Kyber
last_fqmul                             0x0002CE6C  Loc         asm_INTT_Kyber
asm_ntt_merging                        0x0002CEAE  Pub         asm_NTT_Kyber
layer1_2merge                          0x0002CED8  Loc         asm_NTT_Kyber
layer3_2merge_1                        0x0002CFB4  Loc         asm_NTT_Kyber
layer3_2merge_2                        0x0002D090  Loc         asm_NTT_Kyber
layer3_2merge_3                        0x0002D16C  Loc         asm_NTT_Kyber
layer3_2merge_4                        0x0002D248  Loc         asm_NTT_Kyber
layer5_3merge                          0x0002D314  Loc         asm_NTT_Kyber
_Sub32f                                0x00032262  Pub         _Add32f [2]
_Add32f                                0x00032266  Pub         _Add32f [2]
PQCLEAN_KYBER768_CLEAN_polyvec_decompress
                                       0x000323C6  Pub   Code  polyvec
PQCLEAN_KYBER768_CLEAN_indcpa_keypair
                                       0x00032516  Pub   Code  indcpa
_Div32f                                0x0003265E  Pub         _Div32f [2]
?Mul32fHw32                            0x0003278E  Pub         ?Mul32fHw32 [2]
asm_poly_tomont                        0x000328A4  Pub         asm_reduce_kyber
loop_mont                              0x000328C6  Loc         asm_reduce_kyber
asm_poly_barrett                       0x00032908  Pub         asm_reduce_kyber
loop_barrett                           0x0003292C  Loc         asm_reduce_kyber
asm_NTT_poly_barrett                   0x00032968  Pub         asm_reduce_kyber
loop_barrett_NTT                       0x00032986  Loc         asm_reduce_kyber
PQCLEAN_KYBER768_CLEAN_invntt          0x000329B6  Pub   Code  ntt
PQCLEAN_KYBER768_CLEAN_basemul         0x00032A74  Pub   Code  ntt
PQCLEAN_KYBER768_CLEAN_poly_frommsg
                                       0x00032B32  Pub   Code  poly
PQCLEAN_KYBER768_CLEAN_crypto_kem_dec
                                       0x00032BEA  Pub   Code  kem
PQCLEAN_KYBER768_CLEAN_poly_ntt
                                       0x00032C94  Pub   Code  poly
?Subroutine0                           0x00032C9E  Loc         poly
PQCLEAN_KYBER768_CLEAN_poly_invntt_tomont
                                       0x00032CB6  Pub   Code  poly
PQCLEAN_KYBER768_CLEAN_poly_basemul_montgomery
                                       0x00032CBA  Pub   Code  poly
PQCLEAN_KYBER768_CLEAN_poly_tomont
                                       0x00032CFC  Pub   Code  poly
PQCLEAN_KYBER768_CLEAN_poly_reduce
                                       0x00032D34  Pub   Code  poly
PQCLEAN_KYBER768_CLEAN_poly_cbd_eta1
                                       0x00032D3E  Pub   Code  cbd
?Subroutine0                           0x00032D3E  Loc         cbd
PQCLEAN_KYBER768_CLEAN_poly_cbd_eta2
                                       0x00032DE0  Pub   Code  cbd
_Div64u                                0x00032DE4  Pub   Code  ?div64i [2]
main                                   0x00032E86  Pub   Code  main
PQCLEAN_KYBER768_CLEAN_crypto_kem_enc
                                       0x00032F16  Pub   Code  kem
__data16_free                          0x00032FA6  Pub   Code  ?xxmemxfree [2]
_Cast32uto32f                          0x0003302C  Pub         ?Cast32f32i [2]
PQCLEAN_KYBER768_CLEAN_ntt             0x000330AA  Pub   Code  ntt
PQCLEAN_KYBER768_CLEAN_indcpa_dec
                                       0x00033124  Pub   Code  indcpa
PQCLEAN_KYBER768_CLEAN_poly_tomsg
                                       0x00033196  Pub   Code  poly
__data16_malloc                        0x00033204  Pub   Code  ?xxmemxmalloc [2]
PQCLEAN_KYBER768_CLEAN_verify          0x00033272  Pub   Code  verify
PQCLEAN_KYBER768_CLEAN_crypto_kem_keypair
                                       0x000332DC  Pub   Code  kem
__data16_findmem                       0x00033346  Loc   Code  ?xxmemxmalloc [2]
PQCLEAN_KYBER768_CLEAN_barrett_reduce
                                       0x000333AA  Pub   Code  reduce
PQCLEAN_KYBER768_CLEAN_poly_frombytes
                                       0x0003340A  Pub   Code  poly
PQCLEAN_KYBER768_CLEAN_kyber_shake128_absorb
                                       0x0003346A  Pub   Code  symmetric-shake
?Subroutine0                           0x00033494  Loc         symmetric-shake
PQCLEAN_KYBER768_CLEAN_kyber_shake256_prf
                                       0x0003349C  Pub   Code  symmetric-shake
PQCLEAN_KYBER768_CLEAN_cmov            0x000334CA  Pub   Code  verify
?ShiftRight32u                         0x00033528  Pub         ?ShiftRight32u [2]
?ShiftRight32u_7                       0x00033568  Pub         ?ShiftRight32u [2]
?ShiftRight32u_6                       0x0003356C  Pub         ?ShiftRight32u [2]
?ShiftRight32u_5                       0x00033570  Pub         ?ShiftRight32u [2]
?ShiftRight32u_4                       0x00033574  Pub         ?ShiftRight32u [2]
?ShiftRight32u_3                       0x00033578  Pub         ?ShiftRight32u [2]
?ShiftRight32u_2                       0x0003357C  Pub         ?ShiftRight32u [2]
PQCLEAN_KYBER768_CLEAN_polyvec_basemul_acc_montgomery
                                       0x00033586  Pub   Code  polyvec
?FLT_LT                                0x000335DC  Pub         ?FLT_LT [2]
?FLT_Extract                           0x0003362E  Pub         ?FLT_Extract [2]
PQCLEAN_KYBER768_CLEAN_poly_tobytes
                                       0x0003367A  Pub   Code  poly
PQCLEAN_KYBER768_CLEAN_poly_getnoise_eta1
                                       0x000336C4  Pub   Code  poly
?Subroutine1                           0x000336E2  Loc         poly
PQCLEAN_KYBER768_CLEAN_poly_getnoise_eta2
                                       0x000336EA  Pub   Code  poly
__iar_Dunscale                         0x0003370C  Pub   Code  ?xdunscal [2]
PQCLEAN_KYBER768_CLEAN_poly_decompress
                                       0x00033752  Pub   Code  poly
?DivMod32s                             0x00033798  Pub         ?DivMod32s [2]
PQCLEAN_KYBER768_CLEAN_polyvec_add
                                       0x00033816  Pub   Code  polyvec
?ShiftLeft64_7                         0x00033852  Pub         ?ShiftLeft64_n [2]
?ShiftLeft64_6                         0x0003385A  Pub         ?ShiftLeft64_n [2]
?ShiftLeft64_5                         0x00033862  Pub         ?ShiftLeft64_n [2]
?ShiftLeft64_4                         0x0003386A  Pub         ?ShiftLeft64_n [2]
?ShiftLeft64_3                         0x00033872  Pub         ?ShiftLeft64_n [2]
?ShiftRight64u_7                       0x0003388C  Pub         ?ShiftRight64u_n [2]
?ShiftRight64u_6                       0x00033894  Pub         ?ShiftRight64u_n [2]
?ShiftRight64u_5                       0x0003389C  Pub         ?ShiftRight64u_n [2]
?ShiftRight64u_4                       0x000338A4  Pub         ?ShiftRight64u_n [2]
?ShiftRight64u_3                       0x000338AC  Pub         ?ShiftRight64u_n [2]
?ShiftRight64u_2                       0x000338B4  Pub         ?ShiftRight64u_n [2]
PQCLEAN_KYBER768_CLEAN_montgomery_reduce
                                       0x000338C6  Pub   Code  reduce
pad                                    0x000338FE  Loc   Code  ?xprintflarge [2]
PQCLEAN_KYBER768_CLEAN_poly_add
                                       0x00033934  Pub   Code  poly
PQCLEAN_KYBER768_CLEAN_poly_sub
                                       0x00033966  Pub   Code  poly
?DivMod16s                             0x00033998  Pub         ?DivMod816s [2]
?DivMod32u                             0x000339C8  Pub         ?DivMod32u [2]
PQCLEAN_KYBER768_CLEAN_polyvec_tobytes
                                       0x000339F8  Pub   Code  polyvec
PQCLEAN_KYBER768_CLEAN_polyvec_frombytes
                                       0x00033A26  Pub   Code  polyvec
_PutcharsLarge                         0x00033A54  Loc   Code  ?xprintflarge [2]
putchar                                0x00033A80  Pub   Code  ?putchar [2]
_PutcharLarge                          0x00033AA8  Loc   Code  ?xprintflarge [2]
printf                                 0x00033AD0  Pub   Code  ?printf [2]
__dwrite                               0x00033AF6  Pub   Code  ?__dwrite [2]
?Mul8Hw                                0x00033B3C  Pub         ?Mul8Hw [2]
?Mul16Hw                               0x00033B40  Pub         ?Mul8Hw [2]
?Mul16to32uHw                          0x00033B40  Pub         ?Mul8Hw [2]
PQCLEAN_KYBER768_CLEAN_polyvec_reduce
                                       0x00033B5C  Pub   Code  polyvec
PQCLEAN_KYBER768_CLEAN_polyvec_invntt_tomont
                                       0x00033B7C  Pub   Code  polyvec
PQCLEAN_KYBER768_CLEAN_polyvec_ntt
                                       0x00033B9C  Pub   Code  polyvec
__data16_GetMemChunk                   0x00033BBC  Pub   Code  ?xgetmemchunk [2]
?ShiftLeft32_7                         0x00033BDA  Pub         ?ShiftLeft32 [2]
?ShiftLeft32_6                         0x00033BDE  Pub         ?ShiftLeft32 [2]
?ShiftLeft32_5                         0x00033BE2  Pub         ?ShiftLeft32 [2]
?ShiftLeft32_4                         0x00033BE6  Pub         ?ShiftLeft32 [2]
?ShiftLeft32_3                         0x00033BEA  Pub         ?ShiftLeft32 [2]
?Mul16to32sHw                          0x00033BF8  Pub         ?Mul16to32sHw [2]
?DivMod16u                             0x00033C2E  Pub         ?DivMod816u [2]
_Prout                                 0x00033C46  Pub   Code  ?xprout [2]
div                                    0x00033C5E  Pub   Code  ?div [2]
__iar_Memchr                           0x00033C74  Pub   Code  ?memchr [2]
__exit                                 0x00033C88  Pub   Code  ?__exit [2]
strlen                                 0x00033C9C  Pub   Code  ?strlen [2]
__data16_memzero                       0x00033CC0  Pub   Code  ?memzero [2]
__iar_Strchr                           0x00033CD0  Pub   Code  ?strchr [2]
_Cast32fto32u                          0x00033CEC  Pub         _Cast32fto32u [2]
__write                                0x00033CF8  Pub   Code  ?__write [2]
?ShiftRight16s_3                       0x00033D0E  Pub         ?ShiftRight16s_n [2]
?IndCallR11                            0x00033D16  Pub         ?IndCallR11 [2]
exit                                   0x00033D1A  Pub   Code  ?exit [2]
_exit                                  0x00033D1E  Pub   Code  ?_exit [2]
__DebugBreak                           0x00033D22  Pub   Code  ?__dbg_break [2]

[0] = C:\Users\dong\Desktop\MSP430 Code\kyber_768_ref\Debug\Obj\new_asm_sha3.r43
[1] = Command line (linker generated)
[2] = C:\Program Files\IAR Systems\Embedded Workbench 9.1\430\lib\dlib\dl430xlsfn.r43


                ****************************************
                *                                      *
                *              MODULE MAP              *
                *                                      *
                ****************************************

Linker generated:
  Module: ?FILLER_BYTES
**************************************************************
Linker generated:
  Module: ?ABS_ENTRY_MOD

      Absolute module symbols:
        _DATA20_HEAP_SIZE  0x0050  Pub
        _DATA16_HEAP_SIZE  0x07D0  Pub
        _STACK_SIZE        0x6D60  Pub
        __iar_HWMUL        0x04C0  Pub
**************************************************************
File: C:\Users\dong\Desktop\MSP430 Code\kyber_768_ref\Debug\Obj\asm_basemul_kyber.r43
  Module: asm_basemul_kyber
       Segment part 0, <CODE> 1 [root]
                      (was CODE)
       Address:  0xF0B4 Size: 0x182 Align: 2(1)
      asm_poly_basemul     0xF0B4  Pub
      round1               0xF0CA  Loc
      round2               0xF16E  Loc
    --------------------------------------------------
       Segment part 1, <CODE> 1 [root]
                      (was CODE)
       Address:  0xF236 Size: 0x16E Align: 2(1)
      asm_basemul          0xF236  Pub

      Absolute module symbols:
        __MSP430F6745__  0x0000  Loc
**************************************************************
File: C:\Users\dong\Desktop\MSP430 Code\kyber_768_ref\Debug\Obj\asm_INTT_Kyber.r43
  Module: asm_INTT_Kyber
       Segment part 0, <CODE> 2 [root]
                      (was CODE)
       Address:  0x00023BB4 Size: 0x92FA Align: 2(1)
      asm_invntt_merging   0x00023BB4  Pub
      layer7_merge3        0x00023BC4  Loc
      layer5_merge2        0x00029918  Loc
      layer3_merge2        0x0002CD5E  Loc
      last_fqmul           0x0002CE6C  Loc

      Absolute module symbols:
        __MSP430F6745__  0x0000  Loc
**************************************************************
File: C:\Users\dong\Desktop\MSP430 Code\kyber_768_ref\Debug\Obj\asm_NTT_Kyber.r43
  Module: asm_NTT_Kyber
       Segment part 0, <CODE> 2 [root]
                      (was CODE)
       Address:  0x0002CEAE Size: 0x53B4 Align: 2(1)
      asm_ntt_merging      0x0002CEAE  Pub
      layer1_2merge        0x0002CED8  Loc
      layer3_2merge_1      0x0002CFB4  Loc
      layer3_2merge_2      0x0002D090  Loc
      layer3_2merge_3      0x0002D16C  Loc
      layer3_2merge_4      0x0002D248  Loc
      layer5_3merge        0x0002D314  Loc

      Absolute module symbols:
        __MSP430F6745__  0x0000  Loc
**************************************************************
File: C:\Users\dong\Desktop\MSP430 Code\kyber_768_ref\Debug\Obj\asm_reduce_kyber.r43
  Module: asm_reduce_kyber
       Segment part 0, <CODE> 2 [root]
                      (was CODE)
       Address:  0x000328A4 Size: 0x64 Align: 2(1)
      asm_poly_tomont      0x000328A4  Pub
      loop_mont            0x000328C6  Loc
    --------------------------------------------------
       Segment part 1, <CODE> 2 [root]
                      (was CODE)
       Address:  0x00032908 Size: 0x60 Align: 2(1)
      asm_poly_barrett     0x00032908  Pub
      loop_barrett         0x0003292C  Loc
    --------------------------------------------------
       Segment part 2, <CODE> 2 [root]
                      (was CODE)
       Address:  0x00032968 Size: 0x4E Align: 2(1)
      asm_NTT_poly_barrett  0x00032968  Pub
      loop_barrett_NTT      0x00032986  Loc

      Absolute module symbols:
        __MSP430F6745__  0x0000  Loc
**************************************************************
File: C:\Users\dong\Desktop\MSP430 Code\kyber_768_ref\Debug\Obj\cbd.r43
  Module: cbd
       Segment part 2, <CODE> 2
                      (was CODE)
       Address:  0x00032D3E Size: 0x0 Align: 2(1)
      PQCLEAN_KYBER768_CLEAN_poly_cbd_eta1  0x00032D3E  Pub  Ref by:   PQCLEAN_KYBER768_CLEAN_poly_getnoise_eta1 (poly)
    --------------------------------------------------
       Segment part 3, <CODE> 2
                      (was CODE)
       Address:  0x00032D3E Size: 0xA2 Align: 2(1)
       Ref by:   PQCLEAN_KYBER768_CLEAN_poly_cbd_eta2
                 PQCLEAN_KYBER768_CLEAN_poly_cbd_eta1
      ?Subroutine0         0x00032D3E  Loc
    --------------------------------------------------
       Segment part 4, <CODE> 2
                      (was CODE)
       Address:  0x00032DE0 Size: 0x4 Align: 2(1)
      PQCLEAN_KYBER768_CLEAN_poly_cbd_eta2  0x00032DE0  Pub  Ref by:   PQCLEAN_KYBER768_CLEAN_poly_getnoise_eta2 (poly)

      Absolute module symbols:
        cbd2                 0x0000  Pub
        load32_littleendian  0x0000  Pub
**************************************************************
File: C:\Users\dong\Desktop\MSP430 Code\kyber_768_ref\Debug\Obj\fips202.r43
  Module: fips202
       Segment part 2, DATA16_C
       Address:  0xC000 Size: 0xC0 Align: 2(1)
       Ref by:   KeccakF1600_StatePermute
      KeccakF_RoundConstants  0xC000  Loc
    --------------------------------------------------
       Segment part 3, <CODE> 1
                      (was CODE)
       Address:  0xC206 Size: 0x22C8 Align: 2(1)
       Ref by:   keccak_squeezeblocks
                 keccak_absorb
      KeccakF1600_StatePermute  0xC206  Loc
    --------------------------------------------------
       Segment part 4, <CODE> 1
                      (was CODE)
       Address:  0xF3A4 Size: 0x2CA Align: 2(1)
       Ref by:   sha3_512
                 sha3_256
                 shake256
                 ?Subroutine3
      keccak_absorb        0xF3A4  Loc
    --------------------------------------------------
       Segment part 5, <CODE> 1
                      (was CODE)
       Address:  0xF66E Size: 0xA8 Align: 2(1)
       Ref by:   sha3_512
                 sha3_256
                 shake256
                 ?Subroutine9
      keccak_squeezeblocks  0xF66E  Loc
    --------------------------------------------------
       Segment part 6, <CODE> 1
                      (was CODE)
       Address:  0xF716 Size: 0x8 Align: 2(1)
       Ref by:   keccak_squeezeblocks
      ?Subroutine6         0xF716  Loc
    --------------------------------------------------
       Segment part 24, <CODE> 1
                      (was CODE)
       Address:  0xF71E Size: 0x26 Align: 2(1)
      shake128_absorb      0xF71E  Pub  Ref by:   PQCLEAN_KYBER768_CLEAN_kyber_shake128_absorb (symmetric-shake)
    --------------------------------------------------
       Segment part 25, <CODE> 1
                      (was CODE)
       Address:  0xF744 Size: 0x10 Align: 2(1)
       Ref by:   shake128_absorb
      ?Subroutine3         0xF744  Loc
    --------------------------------------------------
       Segment part 26, <CODE> 1
                      (was CODE)
       Address:  0xF754 Size: 0x6 Align: 2(1)
      shake128_squeezeblocks  0xF754  Pub  Ref by:   PQCLEAN_KYBER768_CLEAN_gen_matrix (indcpa)
    --------------------------------------------------
       Segment part 27, <CODE> 1
                      (was CODE)
       Address:  0xF75A Size: 0x8 Align: 2(1)
       Ref by:   shake128_squeezeblocks
      ?Subroutine9         0xF75A  Loc
    --------------------------------------------------
       Segment part 29, <CODE> 1
                      (was CODE)
       Address:  0xF762 Size: 0x6 Align: 2(1)
       Ref by:   ?Subroutine9
    --------------------------------------------------
       Segment part 32, <CODE> 1
                      (was CODE)
       Address:  0xF768 Size: 0x2 Align: 2(1)
      shake128_ctx_release  0xF768  Pub  Ref by:   PQCLEAN_KYBER768_CLEAN_gen_matrix (indcpa)
    --------------------------------------------------
       Segment part 37, <CODE> 1
                      (was CODE)
       Address:  0xF76A Size: 0x6 Align: 2(1)
       Ref by:   shake128_ctx_release
      ?Subroutine8         0xF76A  Loc
    --------------------------------------------------
       Segment part 39, <CODE> 1
                      (was CODE)
       Address:  0xF770 Size: 0x8 Align: 2(1)
       Ref by:   shake256
                 shake128_absorb
      ?Subroutine7         0xF770  Loc
    --------------------------------------------------
       Segment part 40, <CODE> 1
                      (was CODE)
       Address:  0xF778 Size: 0xC6 Align: 2(1)
      shake256             0xF778  Pub  Ref by:   PQCLEAN_KYBER768_CLEAN_kyber_shake256_prf (symmetric-shake)
                                                  PQCLEAN_KYBER768_CLEAN_crypto_kem_dec (kem)
                                                  PQCLEAN_KYBER768_CLEAN_crypto_kem_enc (kem)
    --------------------------------------------------
       Segment part 47, <CODE> 1
                      (was CODE)
       Address:  0xF83E Size: 0x60 Align: 2(1)
      sha3_256             0xF83E  Pub  Ref by:   PQCLEAN_KYBER768_CLEAN_crypto_kem_dec (kem)
                                                  PQCLEAN_KYBER768_CLEAN_crypto_kem_enc (kem)
                                                  PQCLEAN_KYBER768_CLEAN_crypto_kem_keypair (kem)
    --------------------------------------------------
       Segment part 61, <CODE> 1
                      (was CODE)
       Address:  0xF89E Size: 0x60 Align: 2(1)
      sha3_512             0xF89E  Pub  Ref by:   PQCLEAN_KYBER768_CLEAN_crypto_kem_dec (kem)
                                                  PQCLEAN_KYBER768_CLEAN_crypto_kem_enc (kem)
                                                  PQCLEAN_KYBER768_CLEAN_indcpa_keypair (indcpa)

      Absolute module symbols:
        store64              0x0000  Pub
        keccak_inc_init      0x0000  Pub
        keccak_inc_finalize  0x0000  Pub
        free                 0x0000  Pub
        malloc               0x0000  Pub
**************************************************************
File: C:\Users\dong\Desktop\MSP430 Code\kyber_768_ref\Debug\Obj\indcpa.r43
  Module: indcpa
       Segment part 2, <CODE> 1
                      (was CODE)
       Address:  0xFB66 Size: 0x1C6 Align: 2(1)
       Ref by:   PQCLEAN_KYBER768_CLEAN_indcpa_enc
                 PQCLEAN_KYBER768_CLEAN_indcpa_keypair
      PQCLEAN_KYBER768_CLEAN_gen_matrix  0xFB66  Pub
    --------------------------------------------------
       Segment part 3, <CODE> 2
                      (was CODE)
       Address:  0x00032516 Size: 0x148 Align: 2(1)
      PQCLEAN_KYBER768_CLEAN_indcpa_keypair  0x00032516  Pub  Ref by:   PQCLEAN_KYBER768_CLEAN_crypto_kem_keypair (kem)
    --------------------------------------------------
       Segment part 4, <CODE> 1
                      (was CODE)
       Address:  0xFD2C Size: 0x16A Align: 2(1)
      PQCLEAN_KYBER768_CLEAN_indcpa_enc  0xFD2C  Pub  Ref by:   PQCLEAN_KYBER768_CLEAN_crypto_kem_dec (kem)
                                                                PQCLEAN_KYBER768_CLEAN_crypto_kem_enc (kem)
    --------------------------------------------------
       Segment part 5, <CODE> 2
                      (was CODE)
       Address:  0x00033124 Size: 0x72 Align: 2(1)
      PQCLEAN_KYBER768_CLEAN_indcpa_dec  0x00033124  Pub  Ref by:   PQCLEAN_KYBER768_CLEAN_crypto_kem_dec (kem)

      Absolute module symbols:
        rej_uniform        0x0000  Pub
        pack_sk            0x0000  Pub
        pack_pk            0x0000  Pub
        unpack_pk          0x0000  Pub
        pack_ciphertext    0x0000  Pub
        unpack_ciphertext  0x0000  Pub
        unpack_sk          0x0000  Pub
**************************************************************
File: C:\Users\dong\Desktop\MSP430 Code\kyber_768_ref\Debug\Obj\kem.r43
  Module: kem
       Segment part 2, <CODE> 2
                      (was CODE)
       Address:  0x000332DC Size: 0x6A Align: 2(1)
      PQCLEAN_KYBER768_CLEAN_crypto_kem_keypair
                                                0x000332DC  Pub  Ref by:   main (main)
    --------------------------------------------------
       Segment part 3, <CODE> 2
                      (was CODE)
       Address:  0x00032F16 Size: 0x90 Align: 2(1)
      PQCLEAN_KYBER768_CLEAN_crypto_kem_enc  0x00032F16  Pub  Ref by:   main (main)
    --------------------------------------------------
       Segment part 4, <CODE> 2
                      (was CODE)
       Address:  0x00032BEA Size: 0xAA Align: 2(1)
      PQCLEAN_KYBER768_CLEAN_crypto_kem_dec  0x00032BEA  Pub  Ref by:   main (main)
**************************************************************
File: C:\Users\dong\Desktop\MSP430 Code\kyber_768_ref\Debug\Obj\main.r43
  Module: main
       Segment part 5, <CODE> 2
                      (was CODE)
       Address:  0x00032E86 Size: 0x90 Align: 2(1)
      main                 0x00032E86  Pub  Ref by:   Segment part 27 (?cstart)
    --------------------------------------------------
       Segment part 2, DATA16_C
       Address:  0xC1C0 Size: 0x7 Align: 1(0)
       Ref by:   main
    --------------------------------------------------
       Segment part 3, DATA16_C
       Address:  0xC1C7 Size: 0x6 Align: 1(0)
       Ref by:   main
    --------------------------------------------------
       Segment part 4, DATA16_C
       Address:  0xC1CD Size: 0x8 Align: 1(0)
       Ref by:   main
**************************************************************
File: C:\Users\dong\Desktop\MSP430 Code\kyber_768_ref\Debug\Obj\new_asm_sha3.r43
  Module: asm_keccak1600
       Segment part 0, <CODE> 2 [root]
                      (was CODE)
       Address:  0x00010000 Size: 0x13BB4 Align: 2(1)
      asm_keccak1600       0x00010000  Pub

      Absolute module symbols:
        __MSP430F6745__  0x0000  Loc
**************************************************************
File: C:\Users\dong\Desktop\MSP430 Code\kyber_768_ref\Debug\Obj\ntt.r43
  Module: ntt
       Segment part 2, DATA16_C
       Address:  0xC0C0 Size: 0x100 Align: 2(1)
       Ref by:   PQCLEAN_KYBER768_CLEAN_invntt
                 PQCLEAN_KYBER768_CLEAN_ntt
      PQCLEAN_KYBER768_CLEAN_zetas  0xC0C0  Pub  Ref by:   PQCLEAN_KYBER768_CLEAN_poly_basemul_montgomery (poly)
    --------------------------------------------------
       Segment part 3, <CODE> 2
                      (was CODE)
       Address:  0x000330AA Size: 0x7A Align: 2(1)
      PQCLEAN_KYBER768_CLEAN_ntt  0x000330AA  Pub  Ref by:   PQCLEAN_KYBER768_CLEAN_poly_ntt (poly)
    --------------------------------------------------
       Segment part 4, <CODE> 2
                      (was CODE)
       Address:  0x000329B6 Size: 0xBE Align: 2(1)
      PQCLEAN_KYBER768_CLEAN_invntt  0x000329B6  Pub  Ref by:   PQCLEAN_KYBER768_CLEAN_poly_invntt_tomont (poly)
    --------------------------------------------------
       Segment part 5, <CODE> 2
                      (was CODE)
       Address:  0x00032A74 Size: 0xBE Align: 2(1)
      PQCLEAN_KYBER768_CLEAN_basemul  0x00032A74  Pub  Ref by:   PQCLEAN_KYBER768_CLEAN_poly_basemul_montgomery (poly)

      Absolute module symbols:
        fqmul  0x0000           Pub
**************************************************************
File: C:\Users\dong\Desktop\MSP430 Code\kyber_768_ref\Debug\Obj\poly.r43
  Module: poly
       Segment part 2, <CODE> 1
                      (was CODE)
       Address:  0xFE96 Size: 0xD8 Align: 2(1)
      PQCLEAN_KYBER768_CLEAN_poly_compress  0xFE96  Pub  Ref by:   PQCLEAN_KYBER768_CLEAN_indcpa_enc (indcpa)
    --------------------------------------------------
       Segment part 3, <CODE> 2
                      (was CODE)
       Address:  0x00033752 Size: 0x46 Align: 2(1)
      PQCLEAN_KYBER768_CLEAN_poly_decompress  0x00033752  Pub  Ref by:   PQCLEAN_KYBER768_CLEAN_indcpa_dec (indcpa)
    --------------------------------------------------
       Segment part 4, <CODE> 2
                      (was CODE)
       Address:  0x0003367A Size: 0x4A Align: 2(1)
      PQCLEAN_KYBER768_CLEAN_poly_tobytes  0x0003367A  Pub  Ref by:   PQCLEAN_KYBER768_CLEAN_polyvec_tobytes (polyvec)
    --------------------------------------------------
       Segment part 5, <CODE> 2
                      (was CODE)
       Address:  0x0003340A Size: 0x60 Align: 2(1)
      PQCLEAN_KYBER768_CLEAN_poly_frombytes  0x0003340A  Pub  Ref by:   PQCLEAN_KYBER768_CLEAN_polyvec_frombytes (polyvec)
    --------------------------------------------------
       Segment part 6, <CODE> 2
                      (was CODE)
       Address:  0x00032B32 Size: 0xB8 Align: 2(1)
      PQCLEAN_KYBER768_CLEAN_poly_frommsg  0x00032B32  Pub  Ref by:   PQCLEAN_KYBER768_CLEAN_indcpa_enc (indcpa)
    --------------------------------------------------
       Segment part 7, <CODE> 2
                      (was CODE)
       Address:  0x00033196 Size: 0x6E Align: 2(1)
      PQCLEAN_KYBER768_CLEAN_poly_tomsg  0x00033196  Pub  Ref by:   PQCLEAN_KYBER768_CLEAN_indcpa_dec (indcpa)
    --------------------------------------------------
       Segment part 8, <CODE> 2
                      (was CODE)
       Address:  0x000336C4 Size: 0x1E Align: 2(1)
      PQCLEAN_KYBER768_CLEAN_poly_getnoise_eta1
                                                0x000336C4  Pub  Ref by:   PQCLEAN_KYBER768_CLEAN_indcpa_enc (indcpa)
                                                                           PQCLEAN_KYBER768_CLEAN_indcpa_keypair (indcpa)
    --------------------------------------------------
       Segment part 9, <CODE> 2
                      (was CODE)
       Address:  0x000336E2 Size: 0x8 Align: 2(1)
       Ref by:   PQCLEAN_KYBER768_CLEAN_poly_getnoise_eta2
                 PQCLEAN_KYBER768_CLEAN_poly_getnoise_eta1
      ?Subroutine1         0x000336E2  Loc
    --------------------------------------------------
       Segment part 10, <CODE> 2
                      (was CODE)
       Address:  0x000336EA Size: 0x22 Align: 2(1)
      PQCLEAN_KYBER768_CLEAN_poly_getnoise_eta2
                                                0x000336EA  Pub  Ref by:   PQCLEAN_KYBER768_CLEAN_indcpa_enc (indcpa)
    --------------------------------------------------
       Segment part 11, <CODE> 2
                      (was CODE)
       Address:  0x00032C94 Size: 0xA Align: 2(1)
      PQCLEAN_KYBER768_CLEAN_poly_ntt  0x00032C94  Pub  Ref by:   PQCLEAN_KYBER768_CLEAN_polyvec_ntt (polyvec)
    --------------------------------------------------
       Segment part 12, <CODE> 2
                      (was CODE)
       Address:  0x00032C9E Size: 0x18 Align: 2(1)
       Ref by:   PQCLEAN_KYBER768_CLEAN_poly_reduce
                 PQCLEAN_KYBER768_CLEAN_poly_ntt
      ?Subroutine0         0x00032C9E  Loc
    --------------------------------------------------
       Segment part 13, <CODE> 2
                      (was CODE)
       Address:  0x00032CB6 Size: 0x4 Align: 2(1)
      PQCLEAN_KYBER768_CLEAN_poly_invntt_tomont
                                                0x00032CB6  Pub  Ref by:   PQCLEAN_KYBER768_CLEAN_polyvec_invntt_tomont (polyvec)
                                                                           PQCLEAN_KYBER768_CLEAN_indcpa_dec (indcpa)
                                                                           PQCLEAN_KYBER768_CLEAN_indcpa_enc (indcpa)
    --------------------------------------------------
       Segment part 14, <CODE> 2
                      (was CODE)
       Address:  0x00032CBA Size: 0x42 Align: 2(1)
      PQCLEAN_KYBER768_CLEAN_poly_basemul_montgomery
                                                0x00032CBA  Pub  Ref by:   PQCLEAN_KYBER768_CLEAN_polyvec_basemul_acc_montgomery (polyvec)
    --------------------------------------------------
       Segment part 15, <CODE> 2
                      (was CODE)
       Address:  0x00032CFC Size: 0x38 Align: 2(1)
      PQCLEAN_KYBER768_CLEAN_poly_tomont  0x00032CFC  Pub  Ref by:   PQCLEAN_KYBER768_CLEAN_indcpa_keypair (indcpa)
    --------------------------------------------------
       Segment part 16, <CODE> 2
                      (was CODE)
       Address:  0x00032D34 Size: 0xA Align: 2(1)
      PQCLEAN_KYBER768_CLEAN_poly_reduce  0x00032D34  Pub  Ref by:   PQCLEAN_KYBER768_CLEAN_polyvec_reduce (polyvec)
                                                                     PQCLEAN_KYBER768_CLEAN_polyvec_basemul_acc_montgomery (polyvec)
                                                                     PQCLEAN_KYBER768_CLEAN_indcpa_dec (indcpa)
                                                                     PQCLEAN_KYBER768_CLEAN_indcpa_enc (indcpa)
    --------------------------------------------------
       Segment part 17, <CODE> 2
                      (was CODE)
       Address:  0x00033934 Size: 0x32 Align: 2(1)
      PQCLEAN_KYBER768_CLEAN_poly_add  0x00033934  Pub  Ref by:   PQCLEAN_KYBER768_CLEAN_polyvec_add (polyvec)
                                                                  PQCLEAN_KYBER768_CLEAN_polyvec_basemul_acc_montgomery (polyvec)
                                                                  PQCLEAN_KYBER768_CLEAN_indcpa_enc (indcpa)
    --------------------------------------------------
       Segment part 18, <CODE> 2
                      (was CODE)
       Address:  0x00033966 Size: 0x32 Align: 2(1)
      PQCLEAN_KYBER768_CLEAN_poly_sub  0x00033966  Pub  Ref by:   PQCLEAN_KYBER768_CLEAN_indcpa_dec (indcpa)
**************************************************************
File: C:\Users\dong\Desktop\MSP430 Code\kyber_768_ref\Debug\Obj\polyvec.r43
  Module: polyvec
       Segment part 2, <CODE> 1
                      (was CODE)
       Address:  0xF8FE Size: 0x268 Align: 2(1)
      PQCLEAN_KYBER768_CLEAN_polyvec_compress  0xF8FE  Pub  Ref by:   PQCLEAN_KYBER768_CLEAN_indcpa_enc (indcpa)
    --------------------------------------------------
       Segment part 3, <CODE> 2
                      (was CODE)
       Address:  0x000323C6 Size: 0x150 Align: 2(1)
      PQCLEAN_KYBER768_CLEAN_polyvec_decompress
                                                0x000323C6  Pub  Ref by:   PQCLEAN_KYBER768_CLEAN_indcpa_dec (indcpa)
    --------------------------------------------------
       Segment part 4, <CODE> 2
                      (was CODE)
       Address:  0x000339F8 Size: 0x2E Align: 2(1)
      PQCLEAN_KYBER768_CLEAN_polyvec_tobytes  0x000339F8  Pub  Ref by:   PQCLEAN_KYBER768_CLEAN_indcpa_keypair (indcpa)
    --------------------------------------------------
       Segment part 5, <CODE> 2
                      (was CODE)
       Address:  0x00033A26 Size: 0x2E Align: 2(1)
      PQCLEAN_KYBER768_CLEAN_polyvec_frombytes  0x00033A26  Pub  Ref by:   PQCLEAN_KYBER768_CLEAN_indcpa_dec (indcpa)
                                                                           PQCLEAN_KYBER768_CLEAN_indcpa_enc (indcpa)
    --------------------------------------------------
       Segment part 6, <CODE> 2
                      (was CODE)
       Address:  0x00033B9C Size: 0x20 Align: 2(1)
      PQCLEAN_KYBER768_CLEAN_polyvec_ntt  0x00033B9C  Pub  Ref by:   PQCLEAN_KYBER768_CLEAN_indcpa_dec (indcpa)
                                                                     PQCLEAN_KYBER768_CLEAN_indcpa_enc (indcpa)
                                                                     PQCLEAN_KYBER768_CLEAN_indcpa_keypair (indcpa)
    --------------------------------------------------
       Segment part 7, <CODE> 2
                      (was CODE)
       Address:  0x00033B7C Size: 0x20 Align: 2(1)
      PQCLEAN_KYBER768_CLEAN_polyvec_invntt_tomont
                                                0x00033B7C  Pub  Ref by:   PQCLEAN_KYBER768_CLEAN_indcpa_enc (indcpa)
    --------------------------------------------------
       Segment part 8, <CODE> 2
                      (was CODE)
       Address:  0x00033586 Size: 0x56 Align: 2(1)
      PQCLEAN_KYBER768_CLEAN_polyvec_basemul_acc_montgomery
                                                0x00033586  Pub  Ref by:   PQCLEAN_KYBER768_CLEAN_indcpa_dec (indcpa)
                                                                           PQCLEAN_KYBER768_CLEAN_indcpa_enc (indcpa)
                                                                           PQCLEAN_KYBER768_CLEAN_indcpa_keypair (indcpa)
    --------------------------------------------------
       Segment part 9, <CODE> 2
                      (was CODE)
       Address:  0x00033B5C Size: 0x20 Align: 2(1)
      PQCLEAN_KYBER768_CLEAN_polyvec_reduce  0x00033B5C  Pub  Ref by:   PQCLEAN_KYBER768_CLEAN_indcpa_enc (indcpa)
                                                                        PQCLEAN_KYBER768_CLEAN_indcpa_keypair (indcpa)
    --------------------------------------------------
       Segment part 10, <CODE> 2
                      (was CODE)
       Address:  0x00033816 Size: 0x3C Align: 2(1)
      PQCLEAN_KYBER768_CLEAN_polyvec_add  0x00033816  Pub  Ref by:   PQCLEAN_KYBER768_CLEAN_indcpa_enc (indcpa)
                                                                     PQCLEAN_KYBER768_CLEAN_indcpa_keypair (indcpa)
**************************************************************
File: C:\Users\dong\Desktop\MSP430 Code\kyber_768_ref\Debug\Obj\reduce.r43
  Module: reduce
       Segment part 2, <CODE> 2
                      (was CODE)
       Address:  0x000338C6 Size: 0x38 Align: 2(1)
      PQCLEAN_KYBER768_CLEAN_montgomery_reduce  0x000338C6  Pub  Ref by:   PQCLEAN_KYBER768_CLEAN_poly_tomont (poly)
                                                                           PQCLEAN_KYBER768_CLEAN_basemul (ntt)
                                                                           PQCLEAN_KYBER768_CLEAN_invntt (ntt)
                                                                           PQCLEAN_KYBER768_CLEAN_ntt (ntt)
    --------------------------------------------------
       Segment part 3, <CODE> 2
                      (was CODE)
       Address:  0x000333AA Size: 0x60 Align: 2(1)
      PQCLEAN_KYBER768_CLEAN_barrett_reduce  0x000333AA  Pub  Ref by:   ?Subroutine0 (poly)
                                                                        PQCLEAN_KYBER768_CLEAN_invntt (ntt)
**************************************************************
File: C:\Users\dong\Desktop\MSP430 Code\kyber_768_ref\Debug\Obj\symmetric-shake.r43
  Module: symmetric-shake
       Segment part 2, <CODE> 2
                      (was CODE)
       Address:  0x0003346A Size: 0x2A Align: 2(1)
      PQCLEAN_KYBER768_CLEAN_kyber_shake128_absorb
                                                0x0003346A  Pub  Ref by:   PQCLEAN_KYBER768_CLEAN_gen_matrix (indcpa)
    --------------------------------------------------
       Segment part 3, <CODE> 2
                      (was CODE)
       Address:  0x00033494 Size: 0x8 Align: 2(1)
       Ref by:   PQCLEAN_KYBER768_CLEAN_kyber_shake256_prf
                 PQCLEAN_KYBER768_CLEAN_kyber_shake128_absorb
      ?Subroutine0         0x00033494  Loc
    --------------------------------------------------
       Segment part 4, <CODE> 2
                      (was CODE)
       Address:  0x0003349C Size: 0x2E Align: 2(1)
      PQCLEAN_KYBER768_CLEAN_kyber_shake256_prf
                                                0x0003349C  Pub  Ref by:   PQCLEAN_KYBER768_CLEAN_poly_getnoise_eta2 (poly)
                                                                           PQCLEAN_KYBER768_CLEAN_poly_getnoise_eta1 (poly)
**************************************************************
File: C:\Users\dong\Desktop\MSP430 Code\kyber_768_ref\Debug\Obj\verify.r43
  Module: verify
       Segment part 2, <CODE> 2
                      (was CODE)
       Address:  0x00033272 Size: 0x6A Align: 2(1)
      PQCLEAN_KYBER768_CLEAN_verify  0x00033272  Pub  Ref by:   PQCLEAN_KYBER768_CLEAN_crypto_kem_dec (kem)
    --------------------------------------------------
       Segment part 3, <CODE> 2
                      (was CODE)
       Address:  0x000334CA Size: 0x5E Align: 2(1)
      PQCLEAN_KYBER768_CLEAN_cmov  0x000334CA  Pub  Ref by:   PQCLEAN_KYBER768_CLEAN_crypto_kem_dec (kem)
**************************************************************
File: C:\Program Files\IAR Systems\Embedded Workbench 9.1\430\lib\dlib\dl430xlsfn.r43
  Module: ?abort
  ============================================================
  Module: ?__dbg_break
       Segment part 2, <CODE> 2
                      (was CODE)
       Address:  0x00033D22 Size: 0x2 Align: 2(1)
      __DebugBreak         0x00033D22  Pub  Ref by:   __exit (?__exit)
                                                      __dwrite (?__dwrite)
  ============================================================
  Module: ?__dwrite
       Segment part 2, <CODE> 2
                      (was CODE)
       Address:  0x00033AF6 Size: 0x24 Align: 2(1)
      __dwrite             0x00033AF6  Pub  Ref by:   __write (?__write)
  ============================================================
  Module: ?__exit
       Segment part 2, <CODE> 2
                      (was CODE)
       Address:  0x00033C88 Size: 0x14 Align: 2(1)
      __exit               0x00033C88  Pub  Ref by:   Segment part 6 (?_exit)
                                                      _exit (?_exit)
  ============================================================
  Module: ?__write
       Segment part 2, <CODE> 2
                      (was CODE)
       Address:  0x00033CF8 Size: 0xC Align: 2(1)
      __write              0x00033CF8  Pub  Ref by:   putchar (?putchar)
  ============================================================
  Module: ?_exit
       Segment part 0, <CODE> 2
                      (was CODE)
       Address:  0x00033D1E Size: 0x0 Align: 2(1)
      _exit                0x00033D1E  Pub  Ref by:   exit (?exit)
    --------------------------------------------------
       Segment part 6, <CODE> 2
                      (was CODE)
       Address:  0x00033D1E Size: 0x4 Align: 2(1)
       Ref by:   _exit
  ============================================================
  Module: ?cppinit
  ============================================================
  Module: ?cstart
       Segment part 1, CSTACK
       Address:  0x2EA0 Size: 0x0 Align: 2(1)
    --------------------------------------------------
       Segment part 2, DATA16_Z
       Address:  0x1C00 Size: 0x0 Align: 2(1)
    --------------------------------------------------
       Segment part 5, CODE_I
       Address:  0x23D6 Size: 0x0 Align: 2(1)
    --------------------------------------------------
       Segment part 6, CODE_ID
       Address:  0x00033D24 Size: 0x0 Align: 2(1)
    --------------------------------------------------
       Segment part 7, DATA20_Z
       Address:  0x23D6 Size: 0x0 Align: 2(1)
    --------------------------------------------------
       Segment part 8, DATA20_I
       Address:  0x23D6 Size: 0x0 Align: 2(1)
    --------------------------------------------------
       Segment part 9, DATA20_ID
       Address:  0x00033D24 Size: 0x0 Align: 2(1)
    --------------------------------------------------
       Segment part 10, DATA20_C
       Address:  0x00033D24 Size: 0x0 Align: 2(1)
    --------------------------------------------------
       Segment part 12, DATA20_N
       Address:  0x23D6 Size: 0x0 Align: 2(1)
    --------------------------------------------------
       Segment part 15, CSTART
       Address:  0xC1EE Size: 0x4 Align: 2(1)
      __program_start      0xC1EE  Pub  Ref by:   ?reset_vector (?reset_vector)
                                                  Absolute parts (?ABS_ENTRY_MOD)
      ?cstart_begin        0xC1EE  Pub
    --------------------------------------------------
       Segment part 20, CSTART
       Address:  0xC1F2 Size: 0xC Align: 2(1)
      ?cstart_init_zero    0xC1F2  Pub  Ref by:   __data16_Aldata (?xxmemxmalloc)
                                                  Segment part 2 (?xgetmemchunk)
    --------------------------------------------------
       Segment part 27, CSTART
       Address:  0xC1FE Size: 0x8 Align: 2(1)
       Ref by:   Segment part 15
      ?cstart_call_main    0xC1FE  Pub
      ?cstart_end          0xC206  Pub
  ============================================================
  Module: lowinit
  ============================================================
  Module: ?reset_vector
       Segment part 0, RESET
       Address:  0xFFFE Size: 0x2 Align: 2(1)
      ?reset_vector        0xFFFE  Pub  Ref by:   Segment part 15 (?cstart)
  ============================================================
  Module: ?div64i
       Segment part 2, <CODE> 2
                      (was CODE)
       Address:  0x00032DE4 Size: 0xA2 Align: 2(1)
      _Div64u              0x00032DE4  Pub  Ref by:   _LitobLarge (?xprintflarge)
    --------------------------------------------------
       Segment part 4, <CODE> 2
                      (was CODE)
       Address:  0x00033C14 Size: 0x1A Align: 2(1)
       Ref by:   _Div64u
  ============================================================
  Module: ?div
       Segment part 0, <CODE> 2
                      (was CODE)
       Address:  0x00033C5E Size: 0x16 Align: 2(1)
      div                  0x00033C5E  Pub  Ref by:   _GenldLarge (?xprintflarge)
  ============================================================
  Module: ?exit
       Segment part 2, <CODE> 2
                      (was CODE)
       Address:  0x00033D1A Size: 0x4 Align: 2(1)
      exit                 0x00033D1A  Pub  Ref by:   Segment part 27 (?cstart)
                                                      ?Subroutine7 (fips202)
  ============================================================
  Module: ?Mul32fHw32
       Segment part 0, <CODE> 2
                      (was CODE)
       Address:  0x0003278E Size: 0x116 Align: 2(1)
      ?Mul32fHw32          0x0003278E  Pub  Ref by:   _LdtobLarge (?xprintflarge)
                                                      scale (?xprintflarge)
  ============================================================
  Module: ?FrwpInit
  ============================================================
  Module: ?Cast32f32i
       Segment part 1, <CODE> 2
                      (was CODE)
       Address:  0x0003302C Size: 0x7E Align: 2(1)
      _Cast32uto32f        0x0003302C  Pub  Ref by:   _LdtobLarge (?xprintflarge)
  ============================================================
  Module: _Cast32fto32u
       Segment part 0, <CODE> 2
                      (was CODE)
       Address:  0x00033CEC Size: 0xC Align: 2(1)
      _Cast32fto32u        0x00033CEC  Pub  Ref by:   _LdtobLarge (?xprintflarge)
  ============================================================
  Module: ?FLT_Extract
       Segment part 0, <CODE> 2
                      (was CODE)
       Address:  0x0003362E Size: 0x4C Align: 2(1)
      ?FLT_Extract         0x0003362E  Pub  Ref by:   _Cast32fto32u (_Cast32fto32u)
  ============================================================
  Module: ?FLT_LT
       Segment part 0, <CODE> 2
                      (was CODE)
       Address:  0x000335DC Size: 0x52 Align: 2(1)
      ?FLT_LT              0x000335DC  Pub  Ref by:   _LdtobLarge (?xprintflarge)
  ============================================================
  Module: _Div32f
       Segment part 0, <CODE> 2
                      (was CODE)
       Address:  0x0003265E Size: 0x130 Align: 2(1)
      _Div32f              0x0003265E  Pub  Ref by:   _LdtobLarge (?xprintflarge)
  ============================================================
  Module: _Add32f
       Segment part 0, <CODE> 2
                      (was CODE)
       Address:  0x00032262 Size: 0x4 Align: 2(1)
      _Sub32f              0x00032262  Pub  Ref by:   _LdtobLarge (?xprintflarge)
    --------------------------------------------------
       Segment part 1, <CODE> 2
                      (was CODE)
       Address:  0x00032266 Size: 0x160 Align: 2(1)
       Ref by:   _Sub32f
      _Add32f              0x00032266  Pub
  ============================================================
  Module: ?malloc
  ============================================================
  Module: ?DivMod816u
       Segment part 1, <CODE> 2
                      (was CODE)
       Address:  0x00033C2E Size: 0x18 Align: 2(1)
      ?DivMod16u           0x00033C2E  Pub  Ref by:   ?DivMod16s (?DivMod816s)
  ============================================================
  Module: ?DivMod816s
       Segment part 1, <CODE> 2
                      (was CODE)
       Address:  0x00033998 Size: 0x30 Align: 2(1)
      ?DivMod16s           0x00033998  Pub  Ref by:   div (?div)
  ============================================================
  Module: ?DivMod32u
       Segment part 0, <CODE> 2
                      (was CODE)
       Address:  0x000339C8 Size: 0x30 Align: 2(1)
      ?DivMod32u           0x000339C8  Pub  Ref by:   _LdtobLarge (?xprintflarge)
                                                      ?DivMod32s (?DivMod32s)
  ============================================================
  Module: ?DivMod32s
       Segment part 0, <CODE> 2
                      (was CODE)
       Address:  0x00033798 Size: 0x40 Align: 2(1)
      ?DivMod32s           0x00033798  Pub  Ref by:   _LdtobLarge (?xprintflarge)
  ============================================================
  Module: ?ShiftLeft32
       Segment part 1, <CODE> 2
                      (was CODE)
       Address:  0x00033BDA Size: 0x4 Align: 2(1)
      ?ShiftLeft32_7       0x00033BDA  Pub  Ref by:   KeccakF1600_StatePermute (fips202)
    --------------------------------------------------
       Segment part 2, <CODE> 2
                      (was CODE)
       Address:  0x00033BDE Size: 0x4 Align: 2(1)
       Ref by:   ?ShiftLeft32_7
      ?ShiftLeft32_6       0x00033BDE  Pub
    --------------------------------------------------
       Segment part 3, <CODE> 2
                      (was CODE)
       Address:  0x00033BE2 Size: 0x4 Align: 2(1)
       Ref by:   ?ShiftLeft32_6
      ?ShiftLeft32_5       0x00033BE2  Pub
    --------------------------------------------------
       Segment part 4, <CODE> 2
                      (was CODE)
       Address:  0x00033BE6 Size: 0x4 Align: 2(1)
       Ref by:   ?ShiftLeft32_5
      ?ShiftLeft32_4       0x00033BE6  Pub
    --------------------------------------------------
       Segment part 5, <CODE> 2
                      (was CODE)
       Address:  0x00033BEA Size: 0xE Align: 2(1)
       Ref by:   ?ShiftLeft32_4
      ?ShiftLeft32_3       0x00033BEA  Pub
  ============================================================
  Module: ?ShiftLeft64
  ============================================================
  Module: ?ShiftLeft64_n
       Segment part 0, <CODE> 2
                      (was CODE)
       Address:  0x00033852 Size: 0x8 Align: 2(1)
      ?ShiftLeft64_7       0x00033852  Pub  Ref by:   KeccakF1600_StatePermute (fips202)
    --------------------------------------------------
       Segment part 1, <CODE> 2
                      (was CODE)
       Address:  0x0003385A Size: 0x8 Align: 2(1)
       Ref by:   ?ShiftLeft64_7
      ?ShiftLeft64_6       0x0003385A  Pub  Ref by:   KeccakF1600_StatePermute (fips202)
    --------------------------------------------------
       Segment part 2, <CODE> 2
                      (was CODE)
       Address:  0x00033862 Size: 0x8 Align: 2(1)
       Ref by:   ?ShiftLeft64_6
      ?ShiftLeft64_5       0x00033862  Pub  Ref by:   KeccakF1600_StatePermute (fips202)
    --------------------------------------------------
       Segment part 3, <CODE> 2
                      (was CODE)
       Address:  0x0003386A Size: 0x8 Align: 2(1)
       Ref by:   ?ShiftLeft64_5
      ?ShiftLeft64_4       0x0003386A  Pub  Ref by:   KeccakF1600_StatePermute (fips202)
    --------------------------------------------------
       Segment part 4, <CODE> 2
                      (was CODE)
       Address:  0x00033872 Size: 0x1A Align: 2(1)
       Ref by:   ?ShiftLeft64_4
      ?ShiftLeft64_3       0x00033872  Pub
  ============================================================
  Module: ?ShiftRight16s_n
       Segment part 4, <CODE> 2
                      (was CODE)
       Address:  0x00033D0E Size: 0x8 Align: 2(1)
      ?ShiftRight16s_3     0x00033D0E  Pub  Ref by:   PQCLEAN_KYBER768_CLEAN_poly_tomsg (poly)
                                                      PQCLEAN_KYBER768_CLEAN_poly_compress (poly)
  ============================================================
  Module: ?ShiftRight32u
       Segment part 0, <CODE> 2
                      (was CODE)
       Address:  0x00033528 Size: 0x40 Align: 2(1)
      ?ShiftRight32u       0x00033528  Pub  Ref by:   ?Subroutine0 (cbd)
    --------------------------------------------------
       Segment part 1, <CODE> 2
                      (was CODE)
       Address:  0x00033568 Size: 0x4 Align: 2(1)
       Ref by:   ?ShiftRight32u
      ?ShiftRight32u_7     0x00033568  Pub  Ref by:   KeccakF1600_StatePermute (fips202)
    --------------------------------------------------
       Segment part 2, <CODE> 2
                      (was CODE)
       Address:  0x0003356C Size: 0x4 Align: 2(1)
       Ref by:   ?ShiftRight32u_7
      ?ShiftRight32u_6     0x0003356C  Pub  Ref by:   KeccakF1600_StatePermute (fips202)
    --------------------------------------------------
       Segment part 3, <CODE> 2
                      (was CODE)
       Address:  0x00033570 Size: 0x4 Align: 2(1)
       Ref by:   ?ShiftRight32u_6
      ?ShiftRight32u_5     0x00033570  Pub  Ref by:   KeccakF1600_StatePermute (fips202)
    --------------------------------------------------
       Segment part 4, <CODE> 2
                      (was CODE)
       Address:  0x00033574 Size: 0x4 Align: 2(1)
       Ref by:   ?ShiftRight32u_5
      ?ShiftRight32u_4     0x00033574  Pub
    --------------------------------------------------
       Segment part 5, <CODE> 2
                      (was CODE)
       Address:  0x00033578 Size: 0x4 Align: 2(1)
       Ref by:   ?ShiftRight32u_4
      ?ShiftRight32u_3     0x00033578  Pub
    --------------------------------------------------
       Segment part 6, <CODE> 2
                      (was CODE)
       Address:  0x0003357C Size: 0xA Align: 2(1)
       Ref by:   ?ShiftRight32u_3
      ?ShiftRight32u_2     0x0003357C  Pub
  ============================================================
  Module: ?ShiftRight64u
  ============================================================
  Module: ?ShiftRight64u_n
       Segment part 0, <CODE> 2
                      (was CODE)
       Address:  0x0003388C Size: 0x8 Align: 2(1)
      ?ShiftRight64u_7     0x0003388C  Pub  Ref by:   KeccakF1600_StatePermute (fips202)
    --------------------------------------------------
       Segment part 1, <CODE> 2
                      (was CODE)
       Address:  0x00033894 Size: 0x8 Align: 2(1)
       Ref by:   ?ShiftRight64u_7
      ?ShiftRight64u_6     0x00033894  Pub
    --------------------------------------------------
       Segment part 2, <CODE> 2
                      (was CODE)
       Address:  0x0003389C Size: 0x8 Align: 2(1)
       Ref by:   ?ShiftRight64u_6
      ?ShiftRight64u_5     0x0003389C  Pub  Ref by:   KeccakF1600_StatePermute (fips202)
    --------------------------------------------------
       Segment part 3, <CODE> 2
                      (was CODE)
       Address:  0x000338A4 Size: 0x8 Align: 2(1)
       Ref by:   ?ShiftRight64u_5
      ?ShiftRight64u_4     0x000338A4  Pub
    --------------------------------------------------
       Segment part 4, <CODE> 2
                      (was CODE)
       Address:  0x000338AC Size: 0x8 Align: 2(1)
       Ref by:   ?ShiftRight64u_4
      ?ShiftRight64u_3     0x000338AC  Pub
    --------------------------------------------------
       Segment part 5, <CODE> 2
                      (was CODE)
       Address:  0x000338B4 Size: 0x12 Align: 2(1)
       Ref by:   ?ShiftRight64u_3
      ?ShiftRight64u_2     0x000338B4  Pub
  ============================================================
  Module: ?memchr
       Segment part 2, <CODE> 2
                      (was CODE)
       Address:  0x00033C74 Size: 0x14 Align: 2(1)
      __iar_Memchr         0x00033C74  Pub  Ref by:   _PrintfLarge (?xprintflarge)
  ============================================================
  Module: ?memcpy
       Segment part 2, <CODE> 1
                      (was CODE)
       Address:  0xFF6E Size: 0x12 Align: 2(1)
      memcpy               0xFF6E  Pub  Ref by:   _LdtobLarge (?xprintflarge)
                                                  Segment part 12 (?xprintflarge)
                                                  _GenldLarge (?xprintflarge)
                                                  PQCLEAN_KYBER768_CLEAN_kyber_shake256_prf (symmetric-shake)
                                                  PQCLEAN_KYBER768_CLEAN_kyber_shake128_absorb (symmetric-shake)
  ============================================================
  Module: ?memmove
  ============================================================
  Module: ?memzero
       Segment part 2, <CODE> 2
                      (was CODE)
       Address:  0x00033CC0 Size: 0x10 Align: 2(1)
      __data16_memzero     0x00033CC0  Pub  Ref by:   ?cstart_init_zero (?cstart)
  ============================================================
  Module: ?MpuInit
  ============================================================
  Module: ?Mul8Hw
       Segment part 0, <CODE> 2
                      (was CODE)
       Address:  0x00033B3C Size: 0x4 Align: 2(1)
      ?Mul8Hw              0x00033B3C  Pub  Ref by:   _LitobLarge (?xprintflarge)
    --------------------------------------------------
       Segment part 1, <CODE> 2
                      (was CODE)
       Address:  0x00033B40 Size: 0x1C Align: 2(1)
       Ref by:   ?Mul8Hw
      ?Mul16Hw             0x00033B40  Pub
      ?Mul16to32uHw        0x00033B40  Pub
  ============================================================
  Module: ?Mul16to32sHw
       Segment part 0, <CODE> 2
                      (was CODE)
       Address:  0x00033BF8 Size: 0x1C Align: 2(1)
      ?Mul16to32sHw        0x00033BF8  Pub  Ref by:   _LdtobLarge (?xprintflarge)
  ============================================================
  Module: ?printf
       Segment part 2, <CODE> 2
                      (was CODE)
       Address:  0x00033AD0 Size: 0x26 Align: 2(1)
      printf               0x00033AD0  Pub  Ref by:   main (main)
  ============================================================
  Module: ?putchar
       Segment part 2, <CODE> 2
                      (was CODE)
       Address:  0x00033A80 Size: 0x28 Align: 2(1)
      putchar              0x00033A80  Pub  Ref by:   _Prout (?xprout)
  ============================================================
  Module: ?setjmp
  ============================================================
  Module: ?longjmp
  ============================================================
  Module: ?IndCallR11
       Segment part 0, <CODE> 2
                      (was CODE)
       Address:  0x00033D16 Size: 0x4 Align: 2(1)
      ?IndCallR11          0x00033D16  Pub  Ref by:   _PutcharLarge (?xprintflarge)
  ============================================================
  Module: ?IndCallR15
  ============================================================
  Module: ?strchr
       Segment part 2, <CODE> 2
                      (was CODE)
       Address:  0x00033CD0 Size: 0xE Align: 2(1)
      __iar_Strchr         0x00033CD0  Pub  Ref by:   _PrintfLarge (?xprintflarge)
  ============================================================
  Module: ?strlen
       Segment part 2, <CODE> 2
                      (was CODE)
       Address:  0x00033C9C Size: 0x12 Align: 2(1)
      strlen               0x00033C9C  Pub  Ref by:   _PrintfLarge (?xprintflarge)
  ============================================================
  Module: ?xcloseall
  ============================================================
  Module: ?xdunscal
       Segment part 2, <CODE> 2
                      (was CODE)
       Address:  0x0003370C Size: 0x46 Align: 2(1)
      __iar_Dunscale       0x0003370C  Pub  Ref by:   _LdtobLarge (?xprintflarge)
  ============================================================
  Module: ?xgetmemchunk
       Segment part 3, <CODE> 2
                      (was CODE)
       Address:  0x00033BBC Size: 0x1E Align: 2(1)
      __data16_GetMemChunk  0x00033BBC  Pub  Ref by:   __data16_findmem (?xxmemxmalloc)
    --------------------------------------------------
       Segment part 2, DATA16_Z
       Address:  0x1C00 Size: 0x2 Align: 2(1)
       Ref by:   __data16_GetMemChunk
    --------------------------------------------------
       Segment part 4, DATA16_HEAP
       Address:  0x1C06 Size: 0x0 Align: 2(1)
  ============================================================
  Module: ?xprintflarge
       Segment part 19, <CODE> 1
                      (was CODE)
       Address:  0xEC1C Size: 0x498 Align: 2(1)
      _PrintfLarge         0xEC1C  Pub  Ref by:   printf (?printf)
    --------------------------------------------------
       Segment part 23, <CODE> 2
                      (was CODE)
       Address:  0x00033B1A Size: 0x8 Align: 2(1)
       Ref by:   Segment part 26
                 _PrintfLarge
    --------------------------------------------------
       Segment part 24, <CODE> 2
                      (was CODE)
       Address:  0x00033B22 Size: 0x8 Align: 2(1)
       Ref by:   _PrintfLarge
    --------------------------------------------------
       Segment part 25, <CODE> 2
                      (was CODE)
       Address:  0x00033B2A Size: 0xC Align: 2(1)
       Ref by:   Segment part 24
                 Segment part 23
    --------------------------------------------------
       Segment part 26, <CODE> 2
                      (was CODE)
       Address:  0x00033B36 Size: 0x6 Align: 2(1)
       Ref by:   _PrintfLarge
    --------------------------------------------------
       Segment part 8, <CODE> 1
                      (was CODE)
       Address:  0xE4CE Size: 0x84 Align: 2(1)
       Ref by:   _PrintfLarge
      LoadInt              0xE4CE  Loc
    --------------------------------------------------
       Segment part 9, <CODE> 1
                      (was CODE)
       Address:  0xE552 Size: 0xE Align: 2(1)
       Ref by:   LoadInt
    --------------------------------------------------
       Segment part 10, <CODE> 1
                      (was CODE)
       Address:  0xE560 Size: 0x23E Align: 2(1)
       Ref by:   _LdtobLarge
      _GenldLarge          0xE560  Loc
    --------------------------------------------------
       Segment part 11, <CODE> 1
                      (was CODE)
       Address:  0xE79E Size: 0x10 Align: 2(1)
       Ref by:   _GenldLarge
    --------------------------------------------------
       Segment part 12, <CODE> 1
                      (was CODE)
       Address:  0xE7AE Size: 0xE Align: 2(1)
       Ref by:   Segment part 11
                 _GenldLarge
    --------------------------------------------------
       Segment part 13, <CODE> 1
                      (was CODE)
       Address:  0xE7BC Size: 0x1E Align: 2(1)
       Ref by:   _GenldLarge
    --------------------------------------------------
       Segment part 14, <CODE> 1
                      (was CODE)
       Address:  0xE7DA Size: 0x42 Align: 2(1)
       Ref by:   _LdtobLarge
      scale                0xE7DA  Loc
    --------------------------------------------------
       Segment part 15, <CODE> 1
                      (was CODE)
       Address:  0xE81C Size: 0x23E Align: 2(1)
       Ref by:   _PrintfLarge
      _LdtobLarge          0xE81C  Loc
    --------------------------------------------------
       Segment part 16, <CODE> 1
                      (was CODE)
       Address:  0xEA5A Size: 0x1A6 Align: 2(1)
       Ref by:   _PrintfLarge
      _LitobLarge          0xEA5A  Loc
    --------------------------------------------------
       Segment part 17, <CODE> 1
                      (was CODE)
       Address:  0xEC00 Size: 0x12 Align: 2(1)
       Ref by:   _LitobLarge
    --------------------------------------------------
       Segment part 18, <CODE> 1
                      (was CODE)
       Address:  0xEC12 Size: 0xA Align: 2(1)
       Ref by:   _LitobLarge
                 LoadInt
                 _PrintfLarge
    --------------------------------------------------
       Segment part 28, <CODE> 2
                      (was CODE)
       Address:  0x000338FE Size: 0x36 Align: 2(1)
       Ref by:   Segment part 23
      pad                  0x000338FE  Loc
    --------------------------------------------------
       Segment part 29, <CODE> 2
                      (was CODE)
       Address:  0x00033AA8 Size: 0x28 Align: 2(1)
       Ref by:   _PutcharsLarge
                 _PrintfLarge
      _PutcharLarge        0x00033AA8  Loc
    --------------------------------------------------
       Segment part 30, <CODE> 2
                      (was CODE)
       Address:  0x00033A54 Size: 0x2C Align: 2(1)
       Ref by:   pad
                 Segment part 24
      _PutcharsLarge       0x00033A54  Loc
    --------------------------------------------------
       Segment part 20, <CODE> 2
                      (was CODE)
       Address:  0x00033CDE Size: 0xE Align: 2(1)
       Ref by:   _PrintfLarge
    --------------------------------------------------
       Segment part 21, <CODE> 2
                      (was CODE)
       Address:  0x00033D04 Size: 0xA Align: 2(1)
       Ref by:   _PrintfLarge
    --------------------------------------------------
       Segment part 22, <CODE> 2
                      (was CODE)
       Address:  0x00033CAE Size: 0x12 Align: 2(1)
       Ref by:   _PrintfLarge
    --------------------------------------------------
       Segment part 27, <CODE> 2
                      (was CODE)
       Address:  0x000337D8 Size: 0x3E Align: 2(1)
       Ref by:   _PrintfLarge
    --------------------------------------------------
       Segment part 2, DATA16_C
       Address:  0xC1D5 Size: 0x7 Align: 1(0)
       Ref by:   _PrintfLarge
    --------------------------------------------------
       Segment part 3, DATA16_C
       Address:  0xC1DC Size: 0x4 Align: 1(0)
       Ref by:   _LdtobLarge
    --------------------------------------------------
       Segment part 4, DATA16_C
       Address:  0xC1E0 Size: 0x4 Align: 1(0)
       Ref by:   _LdtobLarge
    --------------------------------------------------
       Segment part 5, DATA16_C
       Address:  0xC1E4 Size: 0x4 Align: 1(0)
       Ref by:   _LdtobLarge
    --------------------------------------------------
       Segment part 6, DATA16_C
       Address:  0xC1E8 Size: 0x4 Align: 1(0)
       Ref by:   _LdtobLarge
    --------------------------------------------------
       Segment part 7, DATA16_C
       Address:  0xC1EC Size: 0x2 Align: 1(0)
       Ref by:   _GenldLarge
  ============================================================
  Module: ?xprout
       Segment part 2, <CODE> 2
                      (was CODE)
       Address:  0x00033C46 Size: 0x18 Align: 2(1)
      _Prout               0x00033C46  Pub  Ref by:   printf (?printf)
  ============================================================
  Module: ?xxmemxfree
       Segment part 2, <CODE> 2
                      (was CODE)
       Address:  0x00032FA6 Size: 0x86 Align: 2(1)
      __data16_free        0x00032FA6  Pub  Ref by:   __data16_findmem (?xxmemxmalloc)
                                                      shake256 (fips202)
                                                      ?Subroutine8 (fips202)
  ============================================================
  Module: ?xxmemxmalloc
       Segment part 2, DATA16_Z
       Address:  0x1C02 Size: 0x4 Align: 2(1)
       Ref by:   __data16_malloc
                 __data16_findmem
      __data16_Aldata      0x1C02  Pub  Ref by:   __data16_free (?xxmemxfree)
    --------------------------------------------------
       Segment part 3, <CODE> 2
                      (was CODE)
       Address:  0x00033346 Size: 0x64 Align: 2(1)
       Ref by:   __data16_malloc
      __data16_findmem     0x00033346  Loc
    --------------------------------------------------
       Segment part 4, <CODE> 2
                      (was CODE)
       Address:  0x00033204 Size: 0x6E Align: 2(1)
      __data16_malloc      0x00033204  Pub  Ref by:   shake256 (fips202)
                                                      shake128_absorb (fips202)


                ****************************************
                *                                      *
                *             STACK USAGE              *
                *                                      *
                ****************************************

  Call Graph Root Category  Max Use  Total Use
  ------------------------  -------  ---------
  Program entry             19'390     19'390


Program entry
  "__program_start": 0x0000c1ee

  Maximum call chain                            19'390  bytes

    "__program_start"                                0
    "main"                                       4'748
    "PQCLEAN_KYBER768_CLEAN_crypto_kem_dec"      1'236
    "PQCLEAN_KYBER768_CLEAN_indcpa_enc"         12'336
    "PQCLEAN_KYBER768_CLEAN_poly_getnoise_eta1"    134
    "PQCLEAN_KYBER768_CLEAN_kyber_shake256_prf"     46
    "shake256"                                     156
    "keccak_absorb" [fips202]                      230
    "KeccakF1600_StatePermute" [fips202]           504




                ****************************************
                *                                      *
                *      SEGMENTS IN ADDRESS ORDER       *
                *                                      *
                ****************************************

SEGMENT      SPACE     START/END ADDRESS        SIZE  TYPE  ALIGN
-------      -----   ---------------------      ----  ----  -----
DATA16_I                    0x1C00                     dse   1(0)
DATA16_Z                0x1C00 - 0x1C05          0x6   rel   2(1)
DATA16_HEAP             0x1C06 - 0x23D5        0x7D0   rel   2(1)
DATA20_I                    0x23D6                     rel   2(1)
DATA20_Z                    0x23D6                     rel   2(1)
DATA20_N                    0x23D6                     rel   2(1)
CODE_I                      0x23D6                     rel   2(1)
CSTACK                  0x2EA0 - 0x9BFF       0x6D60   rel   2(1)
DATA16_C                0xC000 - 0xC1ED        0x1EE   rel   2(1)
CSTART                  0xC1EE - 0xC205         0x18   rel   2(1)
<CODE> 1                0xC206 - 0xFF7F       0x3D7A   rel   2(1)
RESET                   0xFFFE - 0xFFFF          0x2   rel   2(1)
<CODE> 2            0x00010000 - 0x00033D23  0x23D24   rel   2(1)
CODE_ID                   0x00033D24                   rel   2(1)
DATA20_ID                 0x00033D24                   rel   2(1)
DATA20_C                  0x00033D24                   rel   2(1)

 162'488 bytes of CODE  memory
  30'006 bytes of DATA  memory
     494 bytes of CONST memory

Errors: none
Warnings: none
