###############################################################################
#
# IAR UBROF Linker V10.15.2.1487                          04/Sep/2025  17:35:41
# Copyright 1987-2023 IAR Systems AB.
#
#    Target Cpu    =  MSP430
#    Map file      =
#        "C:\Users\dong\Desktop\MSP430
#        Code\2025ches_msp430\dilithium\ref\dilithium2_msp430\Debug\List\dilithium2_msp430.map"
#    Output file 1 =
#        "C:\Users\dong\Desktop\MSP430
#        Code\2025ches_msp430\dilithium\ref\dilithium2_msp430\Debug\Exe\dilithium2_msp430.d43"
#                  =  Format: debug
#                  =  UBROF version 11.1.1
#                  =  Using library modules for C-SPY (-rt)
#    Command line  =
#        -f "C:\Users\dong\Desktop\MSP430
#        Code\2025ches_msp430\dilithium\ref\dilithium2_msp430\Debug\Exe\dilithium2_msp430.d43.rsp"
#        ("C:\Users\dong\Desktop\MSP430
#        Code\2025ches_msp430\dilithium\ref\dilithium2_msp430\Debug\Obj\fips202.r43"
#        "C:\Users\dong\Desktop\MSP430
#        Code\2025ches_msp430\dilithium\ref\dilithium2_msp430\Debug\Obj\fnt_main.r43"
#        "C:\Users\dong\Desktop\MSP430
#        Code\2025ches_msp430\dilithium\ref\dilithium2_msp430\Debug\Obj\main.r43"
#        "C:\Users\dong\Desktop\MSP430
#        Code\2025ches_msp430\dilithium\ref\dilithium2_msp430\Debug\Obj\ntt.r43"
#        "C:\Users\dong\Desktop\MSP430
#        Code\2025ches_msp430\dilithium\ref\dilithium2_msp430\Debug\Obj\packing.r43"
#        "C:\Users\dong\Desktop\MSP430
#        Code\2025ches_msp430\dilithium\ref\dilithium2_msp430\Debug\Obj\poly.r43"
#        "C:\Users\dong\Desktop\MSP430
#        Code\2025ches_msp430\dilithium\ref\dilithium2_msp430\Debug\Obj\polyvec.r43"
#        "C:\Users\dong\Desktop\MSP430
#        Code\2025ches_msp430\dilithium\ref\dilithium2_msp430\Debug\Obj\randombytes.r43"
#        "C:\Users\dong\Desktop\MSP430
#        Code\2025ches_msp430\dilithium\ref\dilithium2_msp430\Debug\Obj\reduce.r43"
#        "C:\Users\dong\Desktop\MSP430
#        Code\2025ches_msp430\dilithium\ref\dilithium2_msp430\Debug\Obj\rounding.r43"
#        "C:\Users\dong\Desktop\MSP430
#        Code\2025ches_msp430\dilithium\ref\dilithium2_msp430\Debug\Obj\sign.r43"
#        "C:\Users\dong\Desktop\MSP430
#        Code\2025ches_msp430\dilithium\ref\dilithium2_msp430\Debug\Obj\symmetric-shake.r43"
#        --output "C:\Users\dong\Desktop\MSP430
#        Code\2025ches_msp430\dilithium\ref\dilithium2_msp430\Debug\Exe\dilithium2_msp430.d43"
#        -l "C:\Users\dong\Desktop\MSP430
#        Code\2025ches_msp430\dilithium\ref\dilithium2_msp430\Debug\List\dilithium2_msp430.map"
#        -xams "-IC:\Program Files\IAR Systems\Embedded Workbench
#        9.1\430\LIB\\" --f "C:\Program Files\IAR Systems\Embedded Workbench
#        9.1\430\config\linker\lnk430f6779a.xcl" (-cmsp430 -QCODE_I=CODE_ID
#        -QTLS16_I=TLS16_ID -D__iar_HWMUL=4C0 "-Z(CONST)INFO=1800-19FF"
#        "-Z(CONST)INFOA=1980-19FF" "-Z(CONST)INFOB=1900-197F"
#        "-Z(CONST)INFOC=1880-18FF" "-Z(CONST)INFOD=1800-187F"
#        "-Z(DATA)DATA16_I,DATA16_Z,DATA16_N,TLS16_I=1C00-9BFF"
#        "-Z(DATA)DATA16_HEAP+_DATA16_HEAP_SIZE" "-Z(DATA)CODE_I"
#        "-Z(DATA)DATA20_I,DATA20_Z,DATA20_N,DATA20_HEAP+_DATA20_HEAP_SIZE"
#        "-Z(DATA)CSTACK+_STACK_SIZE#"
#        "-Z(CONST)DATA16_C,DATA16_ID,TLS16_ID,DIFUNCT,CHECKSUM=C000-FF7F"
#        "-Z(CODE)CSTART,ISR_CODE,CODE16=C000-FF7F"
#        "-P(CODE)CODE=C000-FF7F,10000-8BFF7"
#        "-Z(CONST)DATA20_C,DATA20_ID,CODE_ID=C000-FF7F,10040-8BFF7"
#        "-Z(CODE)INTVEC=FF80-FFFF" "-Z(CODE)RESET=FFFE-FFFF") -f "C:\Program
#        Files\IAR Systems\Embedded Workbench
#        9.1\430\config\linker\multiplier32.xcl" (-e?Mul8Hw=?Mul8
#        -e?Mul16Hw=?Mul16 -e?Mul16to32uHw=?Mul16to32u
#        -e?Mul16to32sHw=?Mul16to32s -e?Mul32Hw32=?Mul32 -e?Mul64Hw32=_Mul64i
#        -e?Mul32u32uto64iHw32=_Mul32u32uto64i -e?Mul32fHw32=_Mul32f
#        -e_Mul64fHw32Ptr=_Mul64fPtr) -D_STACK_SIZE=7530 -rt "C:\Program
#        Files\IAR Systems\Embedded Workbench 9.1\430\lib\dlib\dl430xlsfn.r43"
#        -e_PrintfLarge=_Printf -e_ScanfLarge=_Scanf -D_DATA16_HEAP_SIZE=3E8
#        --entry __program_start -D_DATA20_HEAP_SIZE=50 --text_out locale)
#
###############################################################################






                ****************************************
                *                                      *
                *            PROGRAM ENTRY             *
                *                                      *
                ****************************************

  ADDRESS  SPACE  TYPE         MODULE
  -------  -----  ----         ------
   0xC504         Relocatable  ?cstart




                ****************************************
                *                                      *
                *            RUNTIME MODEL             *
                *                                      *
                ****************************************

  ATTRIBUTE                   VALUE
  ---------                   -----
  __Heap_Handler              Basic
  __SystemLibrary             DLib
  __code_model                large
  __core                      430X
  __data_model                small
  __dlib_file_descriptor      0
  __dlib_full_locale_support  0
  __double_size               32
  __pic                       no
  __reg_r4                    free
  __reg_r5                    free
  __rt_version                3


                ****************************************
                *                                      *
                *    AUTOMATIC SYMBOL REDIRECTIONS     *
                *                                      *
                ****************************************

                   There are no automatic symbol redirections.



                ****************************************
                *                                      *
                *              ENTRY LIST              *
                *                                      *
                ****************************************

ENTRY                           SPACE  ADDRESS     KIND  TYPE  MODULE
-----                           -----  -------     ----  ----  ------
_DATA20_HEAP_SIZE                          0x0050  Pub         ?ABS_ENTRY_MOD [0]
_DATA16_HEAP_SIZE                          0x03E8  Pub         ?ABS_ENTRY_MOD [0]
__iar_HWMUL                                0x04C0  Pub         ?ABS_ENTRY_MOD [0]
ret                                        0x1C00  Pub   Data  main
_STACK_SIZE                                0x7530  Pub         ?ABS_ENTRY_MOD [0]
KeccakF_RoundConstants                     0xC000  Loc   Data  fips202
zetas                                      0xC0C0  Loc   Data  ntt
__program_start                            0xC504  Pub         ?cstart [1]
?cstart_begin                              0xC504  Pub         ?cstart [1]
?cstart_init_zero                          0xC508  Pub         ?cstart [1]
?cstart_call_main                          0xC514  Pub         ?cstart [1]
keccak_absorb                              0xC51C  Loc   Code  fips202
?cstart_end                                0xC51C  Pub         ?cstart [1]
LoadInt                                    0xEAB0  Loc   Code  ?xprintflarge [1]
_GenldLarge                                0xEB42  Loc   Code  ?xprintflarge [1]
scale                                      0xEDBC  Loc   Code  ?xprintflarge [1]
_LdtobLarge                                0xEDFE  Loc   Code  ?xprintflarge [1]
_LitobLarge                                0xF03C  Loc   Code  ?xprintflarge [1]
crypto_sign_signature                      0xF1FE  Pub   Code  sign
_PrintfLarge                               0xF7C0  Pub   Code  ?xprintflarge [1]
crypto_sign_verify                         0xFC58  Pub   Code  sign
div                                        0xFF6A  Pub   Code  ?div [1]
?reset_vector                              0xFFFE  Pub         ?reset_vector [1]
KeccakF1600_StatePermute               0x00010000  Loc   Code  fips202
crypto_sign_keypair                    0x000122C8  Pub   Code  sign
polyt0_unpack                          0x000125AC  Pub   Code  poly
keccak_squeezeblocks                   0x000127E0  Loc   Code  fips202
?Subroutine4                           0x00012888  Loc         fips202
keccak_inc_absorb                      0x00012890  Loc   Code  fips202
shake128_inc_init                      0x000129EC  Pub   Code  fips202
shake128_inc_absorb                    0x000129EE  Pub   Code  fips202
?Subroutine2                           0x000129F6  Loc         fips202
shake128_inc_finalize                  0x00012A06  Pub   Code  fips202
?Subroutine1                           0x00012A44  Loc         fips202
shake128_inc_squeeze                   0x00012A58  Pub   Code  fips202
?Subroutine7                           0x00012A5E  Loc         fips202
shake128_inc_ctx_release               0x00012A64  Pub   Code  fips202
shake256_inc_init                      0x00012A66  Pub   Code  fips202
shake256_inc_absorb                    0x00012A68  Pub   Code  fips202
shake256_inc_finalize                  0x00012A6C  Pub   Code  fips202
shake256_inc_squeeze                   0x00012AAE  Pub   Code  fips202
shake256_inc_ctx_release               0x00012ABE  Pub   Code  fips202
shake256                               0x00012AC0  Pub   Code  fips202
?Subroutine0                           0x00012B74  Loc         fips202
ntt                                    0x00012BC0  Pub   Code  ntt
?Subroutine0                           0x00012C5E  Loc         ntt
invntt_tomont                          0x00012C66  Pub   Code  ntt
polyt0_pack                            0x00012D74  Pub   Code  poly
_Sub32f                                0x00012F1A  Pub         _Add32f [1]
_Add32f                                0x00012F1E  Pub         _Add32f [1]
keccak_inc_squeeze                     0x0001307E  Loc   Code  fips202
polyeta_unpack                         0x000131CE  Pub   Code  poly
poly_challenge                         0x00013312  Pub   Code  poly
polyz_unpack                           0x00013452  Pub   Code  poly
_Div32f                                0x00013584  Pub         _Div32f [1]
poly_uniform                           0x000136B4  Pub   Code  poly
unpack_pk_rho                          0x000137DE  Pub   Code  packing
pack_sk_rho_tr_key                     0x000137FC  Pub   Code  packing
unpack_sk_rho_tr_key                   0x0001385A  Pub   Code  packing
pack_sig_setup                         0x000138B6  Pub   Code  packing
?Mul32fHw32                            0x000138F6  Pub         ?Mul32fHw32 [1]
?Subroutine4                           0x00013A0C  Loc         polyvec
polyvecl_ntt                           0x00013A36  Pub   Code  polyvec
?Subroutine6                           0x00013A36  Loc         polyvec
?Subroutine7                           0x00013A60  Loc         polyvec
polyvecl_chknorm                       0x00013A8A  Pub   Code  polyvec
?Subroutine1                           0x00013A8A  Loc         polyvec
polyveck_reduce                        0x00013ADA  Pub   Code  polyvec
polyveck_caddq                         0x00013ADE  Pub   Code  polyvec
polyveck_invntt_tomont                 0x00013B08  Pub   Code  polyvec
rej_eta                                0x00013B0C  Loc   Code  poly
use_hint                               0x00013C08  Pub   Code  rounding
poly_chknorm                           0x00013CF0  Pub   Code  poly
polyz_pack                             0x00013DC4  Pub   Code  poly
decompose                              0x00013E8A  Pub   Code  rounding
main                                   0x00013F4A  Pub   Code  main
poly_shiftl                            0x00013FFC  Pub   Code  poly
_Div64u                                0x000140AC  Pub   Code  ?div64i [1]
polyt1_unpack                          0x0001414E  Pub   Code  poly
_Cast32uto32f                          0x000141D8  Pub         ?Cast32f32i [1]
polyeta_pack                           0x00014256  Pub   Code  poly
dilithium_shake128_stream_init         0x000142D4  Pub   Code  symmetric-shake
?Subroutine0                           0x00014306  Loc         symmetric-shake
dilithium_shake256_stream_init         0x0001430C  Pub   Code  symmetric-shake
poly_uniform_eta                       0x00014342  Pub   Code  poly
pack_pk                                0x000143AA  Pub   Code  packing
rej_uniform                            0x0001440E  Loc   Code  poly
unpack_sig_c_z                         0x00014470  Pub   Code  packing
power2round                            0x000144D2  Pub   Code  rounding
reduce32                               0x00014534  Pub   Code  reduce
?Subroutine0                           0x0001457E  Loc         reduce
caddq                                  0x00014586  Pub   Code  reduce
montgomery_reduce                      0x00014594  Pub   Code  reduce
polyt1_pack                            0x000145F2  Pub   Code  poly
poly_sub                               0x0001464E  Pub   Code  poly
poly_add                               0x000146A2  Pub   Code  poly
?FLT_LT                                0x000146F6  Pub         ?FLT_LT [1]
poly_pointwise_montgomery              0x00014748  Pub   Code  poly
?FLT_Extract                           0x00014796  Pub         ?FLT_Extract [1]
polyw1_pack                            0x000147E2  Pub   Code  poly
__iar_Dunscale                         0x0001482E  Pub   Code  ?xdunscal [1]
randombytes                            0x00014874  Pub   Code  randombytes
?DivMod32s                             0x000148B6  Pub         ?DivMod32s [1]
?ShiftLeft64_7                         0x00014934  Pub         ?ShiftLeft64_n [1]
?ShiftLeft64_6                         0x0001493C  Pub         ?ShiftLeft64_n [1]
?ShiftLeft64_5                         0x00014944  Pub         ?ShiftLeft64_n [1]
?ShiftLeft64_4                         0x0001494C  Pub         ?ShiftLeft64_n [1]
?ShiftLeft64_3                         0x00014954  Pub         ?ShiftLeft64_n [1]
?ShiftRight64u_7                       0x0001496E  Pub         ?ShiftRight64u_n [1]
?ShiftRight64u_6                       0x00014976  Pub         ?ShiftRight64u_n [1]
?ShiftRight64u_5                       0x0001497E  Pub         ?ShiftRight64u_n [1]
?ShiftRight64u_4                       0x00014986  Pub         ?ShiftRight64u_n [1]
?ShiftRight64u_3                       0x0001498E  Pub         ?ShiftRight64u_n [1]
?ShiftRight64u_2                       0x00014996  Pub         ?ShiftRight64u_n [1]
poly_uniform_gamma1                    0x000149A8  Pub   Code  poly
pad                                    0x000149E0  Loc   Code  ?xprintflarge [1]
poly_make_hint                         0x00014A16  Pub   Code  poly
make_hint                              0x00014A4A  Pub   Code  rounding
?DivMod16s                             0x00014A7E  Pub         ?DivMod816s [1]
?DivMod32u                             0x00014AAE  Pub         ?DivMod32u [1]
poly_decompose_a1                      0x00014ADE  Pub   Code  poly
_PutcharsLarge                         0x00014B0E  Loc   Code  ?xprintflarge [1]
poly_use_hint                          0x00014B3A  Pub   Code  poly
poly_power2round                       0x00014B66  Pub   Code  poly
_PutcharLarge                          0x00014B92  Loc   Code  ?xprintflarge [1]
putchar                                0x00014BBA  Pub   Code  ?putchar [1]
?ShiftLeft64                           0x00014BE2  Pub         ?ShiftLeft64 [1]
?ShiftRight64u                         0x00014C08  Pub         ?ShiftRight64u [1]
poly_reduce                            0x00014C2E  Pub   Code  poly
poly_caddq                             0x00014C54  Pub   Code  poly
printf                                 0x00014C7A  Pub   Code  ?printf [1]
__dwrite                               0x00014CA0  Pub   Code  ?__dwrite [1]
poly_decompose_a0                      0x00014CE6  Pub   Code  poly
?Mul8Hw                                0x00014D06  Pub         ?Mul8Hw [1]
?Mul16Hw                               0x00014D0A  Pub         ?Mul8Hw [1]
?Mul16to32uHw                          0x00014D0A  Pub         ?Mul8Hw [1]
?ShiftRight32s_7                       0x00014D26  Pub         ?ShiftRight32s [1]
?ShiftRight32s_6                       0x00014D2A  Pub         ?ShiftRight32s [1]
?ShiftRight32s_5                       0x00014D2E  Pub         ?ShiftRight32s [1]
?ShiftRight32s_4                       0x00014D32  Pub         ?ShiftRight32s [1]
?ShiftRight32s_3                       0x00014D36  Pub         ?ShiftRight32s [1]
?ShiftRight32s_2                       0x00014D3A  Pub         ?ShiftRight32s [1]
?ShiftLeft32_7                         0x00014D44  Pub         ?ShiftLeft32 [1]
?ShiftLeft32_6                         0x00014D48  Pub         ?ShiftLeft32 [1]
?ShiftLeft32_5                         0x00014D4C  Pub         ?ShiftLeft32 [1]
?ShiftLeft32_4                         0x00014D50  Pub         ?ShiftLeft32 [1]
?ShiftLeft32_3                         0x00014D54  Pub         ?ShiftLeft32 [1]
?ShiftRight32u_7                       0x00014D62  Pub         ?ShiftRight32u [1]
?ShiftRight32u_6                       0x00014D66  Pub         ?ShiftRight32u [1]
?ShiftRight32u_5                       0x00014D6A  Pub         ?ShiftRight32u [1]
?ShiftRight32u_4                       0x00014D6E  Pub         ?ShiftRight32u [1]
?ShiftRight32u_3                       0x00014D72  Pub         ?ShiftRight32u [1]
?ShiftRight32u_2                       0x00014D76  Pub         ?ShiftRight32u [1]
?Mul16to32sHw                          0x00014D80  Pub         ?Mul16to32sHw [1]
_Prout                                 0x00014DB6  Pub   Code  ?xprout [1]
?DivMod16u                             0x00014DCE  Pub         ?DivMod816u [1]
__exit                                 0x00014DE6  Pub   Code  ?__exit [1]
__iar_Memchr                           0x00014DFA  Pub   Code  ?memchr [1]
memcpy                                 0x00014E0E  Pub   Code  ?memcpy [1]
strlen                                 0x00014E32  Pub   Code  ?strlen [1]
?CopyMemoryBytes                       0x00014E44  Pub         ?CopyMemoryBytes [1]
?ClearMemoryWords                      0x00014E54  Pub         ?ClearMemoryWords [1]
__data16_memzero                       0x00014E64  Pub   Code  ?memzero [1]
__iar_Strchr                           0x00014E82  Pub   Code  ?strchr [1]
__write                                0x00014E90  Pub   Code  ?__write [1]
_Cast32fto32u                          0x00014E9C  Pub         _Cast32fto32u [1]
poly_invntt_tomont                     0x00014EB2  Pub   Code  poly
_exit                                  0x00014EB6  Pub   Code  ?_exit [1]
exit                                   0x00014EBA  Pub   Code  ?exit [1]
?IndCallR11                            0x00014EBE  Pub         ?IndCallR11 [1]
poly_ntt                               0x00014EC2  Pub   Code  poly
__DebugBreak                           0x00014EC6  Pub   Code  ?__dbg_break [1]

[0] = Command line (linker generated)
[1] = C:\Program Files\IAR Systems\Embedded Workbench 9.1\430\lib\dlib\dl430xlsfn.r43


                ****************************************
                *                                      *
                *              MODULE MAP              *
                *                                      *
                ****************************************

Linker generated:
  Module: ?FILLER_BYTES
**************************************************************
Linker generated:
  Module: ?ABS_ENTRY_MOD

      Absolute module symbols:
        _DATA20_HEAP_SIZE  0x0050  Pub
        _DATA16_HEAP_SIZE  0x03E8  Pub
        _STACK_SIZE        0x7530  Pub
        __iar_HWMUL        0x04C0  Pub
**************************************************************
File: C:\Users\dong\Desktop\MSP430 Code\2025ches_msp430\dilithium\ref\dilithium2_msp430\Debug\Obj\fips202.r43
  Module: fips202
       Segment part 2, DATA16_C
       Address:  0xC000 Size: 0xC0 Align: 2(1)
       Ref by:   keccak_absorb
                 KeccakF1600_StatePermute
      KeccakF_RoundConstants  0xC000  Loc
    --------------------------------------------------
       Segment part 3, <CODE> 2
                      (was CODE)
       Address:  0x00010000 Size: 0x22C8 Align: 2(1)
       Ref by:   keccak_inc_squeeze
                 keccak_inc_absorb
                 keccak_squeezeblocks
      KeccakF1600_StatePermute  0x00010000  Loc
    --------------------------------------------------
       Segment part 4, <CODE> 1
                      (was CODE)
       Address:  0xC51C Size: 0x2594 Align: 2(1)
       Ref by:   shake256
      keccak_absorb        0xC51C  Loc
    --------------------------------------------------
       Segment part 5, <CODE> 2
                      (was CODE)
       Address:  0x000127E0 Size: 0xA8 Align: 2(1)
       Ref by:   shake256
      keccak_squeezeblocks  0x000127E0  Loc
    --------------------------------------------------
       Segment part 6, <CODE> 2
                      (was CODE)
       Address:  0x00012888 Size: 0x8 Align: 2(1)
       Ref by:   keccak_inc_absorb
                 keccak_squeezeblocks
      ?Subroutine4         0x00012888  Loc
    --------------------------------------------------
       Segment part 7, <CODE> 2
                      (was CODE)
       Address:  0x00012890 Size: 0x15C Align: 2(1)
       Ref by:   Segment part 12
      keccak_inc_absorb    0x00012890  Loc
    --------------------------------------------------
       Segment part 8, <CODE> 2
                      (was CODE)
       Address:  0x0001307E Size: 0x150 Align: 2(1)
       Ref by:   ?Subroutine7
      keccak_inc_squeeze   0x0001307E  Loc
    --------------------------------------------------
       Segment part 9, <CODE> 2
                      (was CODE)
       Address:  0x000129EC Size: 0x2 Align: 2(1)
      shake128_inc_init    0x000129EC  Pub  Ref by:   dilithium_shake128_stream_init (symmetric-shake)
    --------------------------------------------------
       Segment part 10, <CODE> 2
                      (was CODE)
       Address:  0x000129EE Size: 0x8 Align: 2(1)
      shake128_inc_absorb  0x000129EE  Pub  Ref by:   dilithium_shake128_stream_init (symmetric-shake)
    --------------------------------------------------
       Segment part 11, <CODE> 2
                      (was CODE)
       Address:  0x000129F6 Size: 0x6 Align: 2(1)
       Ref by:   shake256_inc_absorb
      ?Subroutine2         0x000129F6  Loc
    --------------------------------------------------
       Segment part 12, <CODE> 2
                      (was CODE)
       Address:  0x000129FC Size: 0xA Align: 2(1)
       Ref by:   ?Subroutine2
                 shake128_inc_absorb
    --------------------------------------------------
       Segment part 13, <CODE> 2
                      (was CODE)
       Address:  0x00012A06 Size: 0x3E Align: 2(1)
      shake128_inc_finalize  0x00012A06  Pub  Ref by:   dilithium_shake128_stream_init (symmetric-shake)
    --------------------------------------------------
       Segment part 14, <CODE> 2
                      (was CODE)
       Address:  0x00012A44 Size: 0x14 Align: 2(1)
       Ref by:   shake256_inc_finalize
                 shake128_inc_finalize
      ?Subroutine1         0x00012A44  Loc
    --------------------------------------------------
       Segment part 15, <CODE> 2
                      (was CODE)
       Address:  0x00012A58 Size: 0x6 Align: 2(1)
      shake128_inc_squeeze  0x00012A58  Pub  Ref by:   poly_uniform (poly)
    --------------------------------------------------
       Segment part 16, <CODE> 2
                      (was CODE)
       Address:  0x00012A5E Size: 0x6 Align: 2(1)
       Ref by:   shake256_inc_squeeze
                 shake128_inc_squeeze
      ?Subroutine7         0x00012A5E  Loc
    --------------------------------------------------
       Segment part 18, <CODE> 2
                      (was CODE)
       Address:  0x00012A64 Size: 0x2 Align: 2(1)
      shake128_inc_ctx_release  0x00012A64  Pub  Ref by:   poly_uniform (poly)
    --------------------------------------------------
       Segment part 19, <CODE> 2
                      (was CODE)
       Address:  0x00012A66 Size: 0x2 Align: 2(1)
      shake256_inc_init    0x00012A66  Pub  Ref by:   dilithium_shake256_stream_init (symmetric-shake)
                                                      crypto_sign_verify (sign)
                                                      crypto_sign_signature (sign)
                                                      poly_challenge (poly)
    --------------------------------------------------
       Segment part 20, <CODE> 2
                      (was CODE)
       Address:  0x00012A68 Size: 0x4 Align: 2(1)
      shake256_inc_absorb  0x00012A68  Pub  Ref by:   dilithium_shake256_stream_init (symmetric-shake)
                                                      crypto_sign_verify (sign)
                                                      crypto_sign_signature (sign)
                                                      poly_challenge (poly)
    --------------------------------------------------
       Segment part 21, <CODE> 2
                      (was CODE)
       Address:  0x00012A6C Size: 0x42 Align: 2(1)
      shake256_inc_finalize  0x00012A6C  Pub  Ref by:   dilithium_shake256_stream_init (symmetric-shake)
                                                        crypto_sign_verify (sign)
                                                        crypto_sign_signature (sign)
                                                        poly_challenge (poly)
    --------------------------------------------------
       Segment part 22, <CODE> 2
                      (was CODE)
       Address:  0x00012AAE Size: 0xA Align: 2(1)
      shake256_inc_squeeze  0x00012AAE  Pub  Ref by:   crypto_sign_verify (sign)
                                                       crypto_sign_signature (sign)
                                                       poly_challenge (poly)
                                                       poly_uniform_gamma1 (poly)
                                                       poly_uniform_eta (poly)
    --------------------------------------------------
       Segment part 24, <CODE> 2
                      (was CODE)
       Address:  0x00012AB8 Size: 0x6 Align: 2(1)
       Ref by:   ?Subroutine7
    --------------------------------------------------
       Segment part 26, <CODE> 2
                      (was CODE)
       Address:  0x00012ABE Size: 0x2 Align: 2(1)
      shake256_inc_ctx_release  0x00012ABE  Pub  Ref by:   crypto_sign_verify (sign)
                                                           crypto_sign_signature (sign)
                                                           poly_challenge (poly)
                                                           poly_uniform_gamma1 (poly)
                                                           poly_uniform_eta (poly)
    --------------------------------------------------
       Segment part 38, <CODE> 2
                      (was CODE)
       Address:  0x00012AC0 Size: 0xB4 Align: 2(1)
      shake256             0x00012AC0  Pub  Ref by:   crypto_sign_verify (sign)
                                                      crypto_sign_signature (sign)
                                                      crypto_sign_keypair (sign)
    --------------------------------------------------
       Segment part 40, <CODE> 2
                      (was CODE)
       Address:  0x00012B74 Size: 0x4C Align: 2(1)
       Ref by:   shake256_inc_init
                 shake128_inc_init
      ?Subroutine0         0x00012B74  Loc

      Absolute module symbols:
        store64              0x0000  Pub
        keccak_inc_init      0x0000  Pub
        keccak_inc_finalize  0x0000  Pub
**************************************************************
File: C:\Users\dong\Desktop\MSP430 Code\2025ches_msp430\dilithium\ref\dilithium2_msp430\Debug\Obj\fnt_main.r43
  Module: fnt_main
**************************************************************
File: C:\Users\dong\Desktop\MSP430 Code\2025ches_msp430\dilithium\ref\dilithium2_msp430\Debug\Obj\main.r43
  Module: main
       Segment part 7, DATA16_Z
       Address:  0x1C00 Size: 0x2 Align: 2(1)
       Ref by:   main
      ret                  0x1C00  Pub
    --------------------------------------------------
       Segment part 8, <CODE> 2
                      (was CODE)
       Address:  0x00013F4A Size: 0xB2 Align: 2(1)
      main                 0x00013F4A  Pub  Ref by:   Segment part 27 (?cstart)
    --------------------------------------------------
       Segment part 4, DATA16_C
       Address:  0xC4C0 Size: 0x20 Align: 1(0)
       Ref by:   main
    --------------------------------------------------
       Segment part 6, DATA16_C
       Address:  0xC4E0 Size: 0xA Align: 1(0)
       Ref by:   main
**************************************************************
File: C:\Users\dong\Desktop\MSP430 Code\2025ches_msp430\dilithium\ref\dilithium2_msp430\Debug\Obj\ntt.r43
  Module: ntt
       Segment part 2, DATA16_C
       Address:  0xC0C0 Size: 0x400 Align: 2(1)
       Ref by:   invntt_tomont
                 ntt
      zetas                0xC0C0  Loc
    --------------------------------------------------
       Segment part 3, <CODE> 2
                      (was CODE)
       Address:  0x00012BC0 Size: 0x9E Align: 2(1)
      ntt                  0x00012BC0  Pub  Ref by:   poly_ntt (poly)
    --------------------------------------------------
       Segment part 4, <CODE> 2
                      (was CODE)
       Address:  0x00012C5E Size: 0x8 Align: 2(1)
       Ref by:   invntt_tomont
                 ntt
      ?Subroutine0         0x00012C5E  Loc
    --------------------------------------------------
       Segment part 5, <CODE> 2
                      (was CODE)
       Address:  0x00012C66 Size: 0x10E Align: 2(1)
      invntt_tomont        0x00012C66  Pub  Ref by:   poly_invntt_tomont (poly)
**************************************************************
File: C:\Users\dong\Desktop\MSP430 Code\2025ches_msp430\dilithium\ref\dilithium2_msp430\Debug\Obj\packing.r43
  Module: packing
       Segment part 2, <CODE> 2
                      (was CODE)
       Address:  0x000143AA Size: 0x64 Align: 2(1)
      pack_pk              0x000143AA  Pub  Ref by:   crypto_sign_keypair (sign)
    --------------------------------------------------
       Segment part 5, <CODE> 2
                      (was CODE)
       Address:  0x000137DE Size: 0x1E Align: 2(1)
      unpack_pk_rho        0x000137DE  Pub  Ref by:   crypto_sign_verify (sign)
    --------------------------------------------------
       Segment part 9, <CODE> 2
                      (was CODE)
       Address:  0x000137FC Size: 0x5E Align: 2(1)
      pack_sk_rho_tr_key   0x000137FC  Pub  Ref by:   crypto_sign_keypair (sign)
    --------------------------------------------------
       Segment part 13, <CODE> 2
                      (was CODE)
       Address:  0x0001385A Size: 0x5C Align: 2(1)
      unpack_sk_rho_tr_key  0x0001385A  Pub  Ref by:   crypto_sign_signature (sign)
    --------------------------------------------------
       Segment part 16, <CODE> 2
                      (was CODE)
       Address:  0x000138B6 Size: 0x40 Align: 2(1)
      pack_sig_setup       0x000138B6  Pub  Ref by:   crypto_sign_signature (sign)
    --------------------------------------------------
       Segment part 20, <CODE> 2
                      (was CODE)
       Address:  0x00014470 Size: 0x62 Align: 2(1)
      unpack_sig_c_z       0x00014470  Pub  Ref by:   crypto_sign_verify (sign)
**************************************************************
File: C:\Users\dong\Desktop\MSP430 Code\2025ches_msp430\dilithium\ref\dilithium2_msp430\Debug\Obj\poly.r43
  Module: poly
       Segment part 2, <CODE> 2
                      (was CODE)
       Address:  0x00014C2E Size: 0x26 Align: 2(1)
      poly_reduce          0x00014C2E  Pub  Ref by:   crypto_sign_verify (sign)
                                                      crypto_sign_signature (sign)
                                                      ?Subroutine4 (polyvec)
    --------------------------------------------------
       Segment part 3, <CODE> 2
                      (was CODE)
       Address:  0x00014C54 Size: 0x26 Align: 2(1)
      poly_caddq           0x00014C54  Pub  Ref by:   crypto_sign_verify (sign)
                                                      crypto_sign_keypair (sign)
                                                      polyveck_caddq (polyvec)
    --------------------------------------------------
       Segment part 5, <CODE> 2
                      (was CODE)
       Address:  0x000146A2 Size: 0x54 Align: 2(1)
      poly_add             0x000146A2  Pub  Ref by:   crypto_sign_verify (sign)
                                                      crypto_sign_signature (sign)
                                                      crypto_sign_keypair (sign)
    --------------------------------------------------
       Segment part 6, <CODE> 2
                      (was CODE)
       Address:  0x0001464E Size: 0x54 Align: 2(1)
      poly_sub             0x0001464E  Pub  Ref by:   crypto_sign_verify (sign)
                                                      crypto_sign_signature (sign)
    --------------------------------------------------
       Segment part 7, <CODE> 2
                      (was CODE)
       Address:  0x00013FFC Size: 0xB0 Align: 2(1)
      poly_shiftl          0x00013FFC  Pub  Ref by:   crypto_sign_verify (sign)
    --------------------------------------------------
       Segment part 8, <CODE> 2
                      (was CODE)
       Address:  0x00014EC2 Size: 0x4 Align: 2(1)
      poly_ntt             0x00014EC2  Pub  Ref by:   crypto_sign_verify (sign)
                                                      crypto_sign_signature (sign)
                                                      crypto_sign_keypair (sign)
                                                      ?Subroutine6 (polyvec)
    --------------------------------------------------
       Segment part 9, <CODE> 2
                      (was CODE)
       Address:  0x00014EB2 Size: 0x4 Align: 2(1)
      poly_invntt_tomont   0x00014EB2  Pub  Ref by:   crypto_sign_verify (sign)
                                                      crypto_sign_signature (sign)
                                                      ?Subroutine7 (polyvec)
    --------------------------------------------------
       Segment part 10, <CODE> 2
                      (was CODE)
       Address:  0x00014748 Size: 0x4E Align: 2(1)
      poly_pointwise_montgomery  0x00014748  Pub  Ref by:   crypto_sign_verify (sign)
                                                            crypto_sign_signature (sign)
                                                            crypto_sign_keypair (sign)
    --------------------------------------------------
       Segment part 11, <CODE> 2
                      (was CODE)
       Address:  0x00014B66 Size: 0x2C Align: 2(1)
      poly_power2round     0x00014B66  Pub  Ref by:   crypto_sign_keypair (sign)
    --------------------------------------------------
       Segment part 13, <CODE> 2
                      (was CODE)
       Address:  0x00014ADE Size: 0x30 Align: 2(1)
      poly_decompose_a1    0x00014ADE  Pub  Ref by:   crypto_sign_signature (sign)
    --------------------------------------------------
       Segment part 14, <CODE> 2
                      (was CODE)
       Address:  0x00014CE6 Size: 0x20 Align: 2(1)
      poly_decompose_a0    0x00014CE6  Pub  Ref by:   crypto_sign_signature (sign)
    --------------------------------------------------
       Segment part 15, <CODE> 2
                      (was CODE)
       Address:  0x00014A16 Size: 0x34 Align: 2(1)
      poly_make_hint       0x00014A16  Pub  Ref by:   crypto_sign_signature (sign)
    --------------------------------------------------
       Segment part 16, <CODE> 2
                      (was CODE)
       Address:  0x00014B3A Size: 0x2C Align: 2(1)
      poly_use_hint        0x00014B3A  Pub  Ref by:   crypto_sign_verify (sign)
    --------------------------------------------------
       Segment part 17, <CODE> 2
                      (was CODE)
       Address:  0x00013CF0 Size: 0xD4 Align: 2(1)
      poly_chknorm         0x00013CF0  Pub  Ref by:   crypto_sign_signature (sign)
                                                      ?Subroutine1 (polyvec)
    --------------------------------------------------
       Segment part 18, <CODE> 2
                      (was CODE)
       Address:  0x0001440E Size: 0x62 Align: 2(1)
       Ref by:   poly_uniform
      rej_uniform          0x0001440E  Loc
    --------------------------------------------------
       Segment part 19, <CODE> 2
                      (was CODE)
       Address:  0x000136B4 Size: 0x12A Align: 2(1)
      poly_uniform         0x000136B4  Pub  Ref by:   crypto_sign_verify (sign)
                                                      crypto_sign_signature (sign)
                                                      crypto_sign_keypair (sign)
    --------------------------------------------------
       Segment part 20, <CODE> 2
                      (was CODE)
       Address:  0x00013B0C Size: 0xFC Align: 2(1)
       Ref by:   poly_uniform_eta
      rej_eta              0x00013B0C  Loc
    --------------------------------------------------
       Segment part 21, <CODE> 2
                      (was CODE)
       Address:  0x00014342 Size: 0x68 Align: 2(1)
      poly_uniform_eta     0x00014342  Pub  Ref by:   crypto_sign_keypair (sign)
    --------------------------------------------------
       Segment part 23, <CODE> 2
                      (was CODE)
       Address:  0x000149A8 Size: 0x38 Align: 2(1)
      poly_uniform_gamma1  0x000149A8  Pub  Ref by:   crypto_sign_signature (sign)
    --------------------------------------------------
       Segment part 24, <CODE> 2
                      (was CODE)
       Address:  0x00013312 Size: 0x140 Align: 2(1)
      poly_challenge       0x00013312  Pub  Ref by:   crypto_sign_verify (sign)
                                                      crypto_sign_signature (sign)
    --------------------------------------------------
       Segment part 25, <CODE> 2
                      (was CODE)
       Address:  0x00014256 Size: 0x7E Align: 2(1)
      polyeta_pack         0x00014256  Pub  Ref by:   crypto_sign_keypair (sign)
    --------------------------------------------------
       Segment part 26, <CODE> 2
                      (was CODE)
       Address:  0x000131CE Size: 0x144 Align: 2(1)
      polyeta_unpack       0x000131CE  Pub  Ref by:   crypto_sign_signature (sign)
    --------------------------------------------------
       Segment part 27, <CODE> 2
                      (was CODE)
       Address:  0x000145F2 Size: 0x5C Align: 2(1)
      polyt1_pack          0x000145F2  Pub  Ref by:   pack_pk (packing)
    --------------------------------------------------
       Segment part 28, <CODE> 2
                      (was CODE)
       Address:  0x0001414E Size: 0x8A Align: 2(1)
      polyt1_unpack        0x0001414E  Pub  Ref by:   crypto_sign_verify (sign)
    --------------------------------------------------
       Segment part 29, <CODE> 2
                      (was CODE)
       Address:  0x00012D74 Size: 0x1A6 Align: 2(1)
      polyt0_pack          0x00012D74  Pub  Ref by:   crypto_sign_keypair (sign)
    --------------------------------------------------
       Segment part 30, <CODE> 2
                      (was CODE)
       Address:  0x000125AC Size: 0x234 Align: 2(1)
      polyt0_unpack        0x000125AC  Pub  Ref by:   crypto_sign_signature (sign)
    --------------------------------------------------
       Segment part 31, <CODE> 2
                      (was CODE)
       Address:  0x00013DC4 Size: 0xC6 Align: 2(1)
      polyz_pack           0x00013DC4  Pub  Ref by:   crypto_sign_signature (sign)
    --------------------------------------------------
       Segment part 22, <CODE> 2
                      (was CODE)
       Address:  0x00013452 Size: 0x132 Align: 2(1)
       Ref by:   poly_uniform_gamma1
      polyz_unpack         0x00013452  Pub  Ref by:   unpack_sig_c_z (packing)
    --------------------------------------------------
       Segment part 32, <CODE> 2
                      (was CODE)
       Address:  0x000147E2 Size: 0x4C Align: 2(1)
      polyw1_pack          0x000147E2  Pub  Ref by:   crypto_sign_verify (sign)
                                                      crypto_sign_signature (sign)
**************************************************************
File: C:\Users\dong\Desktop\MSP430 Code\2025ches_msp430\dilithium\ref\dilithium2_msp430\Debug\Obj\polyvec.r43
  Module: polyvec
       Segment part 8, <CODE> 2
                      (was CODE)
       Address:  0x00013A0C Size: 0x2A Align: 2(1)
       Ref by:   polyveck_reduce
      ?Subroutine4         0x00013A0C  Loc
    --------------------------------------------------
       Segment part 13, <CODE> 2
                      (was CODE)
       Address:  0x00013A36 Size: 0x0 Align: 2(1)
      polyvecl_ntt         0x00013A36  Pub  Ref by:   crypto_sign_verify (sign)
    --------------------------------------------------
       Segment part 14, <CODE> 2
                      (was CODE)
       Address:  0x00013A36 Size: 0x2A Align: 2(1)
       Ref by:   polyvecl_ntt
      ?Subroutine6         0x00013A36  Loc
    --------------------------------------------------
       Segment part 16, <CODE> 2
                      (was CODE)
       Address:  0x00013A60 Size: 0x2A Align: 2(1)
       Ref by:   polyveck_invntt_tomont
      ?Subroutine7         0x00013A60  Loc
    --------------------------------------------------
       Segment part 20, <CODE> 2
                      (was CODE)
       Address:  0x00013A8A Size: 0x0 Align: 2(1)
      polyvecl_chknorm     0x00013A8A  Pub  Ref by:   crypto_sign_verify (sign)
    --------------------------------------------------
       Segment part 21, <CODE> 2
                      (was CODE)
       Address:  0x00013A8A Size: 0x50 Align: 2(1)
       Ref by:   polyvecl_chknorm
      ?Subroutine1         0x00013A8A  Loc
    --------------------------------------------------
       Segment part 23, <CODE> 2
                      (was CODE)
       Address:  0x00013ADA Size: 0x4 Align: 2(1)
      polyveck_reduce      0x00013ADA  Pub  Ref by:   crypto_sign_signature (sign)
                                                      crypto_sign_keypair (sign)
    --------------------------------------------------
       Segment part 24, <CODE> 2
                      (was CODE)
       Address:  0x00013ADE Size: 0x2A Align: 2(1)
      polyveck_caddq       0x00013ADE  Pub  Ref by:   crypto_sign_signature (sign)
    --------------------------------------------------
       Segment part 30, <CODE> 2
                      (was CODE)
       Address:  0x00013B08 Size: 0x4 Align: 2(1)
      polyveck_invntt_tomont  0x00013B08  Pub  Ref by:   crypto_sign_signature (sign)
                                                         crypto_sign_keypair (sign)
**************************************************************
File: C:\Users\dong\Desktop\MSP430 Code\2025ches_msp430\dilithium\ref\dilithium2_msp430\Debug\Obj\randombytes.r43
  Module: randombytes
       Segment part 2, <CODE> 2
                      (was CODE)
       Address:  0x00014874 Size: 0x42 Align: 2(1)
      randombytes          0x00014874  Pub  Ref by:   crypto_sign_keypair (sign)
**************************************************************
File: C:\Users\dong\Desktop\MSP430 Code\2025ches_msp430\dilithium\ref\dilithium2_msp430\Debug\Obj\reduce.r43
  Module: reduce
       Segment part 2, <CODE> 2
                      (was CODE)
       Address:  0x00014594 Size: 0x5E Align: 2(1)
      montgomery_reduce    0x00014594  Pub  Ref by:   poly_pointwise_montgomery (poly)
                                                      invntt_tomont (ntt)
                                                      ntt (ntt)
    --------------------------------------------------
       Segment part 3, <CODE> 2
                      (was CODE)
       Address:  0x00014534 Size: 0x4A Align: 2(1)
      reduce32             0x00014534  Pub  Ref by:   poly_reduce (poly)
    --------------------------------------------------
       Segment part 4, <CODE> 2
                      (was CODE)
       Address:  0x0001457E Size: 0x8 Align: 2(1)
       Ref by:   reduce32
      ?Subroutine0         0x0001457E  Loc
    --------------------------------------------------
       Segment part 5, <CODE> 2
                      (was CODE)
       Address:  0x00014586 Size: 0xE Align: 2(1)
      caddq                0x00014586  Pub  Ref by:   poly_caddq (poly)
**************************************************************
File: C:\Users\dong\Desktop\MSP430 Code\2025ches_msp430\dilithium\ref\dilithium2_msp430\Debug\Obj\rounding.r43
  Module: rounding
       Segment part 2, <CODE> 2
                      (was CODE)
       Address:  0x000144D2 Size: 0x62 Align: 2(1)
      power2round          0x000144D2  Pub  Ref by:   poly_power2round (poly)
    --------------------------------------------------
       Segment part 3, <CODE> 2
                      (was CODE)
       Address:  0x00013E8A Size: 0xC0 Align: 2(1)
      decompose            0x00013E8A  Pub  Ref by:   poly_decompose_a0 (poly)
                                                      poly_decompose_a1 (poly)
    --------------------------------------------------
       Segment part 4, <CODE> 2
                      (was CODE)
       Address:  0x00014A4A Size: 0x34 Align: 2(1)
      make_hint            0x00014A4A  Pub  Ref by:   poly_make_hint (poly)
    --------------------------------------------------
       Segment part 5, <CODE> 2
                      (was CODE)
       Address:  0x00013C08 Size: 0xE8 Align: 2(1)
      use_hint             0x00013C08  Pub  Ref by:   poly_use_hint (poly)
**************************************************************
File: C:\Users\dong\Desktop\MSP430 Code\2025ches_msp430\dilithium\ref\dilithium2_msp430\Debug\Obj\sign.r43
  Module: sign
       Segment part 2, <CODE> 2
                      (was CODE)
       Address:  0x000122C8 Size: 0x2E4 Align: 2(1)
      crypto_sign_keypair  0x000122C8  Pub  Ref by:   main (main)
    --------------------------------------------------
       Segment part 3, <CODE> 1
                      (was CODE)
       Address:  0xF1FE Size: 0x5C2 Align: 2(1)
      crypto_sign_signature  0xF1FE  Pub  Ref by:   main (main)
    --------------------------------------------------
       Segment part 5, <CODE> 1
                      (was CODE)
       Address:  0xFC58 Size: 0x312 Align: 2(1)
      crypto_sign_verify   0xFC58  Pub  Ref by:   main (main)
**************************************************************
File: C:\Users\dong\Desktop\MSP430 Code\2025ches_msp430\dilithium\ref\dilithium2_msp430\Debug\Obj\symmetric-shake.r43
  Module: symmetric-shake
       Segment part 2, <CODE> 2
                      (was CODE)
       Address:  0x000142D4 Size: 0x32 Align: 2(1)
      dilithium_shake128_stream_init  0x000142D4  Pub  Ref by:   poly_uniform (poly)
    --------------------------------------------------
       Segment part 3, <CODE> 2
                      (was CODE)
       Address:  0x00014306 Size: 0x6 Align: 2(1)
       Ref by:   dilithium_shake256_stream_init
                 dilithium_shake128_stream_init
      ?Subroutine0         0x00014306  Loc
    --------------------------------------------------
       Segment part 4, <CODE> 2
                      (was CODE)
       Address:  0x0001430C Size: 0x36 Align: 2(1)
      dilithium_shake256_stream_init  0x0001430C  Pub  Ref by:   poly_uniform_gamma1 (poly)
                                                                 poly_uniform_eta (poly)
**************************************************************
File: C:\Program Files\IAR Systems\Embedded Workbench 9.1\430\lib\dlib\dl430xlsfn.r43
  Module: ?abort
  ============================================================
  Module: ?__dbg_break
       Segment part 2, <CODE> 2
                      (was CODE)
       Address:  0x00014EC6 Size: 0x2 Align: 2(1)
      __DebugBreak         0x00014EC6  Pub  Ref by:   __exit (?__exit)
                                                      __dwrite (?__dwrite)
  ============================================================
  Module: ?__dwrite
       Segment part 2, <CODE> 2
                      (was CODE)
       Address:  0x00014CA0 Size: 0x24 Align: 2(1)
      __dwrite             0x00014CA0  Pub  Ref by:   __write (?__write)
  ============================================================
  Module: ?__exit
       Segment part 2, <CODE> 2
                      (was CODE)
       Address:  0x00014DE6 Size: 0x14 Align: 2(1)
      __exit               0x00014DE6  Pub  Ref by:   Segment part 6 (?_exit)
                                                      _exit (?_exit)
  ============================================================
  Module: ?__write
       Segment part 2, <CODE> 2
                      (was CODE)
       Address:  0x00014E90 Size: 0xC Align: 2(1)
      __write              0x00014E90  Pub  Ref by:   putchar (?putchar)
  ============================================================
  Module: ?_exit
       Segment part 0, <CODE> 2
                      (was CODE)
       Address:  0x00014EB6 Size: 0x0 Align: 2(1)
      _exit                0x00014EB6  Pub  Ref by:   exit (?exit)
    --------------------------------------------------
       Segment part 6, <CODE> 2
                      (was CODE)
       Address:  0x00014EB6 Size: 0x4 Align: 2(1)
       Ref by:   _exit
  ============================================================
  Module: ?cppinit
  ============================================================
  Module: ?cstart
       Segment part 1, CSTACK
       Address:  0x26D0 Size: 0x0 Align: 2(1)
    --------------------------------------------------
       Segment part 2, DATA16_Z
       Address:  0x1C02 Size: 0x0 Align: 2(1)
    --------------------------------------------------
       Segment part 5, CODE_I
       Address:  0x1C02 Size: 0x0 Align: 2(1)
    --------------------------------------------------
       Segment part 6, CODE_ID
       Address:  0x00014EC8 Size: 0x0 Align: 2(1)
    --------------------------------------------------
       Segment part 7, DATA20_Z
       Address:  0x1C02 Size: 0x0 Align: 2(1)
    --------------------------------------------------
       Segment part 8, DATA20_I
       Address:  0x1C02 Size: 0x0 Align: 2(1)
    --------------------------------------------------
       Segment part 9, DATA20_ID
       Address:  0x00014EC8 Size: 0x0 Align: 2(1)
    --------------------------------------------------
       Segment part 10, DATA20_C
       Address:  0x00014EC8 Size: 0x0 Align: 2(1)
    --------------------------------------------------
       Segment part 12, DATA20_N
       Address:  0x1C02 Size: 0x0 Align: 2(1)
    --------------------------------------------------
       Segment part 15, CSTART
       Address:  0xC504 Size: 0x4 Align: 2(1)
      __program_start      0xC504  Pub  Ref by:   ?reset_vector (?reset_vector)
                                                  Absolute parts (?ABS_ENTRY_MOD)
      ?cstart_begin        0xC504  Pub
    --------------------------------------------------
       Segment part 20, CSTART
       Address:  0xC508 Size: 0xC Align: 2(1)
      ?cstart_init_zero    0xC508  Pub  Ref by:   ret (main)
    --------------------------------------------------
       Segment part 27, CSTART
       Address:  0xC514 Size: 0x8 Align: 2(1)
       Ref by:   Segment part 15
      ?cstart_call_main    0xC514  Pub
      ?cstart_end          0xC51C  Pub
  ============================================================
  Module: lowinit
  ============================================================
  Module: ?reset_vector
       Segment part 0, RESET
       Address:  0xFFFE Size: 0x2 Align: 2(1)
      ?reset_vector        0xFFFE  Pub  Ref by:   Segment part 15 (?cstart)
  ============================================================
  Module: ?div64i
       Segment part 2, <CODE> 2
                      (was CODE)
       Address:  0x000140AC Size: 0xA2 Align: 2(1)
      _Div64u              0x000140AC  Pub  Ref by:   _LitobLarge (?xprintflarge)
    --------------------------------------------------
       Segment part 4, <CODE> 2
                      (was CODE)
       Address:  0x00014D9C Size: 0x1A Align: 2(1)
       Ref by:   _Div64u
  ============================================================
  Module: ?div
       Segment part 0, <CODE> 1
                      (was CODE)
       Address:  0xFF6A Size: 0x16 Align: 2(1)
      div                  0xFF6A  Pub  Ref by:   _GenldLarge (?xprintflarge)
  ============================================================
  Module: ?exit
       Segment part 2, <CODE> 2
                      (was CODE)
       Address:  0x00014EBA Size: 0x4 Align: 2(1)
      exit                 0x00014EBA  Pub  Ref by:   Segment part 27 (?cstart)
  ============================================================
  Module: ?Mul32fHw32
       Segment part 0, <CODE> 2
                      (was CODE)
       Address:  0x000138F6 Size: 0x116 Align: 2(1)
      ?Mul32fHw32          0x000138F6  Pub  Ref by:   _LdtobLarge (?xprintflarge)
                                                      scale (?xprintflarge)
  ============================================================
  Module: ?FrwpInit
  ============================================================
  Module: ?Cast32f32i
       Segment part 1, <CODE> 2
                      (was CODE)
       Address:  0x000141D8 Size: 0x7E Align: 2(1)
      _Cast32uto32f        0x000141D8  Pub  Ref by:   _LdtobLarge (?xprintflarge)
  ============================================================
  Module: _Cast32fto32u
       Segment part 0, <CODE> 2
                      (was CODE)
       Address:  0x00014E9C Size: 0xC Align: 2(1)
      _Cast32fto32u        0x00014E9C  Pub  Ref by:   _LdtobLarge (?xprintflarge)
  ============================================================
  Module: ?FLT_Extract
       Segment part 0, <CODE> 2
                      (was CODE)
       Address:  0x00014796 Size: 0x4C Align: 2(1)
      ?FLT_Extract         0x00014796  Pub  Ref by:   _Cast32fto32u (_Cast32fto32u)
  ============================================================
  Module: ?FLT_LT
       Segment part 0, <CODE> 2
                      (was CODE)
       Address:  0x000146F6 Size: 0x52 Align: 2(1)
      ?FLT_LT              0x000146F6  Pub  Ref by:   _LdtobLarge (?xprintflarge)
  ============================================================
  Module: _Div32f
       Segment part 0, <CODE> 2
                      (was CODE)
       Address:  0x00013584 Size: 0x130 Align: 2(1)
      _Div32f              0x00013584  Pub  Ref by:   _LdtobLarge (?xprintflarge)
  ============================================================
  Module: _Add32f
       Segment part 0, <CODE> 2
                      (was CODE)
       Address:  0x00012F1A Size: 0x4 Align: 2(1)
      _Sub32f              0x00012F1A  Pub  Ref by:   _LdtobLarge (?xprintflarge)
    --------------------------------------------------
       Segment part 1, <CODE> 2
                      (was CODE)
       Address:  0x00012F1E Size: 0x160 Align: 2(1)
       Ref by:   _Sub32f
      _Add32f              0x00012F1E  Pub
  ============================================================
  Module: ?malloc
  ============================================================
  Module: ?DivMod816u
       Segment part 1, <CODE> 2
                      (was CODE)
       Address:  0x00014DCE Size: 0x18 Align: 2(1)
      ?DivMod16u           0x00014DCE  Pub  Ref by:   ?DivMod16s (?DivMod816s)
  ============================================================
  Module: ?DivMod816s
       Segment part 1, <CODE> 2
                      (was CODE)
       Address:  0x00014A7E Size: 0x30 Align: 2(1)
      ?DivMod16s           0x00014A7E  Pub  Ref by:   div (?div)
  ============================================================
  Module: ?DivMod32u
       Segment part 0, <CODE> 2
                      (was CODE)
       Address:  0x00014AAE Size: 0x30 Align: 2(1)
      ?DivMod32u           0x00014AAE  Pub  Ref by:   _LdtobLarge (?xprintflarge)
                                                      ?DivMod32s (?DivMod32s)
  ============================================================
  Module: ?DivMod32s
       Segment part 0, <CODE> 2
                      (was CODE)
       Address:  0x000148B6 Size: 0x40 Align: 2(1)
      ?DivMod32s           0x000148B6  Pub  Ref by:   _LdtobLarge (?xprintflarge)
  ============================================================
  Module: ?ShiftLeft32
       Segment part 1, <CODE> 2
                      (was CODE)
       Address:  0x00014D44 Size: 0x4 Align: 2(1)
      ?ShiftLeft32_7       0x00014D44  Pub  Ref by:   polyt0_unpack (poly)
                                                      keccak_absorb (fips202)
                                                      KeccakF1600_StatePermute (fips202)
    --------------------------------------------------
       Segment part 2, <CODE> 2
                      (was CODE)
       Address:  0x00014D48 Size: 0x4 Align: 2(1)
       Ref by:   ?ShiftLeft32_7
      ?ShiftLeft32_6       0x00014D48  Pub  Ref by:   polyz_unpack (poly)
                                                      polyt0_unpack (poly)
                                                      polyt1_unpack (poly)
    --------------------------------------------------
       Segment part 3, <CODE> 2
                      (was CODE)
       Address:  0x00014D4C Size: 0x4 Align: 2(1)
       Ref by:   ?ShiftLeft32_6
      ?ShiftLeft32_5       0x00014D4C  Pub  Ref by:   polyt0_unpack (poly)
    --------------------------------------------------
       Segment part 4, <CODE> 2
                      (was CODE)
       Address:  0x00014D50 Size: 0x4 Align: 2(1)
       Ref by:   ?ShiftLeft32_5
      ?ShiftLeft32_4       0x00014D50  Pub
    --------------------------------------------------
       Segment part 5, <CODE> 2
                      (was CODE)
       Address:  0x00014D54 Size: 0xE Align: 2(1)
       Ref by:   ?ShiftLeft32_4
      ?ShiftLeft32_3       0x00014D54  Pub
  ============================================================
  Module: ?ShiftLeft64
       Segment part 0, <CODE> 2
                      (was CODE)
       Address:  0x00014BE2 Size: 0x26 Align: 2(1)
      ?ShiftLeft64         0x00014BE2  Pub  Ref by:   shake256_inc_finalize (fips202)
                                                      shake128_inc_finalize (fips202)
                                                      keccak_inc_absorb (fips202)
  ============================================================
  Module: ?ShiftLeft64_n
       Segment part 0, <CODE> 2
                      (was CODE)
       Address:  0x00014934 Size: 0x8 Align: 2(1)
      ?ShiftLeft64_7       0x00014934  Pub  Ref by:   keccak_absorb (fips202)
                                                      KeccakF1600_StatePermute (fips202)
    --------------------------------------------------
       Segment part 1, <CODE> 2
                      (was CODE)
       Address:  0x0001493C Size: 0x8 Align: 2(1)
       Ref by:   ?ShiftLeft64_7
      ?ShiftLeft64_6       0x0001493C  Pub  Ref by:   keccak_absorb (fips202)
                                                      KeccakF1600_StatePermute (fips202)
    --------------------------------------------------
       Segment part 2, <CODE> 2
                      (was CODE)
       Address:  0x00014944 Size: 0x8 Align: 2(1)
       Ref by:   ?ShiftLeft64_6
      ?ShiftLeft64_5       0x00014944  Pub  Ref by:   keccak_absorb (fips202)
                                                      KeccakF1600_StatePermute (fips202)
    --------------------------------------------------
       Segment part 3, <CODE> 2
                      (was CODE)
       Address:  0x0001494C Size: 0x8 Align: 2(1)
       Ref by:   ?ShiftLeft64_5
      ?ShiftLeft64_4       0x0001494C  Pub  Ref by:   keccak_absorb (fips202)
                                                      KeccakF1600_StatePermute (fips202)
    --------------------------------------------------
       Segment part 4, <CODE> 2
                      (was CODE)
       Address:  0x00014954 Size: 0x1A Align: 2(1)
       Ref by:   ?ShiftLeft64_4
      ?ShiftLeft64_3       0x00014954  Pub
  ============================================================
  Module: ?ShiftRight32s
       Segment part 1, <CODE> 2
                      (was CODE)
       Address:  0x00014D26 Size: 0x4 Align: 2(1)
      ?ShiftRight32s_7     0x00014D26  Pub  Ref by:   use_hint (rounding)
                                                      decompose (rounding)
    --------------------------------------------------
       Segment part 2, <CODE> 2
                      (was CODE)
       Address:  0x00014D2A Size: 0x4 Align: 2(1)
       Ref by:   ?ShiftRight32s_7
      ?ShiftRight32s_6     0x00014D2A  Pub
    --------------------------------------------------
       Segment part 3, <CODE> 2
                      (was CODE)
       Address:  0x00014D2E Size: 0x4 Align: 2(1)
       Ref by:   ?ShiftRight32s_6
      ?ShiftRight32s_5     0x00014D2E  Pub
    --------------------------------------------------
       Segment part 4, <CODE> 2
                      (was CODE)
       Address:  0x00014D32 Size: 0x4 Align: 2(1)
       Ref by:   ?ShiftRight32s_5
      ?ShiftRight32s_4     0x00014D32  Pub
    --------------------------------------------------
       Segment part 5, <CODE> 2
                      (was CODE)
       Address:  0x00014D36 Size: 0x4 Align: 2(1)
       Ref by:   ?ShiftRight32s_4
      ?ShiftRight32s_3     0x00014D36  Pub
    --------------------------------------------------
       Segment part 6, <CODE> 2
                      (was CODE)
       Address:  0x00014D3A Size: 0xA Align: 2(1)
       Ref by:   ?ShiftRight32s_3
      ?ShiftRight32s_2     0x00014D3A  Pub
  ============================================================
  Module: ?ShiftRight32u
       Segment part 1, <CODE> 2
                      (was CODE)
       Address:  0x00014D62 Size: 0x4 Align: 2(1)
      ?ShiftRight32u_7     0x00014D62  Pub  Ref by:   keccak_absorb (fips202)
                                                      KeccakF1600_StatePermute (fips202)
    --------------------------------------------------
       Segment part 2, <CODE> 2
                      (was CODE)
       Address:  0x00014D66 Size: 0x4 Align: 2(1)
       Ref by:   ?ShiftRight32u_7
      ?ShiftRight32u_6     0x00014D66  Pub  Ref by:   keccak_absorb (fips202)
                                                      KeccakF1600_StatePermute (fips202)
    --------------------------------------------------
       Segment part 3, <CODE> 2
                      (was CODE)
       Address:  0x00014D6A Size: 0x4 Align: 2(1)
       Ref by:   ?ShiftRight32u_6
      ?ShiftRight32u_5     0x00014D6A  Pub  Ref by:   keccak_absorb (fips202)
                                                      KeccakF1600_StatePermute (fips202)
    --------------------------------------------------
       Segment part 4, <CODE> 2
                      (was CODE)
       Address:  0x00014D6E Size: 0x4 Align: 2(1)
       Ref by:   ?ShiftRight32u_5
      ?ShiftRight32u_4     0x00014D6E  Pub
    --------------------------------------------------
       Segment part 5, <CODE> 2
                      (was CODE)
       Address:  0x00014D72 Size: 0x4 Align: 2(1)
       Ref by:   ?ShiftRight32u_4
      ?ShiftRight32u_3     0x00014D72  Pub
    --------------------------------------------------
       Segment part 6, <CODE> 2
                      (was CODE)
       Address:  0x00014D76 Size: 0xA Align: 2(1)
       Ref by:   ?ShiftRight32u_3
      ?ShiftRight32u_2     0x00014D76  Pub
  ============================================================
  Module: ?ShiftRight64u
       Segment part 0, <CODE> 2
                      (was CODE)
       Address:  0x00014C08 Size: 0x26 Align: 2(1)
      ?ShiftRight64u       0x00014C08  Pub  Ref by:   keccak_inc_squeeze (fips202)
  ============================================================
  Module: ?ShiftRight64u_n
       Segment part 0, <CODE> 2
                      (was CODE)
       Address:  0x0001496E Size: 0x8 Align: 2(1)
      ?ShiftRight64u_7     0x0001496E  Pub  Ref by:   reduce32 (reduce)
                                                      keccak_absorb (fips202)
                                                      KeccakF1600_StatePermute (fips202)
    --------------------------------------------------
       Segment part 1, <CODE> 2
                      (was CODE)
       Address:  0x00014976 Size: 0x8 Align: 2(1)
       Ref by:   ?ShiftRight64u_7
      ?ShiftRight64u_6     0x00014976  Pub
    --------------------------------------------------
       Segment part 2, <CODE> 2
                      (was CODE)
       Address:  0x0001497E Size: 0x8 Align: 2(1)
       Ref by:   ?ShiftRight64u_6
      ?ShiftRight64u_5     0x0001497E  Pub  Ref by:   power2round (rounding)
                                                      keccak_absorb (fips202)
                                                      KeccakF1600_StatePermute (fips202)
    --------------------------------------------------
       Segment part 3, <CODE> 2
                      (was CODE)
       Address:  0x00014986 Size: 0x8 Align: 2(1)
       Ref by:   ?ShiftRight64u_5
      ?ShiftRight64u_4     0x00014986  Pub
    --------------------------------------------------
       Segment part 4, <CODE> 2
                      (was CODE)
       Address:  0x0001498E Size: 0x8 Align: 2(1)
       Ref by:   ?ShiftRight64u_4
      ?ShiftRight64u_3     0x0001498E  Pub
    --------------------------------------------------
       Segment part 5, <CODE> 2
                      (was CODE)
       Address:  0x00014996 Size: 0x12 Align: 2(1)
       Ref by:   ?ShiftRight64u_3
      ?ShiftRight64u_2     0x00014996  Pub
  ============================================================
  Module: ?memchr
       Segment part 2, <CODE> 2
                      (was CODE)
       Address:  0x00014DFA Size: 0x14 Align: 2(1)
      __iar_Memchr         0x00014DFA  Pub  Ref by:   _PrintfLarge (?xprintflarge)
  ============================================================
  Module: ?memcpy
       Segment part 2, <CODE> 2
                      (was CODE)
       Address:  0x00014E0E Size: 0x12 Align: 2(1)
      memcpy               0x00014E0E  Pub  Ref by:   _LdtobLarge (?xprintflarge)
                                                      Segment part 12 (?xprintflarge)
                                                      _GenldLarge (?xprintflarge)
  ============================================================
  Module: ?memmove
  ============================================================
  Module: ?CopyMemoryBytes
       Segment part 0, <CODE> 2
                      (was CODE)
       Address:  0x00014E44 Size: 0x10 Align: 2(1)
      ?CopyMemoryBytes     0x00014E44  Pub  Ref by:   main (main)
  ============================================================
  Module: ?ClearMemoryWords
       Segment part 0, <CODE> 2
                      (was CODE)
       Address:  0x00014E54 Size: 0x10 Align: 2(1)
      ?ClearMemoryWords    0x00014E54  Pub  Ref by:   main (main)
  ============================================================
  Module: ?memzero
       Segment part 2, <CODE> 2
                      (was CODE)
       Address:  0x00014E64 Size: 0x10 Align: 2(1)
      __data16_memzero     0x00014E64  Pub  Ref by:   ?cstart_init_zero (?cstart)
  ============================================================
  Module: ?MpuInit
  ============================================================
  Module: ?Mul8Hw
       Segment part 0, <CODE> 2
                      (was CODE)
       Address:  0x00014D06 Size: 0x4 Align: 2(1)
      ?Mul8Hw              0x00014D06  Pub  Ref by:   _LitobLarge (?xprintflarge)
    --------------------------------------------------
       Segment part 1, <CODE> 2
                      (was CODE)
       Address:  0x00014D0A Size: 0x1C Align: 2(1)
       Ref by:   ?Mul8Hw
      ?Mul16Hw             0x00014D0A  Pub
      ?Mul16to32uHw        0x00014D0A  Pub
  ============================================================
  Module: ?Mul16to32sHw
       Segment part 0, <CODE> 2
                      (was CODE)
       Address:  0x00014D80 Size: 0x1C Align: 2(1)
      ?Mul16to32sHw        0x00014D80  Pub  Ref by:   _LdtobLarge (?xprintflarge)
  ============================================================
  Module: ?printf
       Segment part 2, <CODE> 2
                      (was CODE)
       Address:  0x00014C7A Size: 0x26 Align: 2(1)
      printf               0x00014C7A  Pub  Ref by:   main (main)
  ============================================================
  Module: ?putchar
       Segment part 2, <CODE> 2
                      (was CODE)
       Address:  0x00014BBA Size: 0x28 Align: 2(1)
      putchar              0x00014BBA  Pub  Ref by:   _Prout (?xprout)
  ============================================================
  Module: ?setjmp
  ============================================================
  Module: ?longjmp
  ============================================================
  Module: ?IndCallR11
       Segment part 0, <CODE> 2
                      (was CODE)
       Address:  0x00014EBE Size: 0x4 Align: 2(1)
      ?IndCallR11          0x00014EBE  Pub  Ref by:   _PutcharLarge (?xprintflarge)
  ============================================================
  Module: ?IndCallR15
  ============================================================
  Module: ?strchr
       Segment part 2, <CODE> 2
                      (was CODE)
       Address:  0x00014E82 Size: 0xE Align: 2(1)
      __iar_Strchr         0x00014E82  Pub  Ref by:   _PrintfLarge (?xprintflarge)
  ============================================================
  Module: ?strlen
       Segment part 2, <CODE> 2
                      (was CODE)
       Address:  0x00014E32 Size: 0x12 Align: 2(1)
      strlen               0x00014E32  Pub  Ref by:   _PrintfLarge (?xprintflarge)
  ============================================================
  Module: ?xcloseall
  ============================================================
  Module: ?xdunscal
       Segment part 2, <CODE> 2
                      (was CODE)
       Address:  0x0001482E Size: 0x46 Align: 2(1)
      __iar_Dunscale       0x0001482E  Pub  Ref by:   _LdtobLarge (?xprintflarge)
  ============================================================
  Module: ?xgetmemchunk
  ============================================================
  Module: ?xprintflarge
       Segment part 19, <CODE> 1
                      (was CODE)
       Address:  0xF7C0 Size: 0x498 Align: 2(1)
      _PrintfLarge         0xF7C0  Pub  Ref by:   printf (?printf)
    --------------------------------------------------
       Segment part 23, <CODE> 2
                      (was CODE)
       Address:  0x00014CC4 Size: 0x8 Align: 2(1)
       Ref by:   Segment part 26
                 _PrintfLarge
    --------------------------------------------------
       Segment part 24, <CODE> 2
                      (was CODE)
       Address:  0x00014CCC Size: 0x8 Align: 2(1)
       Ref by:   _PrintfLarge
    --------------------------------------------------
       Segment part 25, <CODE> 2
                      (was CODE)
       Address:  0x00014CD4 Size: 0xC Align: 2(1)
       Ref by:   Segment part 24
                 Segment part 23
    --------------------------------------------------
       Segment part 26, <CODE> 2
                      (was CODE)
       Address:  0x00014CE0 Size: 0x6 Align: 2(1)
       Ref by:   _PrintfLarge
    --------------------------------------------------
       Segment part 8, <CODE> 1
                      (was CODE)
       Address:  0xEAB0 Size: 0x84 Align: 2(1)
       Ref by:   _PrintfLarge
      LoadInt              0xEAB0  Loc
    --------------------------------------------------
       Segment part 9, <CODE> 1
                      (was CODE)
       Address:  0xEB34 Size: 0xE Align: 2(1)
       Ref by:   LoadInt
    --------------------------------------------------
       Segment part 10, <CODE> 1
                      (was CODE)
       Address:  0xEB42 Size: 0x23E Align: 2(1)
       Ref by:   _LdtobLarge
      _GenldLarge          0xEB42  Loc
    --------------------------------------------------
       Segment part 11, <CODE> 1
                      (was CODE)
       Address:  0xED80 Size: 0x10 Align: 2(1)
       Ref by:   _GenldLarge
    --------------------------------------------------
       Segment part 12, <CODE> 1
                      (was CODE)
       Address:  0xED90 Size: 0xE Align: 2(1)
       Ref by:   Segment part 11
                 _GenldLarge
    --------------------------------------------------
       Segment part 13, <CODE> 1
                      (was CODE)
       Address:  0xED9E Size: 0x1E Align: 2(1)
       Ref by:   _GenldLarge
    --------------------------------------------------
       Segment part 14, <CODE> 1
                      (was CODE)
       Address:  0xEDBC Size: 0x42 Align: 2(1)
       Ref by:   _LdtobLarge
      scale                0xEDBC  Loc
    --------------------------------------------------
       Segment part 15, <CODE> 1
                      (was CODE)
       Address:  0xEDFE Size: 0x23E Align: 2(1)
       Ref by:   _PrintfLarge
      _LdtobLarge          0xEDFE  Loc
    --------------------------------------------------
       Segment part 16, <CODE> 1
                      (was CODE)
       Address:  0xF03C Size: 0x1A6 Align: 2(1)
       Ref by:   _PrintfLarge
      _LitobLarge          0xF03C  Loc
    --------------------------------------------------
       Segment part 17, <CODE> 1
                      (was CODE)
       Address:  0xF1E2 Size: 0x12 Align: 2(1)
       Ref by:   _LitobLarge
    --------------------------------------------------
       Segment part 18, <CODE> 1
                      (was CODE)
       Address:  0xF1F4 Size: 0xA Align: 2(1)
       Ref by:   _LitobLarge
                 LoadInt
                 _PrintfLarge
    --------------------------------------------------
       Segment part 28, <CODE> 2
                      (was CODE)
       Address:  0x000149E0 Size: 0x36 Align: 2(1)
       Ref by:   Segment part 23
      pad                  0x000149E0  Loc
    --------------------------------------------------
       Segment part 29, <CODE> 2
                      (was CODE)
       Address:  0x00014B92 Size: 0x28 Align: 2(1)
       Ref by:   _PutcharsLarge
                 _PrintfLarge
      _PutcharLarge        0x00014B92  Loc
    --------------------------------------------------
       Segment part 30, <CODE> 2
                      (was CODE)
       Address:  0x00014B0E Size: 0x2C Align: 2(1)
       Ref by:   pad
                 Segment part 24
      _PutcharsLarge       0x00014B0E  Loc
    --------------------------------------------------
       Segment part 20, <CODE> 2
                      (was CODE)
       Address:  0x00014E74 Size: 0xE Align: 2(1)
       Ref by:   _PrintfLarge
    --------------------------------------------------
       Segment part 21, <CODE> 2
                      (was CODE)
       Address:  0x00014EA8 Size: 0xA Align: 2(1)
       Ref by:   _PrintfLarge
    --------------------------------------------------
       Segment part 22, <CODE> 2
                      (was CODE)
       Address:  0x00014E20 Size: 0x12 Align: 2(1)
       Ref by:   _PrintfLarge
    --------------------------------------------------
       Segment part 27, <CODE> 2
                      (was CODE)
       Address:  0x000148F6 Size: 0x3E Align: 2(1)
       Ref by:   _PrintfLarge
    --------------------------------------------------
       Segment part 2, DATA16_C
       Address:  0xC4EA Size: 0x7 Align: 1(0)
       Ref by:   _PrintfLarge
    --------------------------------------------------
       Segment part 3, DATA16_C
       Address:  0xC4F1 Size: 0x4 Align: 1(0)
       Ref by:   _LdtobLarge
    --------------------------------------------------
       Segment part 4, DATA16_C
       Address:  0xC4F5 Size: 0x4 Align: 1(0)
       Ref by:   _LdtobLarge
    --------------------------------------------------
       Segment part 5, DATA16_C
       Address:  0xC4F9 Size: 0x4 Align: 1(0)
       Ref by:   _LdtobLarge
    --------------------------------------------------
       Segment part 6, DATA16_C
       Address:  0xC4FD Size: 0x4 Align: 1(0)
       Ref by:   _LdtobLarge
    --------------------------------------------------
       Segment part 7, DATA16_C
       Address:  0xC501 Size: 0x2 Align: 1(0)
       Ref by:   _GenldLarge
  ============================================================
  Module: ?xprout
       Segment part 2, <CODE> 2
                      (was CODE)
       Address:  0x00014DB6 Size: 0x18 Align: 2(1)
      _Prout               0x00014DB6  Pub  Ref by:   printf (?printf)
  ============================================================
  Module: ?xxmemxfree
  ============================================================
  Module: ?xxmemxmalloc


                ****************************************
                *                                      *
                *      SEGMENTS IN ADDRESS ORDER       *
                *                                      *
                ****************************************

SEGMENT    SPACE     START/END ADDRESS       SIZE  TYPE  ALIGN
-------    -----   ---------------------     ----  ----  -----
DATA16_I                  0x1C00                    dse   1(0)
DATA16_Z              0x1C00 - 0x1C01         0x2   rel   2(1)
DATA20_I                  0x1C02                    rel   2(1)
DATA20_Z                  0x1C02                    rel   2(1)
DATA20_N                  0x1C02                    rel   2(1)
CODE_I                    0x1C02                    rel   2(1)
CSTACK                0x26D0 - 0x9BFF      0x7530   rel   2(1)
DATA16_C              0xC000 - 0xC502       0x503   rel   2(1)
CSTART                0xC504 - 0xC51B        0x18   rel   2(1)
<CODE> 1              0xC51C - 0xFF7F      0x3A64   rel   2(1)
RESET                 0xFFFE - 0xFFFF         0x2   rel   2(1)
<CODE> 2          0x00010000 - 0x00014EC7  0x4EC8   rel   2(1)
CODE_ID                 0x00014EC8                  rel   2(1)
DATA20_ID               0x00014EC8                  rel   2(1)
DATA20_C                0x00014EC8                  rel   2(1)

 35'142 bytes of CODE  memory
 30'002 bytes of DATA  memory
  1'283 bytes of CONST memory

Errors: none
Warnings: none
