###############################################################################
#
# IAR UBROF Linker V10.15.2.1487                          04/Sep/2025  17:19:17
# Copyright 1987-2023 IAR Systems AB.
#
#    Target Cpu    =  MSP430
#    Map file      =
#        "C:\Users\dong\Desktop\MSP430
#        Code\test_dilithium2_yb\Debug\List\test_dilithium2_yb.map"
#    Output file 1 =
#        "C:\Users\dong\Desktop\MSP430
#        Code\test_dilithium2_yb\Debug\Exe\test_dilithium2_yb.d43"
#                  =  Format: debug
#                  =  UBROF version 11.1.1
#                  =  Using library modules for C-SPY (-rt)
#    Command line  =
#        -f "C:\Users\dong\Desktop\MSP430
#        Code\test_dilithium2_yb\Debug\Exe\test_dilithium2_yb.d43.rsp"
#        ("C:\Users\dong\Desktop\MSP430
#        Code\test_dilithium2_yb\Debug\Obj\asm_basemul_fnt_mont.r43"
#        "C:\Users\dong\Desktop\MSP430
#        Code\test_dilithium2_yb\Debug\Obj\asm_fnt_mont.r43"
#        "C:\Users\dong\Desktop\MSP430
#        Code\test_dilithium2_yb\Debug\Obj\asm_invfnt_mont.r43"
#        "C:\Users\dong\Desktop\MSP430
#        Code\test_dilithium2_yb\Debug\Obj\asm_InvNTT.r43"
#        "C:\Users\dong\Desktop\MSP430
#        Code\test_dilithium2_yb\Debug\Obj\asm_NTT.r43"
#        "C:\Users\dong\Desktop\MSP430
#        Code\test_dilithium2_yb\Debug\Obj\asm_reduce.r43"
#        "C:\Users\dong\Desktop\MSP430
#        Code\test_dilithium2_yb\Debug\Obj\dil2_basemul.r43"
#        "C:\Users\dong\Desktop\MSP430
#        Code\test_dilithium2_yb\Debug\Obj\fips202.r43"
#        "C:\Users\dong\Desktop\MSP430
#        Code\test_dilithium2_yb\Debug\Obj\fnt_main.r43"
#        "C:\Users\dong\Desktop\MSP430
#        Code\test_dilithium2_yb\Debug\Obj\main.r43"
#        "C:\Users\dong\Desktop\MSP430
#        Code\test_dilithium2_yb\Debug\Obj\new_asm_sha3.r43"
#        "C:\Users\dong\Desktop\MSP430
#        Code\test_dilithium2_yb\Debug\Obj\ntt.r43"
#        "C:\Users\dong\Desktop\MSP430
#        Code\test_dilithium2_yb\Debug\Obj\packing.r43"
#        "C:\Users\dong\Desktop\MSP430
#        Code\test_dilithium2_yb\Debug\Obj\poly.r43"
#        "C:\Users\dong\Desktop\MSP430
#        Code\test_dilithium2_yb\Debug\Obj\polyvec.r43"
#        "C:\Users\dong\Desktop\MSP430
#        Code\test_dilithium2_yb\Debug\Obj\randombytes.r43"
#        "C:\Users\dong\Desktop\MSP430
#        Code\test_dilithium2_yb\Debug\Obj\reduce.r43"
#        "C:\Users\dong\Desktop\MSP430
#        Code\test_dilithium2_yb\Debug\Obj\rounding.r43"
#        "C:\Users\dong\Desktop\MSP430
#        Code\test_dilithium2_yb\Debug\Obj\sign.r43"
#        "C:\Users\dong\Desktop\MSP430
#        Code\test_dilithium2_yb\Debug\Obj\symmetric-shake.r43" --output
#        "C:\Users\dong\Desktop\MSP430
#        Code\test_dilithium2_yb\Debug\Exe\test_dilithium2_yb.d43" -l
#        "C:\Users\dong\Desktop\MSP430
#        Code\test_dilithium2_yb\Debug\List\test_dilithium2_yb.map" -xams
#        "-IC:\Program Files\IAR Systems\Embedded Workbench 9.1\430\LIB\\" --f
#        "C:\Program Files\IAR Systems\Embedded Workbench
#        9.1\430\config\linker\lnk430f6779a.xcl" (-cmsp430 -QCODE_I=CODE_ID
#        -QTLS16_I=TLS16_ID -D__iar_HWMUL=4C0 "-Z(CONST)INFO=1800-19FF"
#        "-Z(CONST)INFOA=1980-19FF" "-Z(CONST)INFOB=1900-197F"
#        "-Z(CONST)INFOC=1880-18FF" "-Z(CONST)INFOD=1800-187F"
#        "-Z(DATA)DATA16_I,DATA16_Z,DATA16_N,TLS16_I=1C00-9BFF"
#        "-Z(DATA)DATA16_HEAP+_DATA16_HEAP_SIZE" "-Z(DATA)CODE_I"
#        "-Z(DATA)DATA20_I,DATA20_Z,DATA20_N,DATA20_HEAP+_DATA20_HEAP_SIZE"
#        "-Z(DATA)CSTACK+_STACK_SIZE#"
#        "-Z(CONST)DATA16_C,DATA16_ID,TLS16_ID,DIFUNCT,CHECKSUM=C000-FF7F"
#        "-Z(CODE)CSTART,ISR_CODE,CODE16=C000-FF7F"
#        "-P(CODE)CODE=C000-FF7F,10000-8BFF7"
#        "-Z(CONST)DATA20_C,DATA20_ID,CODE_ID=C000-FF7F,10040-8BFF7"
#        "-Z(CODE)INTVEC=FF80-FFFF" "-Z(CODE)RESET=FFFE-FFFF") -f "C:\Program
#        Files\IAR Systems\Embedded Workbench
#        9.1\430\config\linker\multiplier32.xcl" (-e?Mul8Hw=?Mul8
#        -e?Mul16Hw=?Mul16 -e?Mul16to32uHw=?Mul16to32u
#        -e?Mul16to32sHw=?Mul16to32s -e?Mul32Hw32=?Mul32 -e?Mul64Hw32=_Mul64i
#        -e?Mul32u32uto64iHw32=_Mul32u32uto64i -e?Mul32fHw32=_Mul32f
#        -e_Mul64fHw32Ptr=_Mul64fPtr) -D_STACK_SIZE=7530 -rt "C:\Program
#        Files\IAR Systems\Embedded Workbench 9.1\430\lib\dlib\dl430xlsfn.r43"
#        -e_PrintfLarge=_Printf -e_ScanfLarge=_Scanf -D_DATA16_HEAP_SIZE=3E8
#        --entry __program_start -D_DATA20_HEAP_SIZE=50 --text_out locale)
#
###############################################################################






                ****************************************
                *                                      *
                *            PROGRAM ENTRY             *
                *                                      *
                ****************************************

  ADDRESS  SPACE  TYPE         MODULE
  -------  -----  ----         ------
   0xC1B4         Relocatable  ?cstart




                ****************************************
                *                                      *
                *            RUNTIME MODEL             *
                *                                      *
                ****************************************

  ATTRIBUTE                   VALUE
  ---------                   -----
  __Heap_Handler              Basic
  __SystemLibrary             DLib
  __code_model                large
  __core                      430X
  __data_model                small
  __dlib_file_descriptor      0
  __dlib_full_locale_support  0
  __double_size               32
  __pic                       no
  __reg_r4                    free
  __reg_r5                    free
  __rt_version                3


                ****************************************
                *                                      *
                *    AUTOMATIC SYMBOL REDIRECTIONS     *
                *                                      *
                ****************************************

                   There are no automatic symbol redirections.



                ****************************************
                *                                      *
                *              ENTRY LIST              *
                *                                      *
                ****************************************

ENTRY                           SPACE  ADDRESS     KIND  TYPE  MODULE
-----                           -----  -------     ----  ----  ------
__MSP430FR5720__                           0x0000  Loc         asm_basemul_fnt_mont
__MSP430FR5720__                           0x0000  Loc         asm_fnt_mont
__MSP430FR5720__                           0x0000  Loc         asm_invfnt_mont
__MSP430FR5720__                           0x0000  Loc         asm_InvNTT
__MSP430FR5720__                           0x0000  Loc         asm_NTT
__MSP430FR5720__                           0x0000  Loc         asm_reduce
__MSP430FR5720__                           0x0000  Loc         dil2_basemul
__MSP430FR5720__                           0x0000  Loc         asm_keccak1600 [0]
_DATA20_HEAP_SIZE                          0x0050  Pub         ?ABS_ENTRY_MOD [1]
_DATA16_HEAP_SIZE                          0x03E8  Pub         ?ABS_ENTRY_MOD [1]
__iar_HWMUL                                0x04C0  Pub         ?ABS_ENTRY_MOD [1]
temp_twiddles                              0x1C00  Pub   Data  fnt_main
twiddles_basemul_257                       0x1CF0  Pub   Data  fnt_main
ret                                        0x1D70  Pub   Data  main
_STACK_SIZE                                0x7530  Pub         ?ABS_ENTRY_MOD [1]
__program_start                            0xC1B4  Pub         ?cstart [2]
?cstart_begin                              0xC1B4  Pub         ?cstart [2]
?cstart_init_zero                          0xC1B8  Pub         ?cstart [2]
?cstart_init_copy                          0xC1C4  Pub         ?cstart [2]
?cstart_call_main                          0xC1D4  Pub         ?cstart [2]
asm_invfnt_merging                         0xC1DC  Pub   Code  asm_invfnt_mont
?cstart_end                                0xC1DC  Pub         ?cstart [2]
layer12_merge_out                          0xC1FA  Loc         asm_invfnt_mont
layer12_merge_in                           0xC20A  Loc         asm_invfnt_mont
layer34_merge_out                          0xC2F6  Loc         asm_invfnt_mont
layer34_merge_in                           0xC306  Loc         asm_invfnt_mont
layer57_merge                              0xC3EA  Loc         asm_invfnt_mont
layer57_merge2                             0xC5BA  Loc         asm_invfnt_mont
final_barrett_reduction                    0xC698  Loc         asm_invfnt_mont
LoadInt                                    0xC97A  Loc   Code  ?xprintflarge [2]
_GenldLarge                                0xCA0C  Loc   Code  ?xprintflarge [2]
scale                                      0xCC86  Loc   Code  ?xprintflarge [2]
_LdtobLarge                                0xCCC8  Loc   Code  ?xprintflarge [2]
_LitobLarge                                0xCF06  Loc   Code  ?xprintflarge [2]
shake128_inc_init                          0xD0C8  Pub   Code  fips202
shake128_inc_absorb                        0xD0CC  Pub   Code  fips202
shake128_inc_finalize                      0xD1C0  Pub   Code  fips202
?Subroutine2                               0xD1FE  Loc         fips202
shake128_inc_squeeze                       0xD212  Pub   Code  fips202
shake128_inc_ctx_release                   0xD36A  Pub   Code  fips202
shake256_inc_init                          0xD36C  Pub   Code  fips202
shake256_inc_absorb                        0xD36E  Pub   Code  fips202
shake256_inc_finalize                      0xD372  Pub   Code  fips202
shake256_inc_squeeze                       0xD3B4  Pub   Code  fips202
shake256_inc_ctx_release                   0xD50C  Pub   Code  fips202
shake256                                   0xD50E  Pub   Code  fips202
?Subroutine1                               0xD5C2  Loc         fips202
?Subroutine0                               0xD60E  Loc         fips202
crypto_sign_signature                      0xD768  Pub   Code  sign
_PrintfLarge                               0xDD6E  Pub   Code  ?xprintflarge [2]
asm_fnt_merging                            0xE206  Pub   Code  asm_fnt_mont
layer13_merge                              0xE220  Loc         asm_fnt_mont
layer45_merge_out                          0xE38C  Loc         asm_fnt_mont
layer45_merge_in                           0xE396  Loc         asm_fnt_mont
layer67_merge_out                          0xE480  Loc         asm_fnt_mont
layer67_merge_in                           0xE48A  Loc         asm_fnt_mont
crypto_sign_verify                         0xE576  Pub   Code  sign
crypto_sign_keypair                        0xE888  Pub   Code  sign
keccak_absorb                              0xEB6C  Loc   Code  fips202
polyt0_unpack                              0xEE42  Pub   Code  poly
asm_pointwise_fnt                          0xF076  Pub   Code  asm_basemul_fnt_mont
round1                                     0xF08C  Loc         asm_basemul_fnt_mont
round2                                     0xF14A  Loc         asm_basemul_fnt_mont
polyt0_pack                                0xF232  Pub   Code  poly
_Sub32f                                    0xF3D8  Pub         _Add32f [2]
_Add32f                                    0xF3DC  Pub         _Add32f [2]
polyeta_unpack                             0xF53C  Pub   Code  poly
poly_challenge                             0xF680  Pub   Code  poly
polyz_unpack                               0xF7C0  Pub   Code  poly
_Div32f                                    0xF8F2  Pub         _Div32f [2]
poly_uniform                               0xFA22  Pub   Code  poly
unpack_pk_rho                              0xFB4C  Pub   Code  packing
pack_sk_rho_tr_key                         0xFB6A  Pub   Code  packing
unpack_sk_rho_tr_key                       0xFBC8  Pub   Code  packing
pack_sig_setup                             0xFC24  Pub   Code  packing
?Mul32fHw32                                0xFC64  Pub         ?Mul32fHw32 [2]
?Subroutine4                               0xFD7A  Loc         polyvec
polyvecl_ntt                               0xFDA4  Pub   Code  polyvec
?Subroutine6                               0xFDA4  Loc         polyvec
?Subroutine7                               0xFDCE  Loc         polyvec
polyvecl_chknorm                           0xFDF8  Pub   Code  polyvec
?Subroutine1                               0xFDF8  Loc         polyvec
polyveck_reduce                            0xFE48  Pub   Code  polyvec
polyveck_caddq                             0xFE4C  Pub   Code  polyvec
polyveck_invntt_tomont                     0xFE76  Pub   Code  polyvec
rej_eta                                    0xFE7A  Loc   Code  poly
?reset_vector                              0xFFFE  Pub         ?reset_vector [2]
asm_keccak1600                         0x00010000  Pub   Code  asm_keccak1600 [0]
asm_invntt_merging                     0x00023BB4  Pub   Code  asm_InvNTT
layer12_merge                          0x00023BC6  Loc         asm_InvNTT
layer34_merge                          0x0002BC32  Loc         asm_InvNTT
poly34_1                               0x0002BC32  Loc         asm_InvNTT
poly34_2                               0x0002BE3E  Loc         asm_InvNTT
poly34_3                               0x0002C04A  Loc         asm_InvNTT
poly34_4                               0x0002C252  Loc         asm_InvNTT
poly34_5                               0x0002C45E  Loc         asm_InvNTT
poly34_6                               0x0002C66A  Loc         asm_InvNTT
poly34_7                               0x0002C876  Loc         asm_InvNTT
poly34_8                               0x0002CA82  Loc         asm_InvNTT
poly34_9                               0x0002CC8E  Loc         asm_InvNTT
poly34_10                              0x0002CE98  Loc         asm_InvNTT
poly34_11                              0x0002D0A2  Loc         asm_InvNTT
poly34_12                              0x0002D2AE  Loc         asm_InvNTT
poly34_13                              0x0002D4B6  Loc         asm_InvNTT
poly34_14                              0x0002D6C2  Loc         asm_InvNTT
poly34_15                              0x0002D8CE  Loc         asm_InvNTT
poly34_16                              0x0002DADA  Loc         asm_InvNTT
layer56_merge                          0x0002DCE6  Loc         asm_InvNTT
poly56_1                               0x0002DCE6  Loc         asm_InvNTT
poly56_2                               0x0002DEF2  Loc         asm_InvNTT
poly56_3                               0x0002E0FE  Loc         asm_InvNTT
poly56_4                               0x0002E30A  Loc         asm_InvNTT
layer78_merge                          0x0002E516  Loc         asm_InvNTT
last_mont                              0x0002E716  Loc         asm_InvNTT
loop_N                                 0x0002E726  Loc         asm_InvNTT
asm_ntt_merging                        0x0002E7A8  Pub   Code  asm_NTT
layer12_merge                          0x0002E7C6  Loc         asm_NTT
layer34_merge                          0x0002E9BE  Loc         asm_NTT
poly34_1                               0x0002E9BE  Loc         asm_NTT
poly34_2                               0x0002EBBA  Loc         asm_NTT
poly34_3                               0x0002EDB6  Loc         asm_NTT
poly34_4                               0x0002EFB2  Loc         asm_NTT
layer56_merge                          0x0002F1AE  Loc         asm_NTT
poly56_1                               0x0002F1AE  Loc         asm_NTT
poly56_2                               0x0002F3A8  Loc         asm_NTT
poly56_3                               0x0002F5A4  Loc         asm_NTT
poly56_4                               0x0002F7A0  Loc         asm_NTT
poly56_5                               0x0002F99C  Loc         asm_NTT
poly56_6                               0x0002FB98  Loc         asm_NTT
poly56_7                               0x0002FD94  Loc         asm_NTT
poly56_8                               0x0002FF90  Loc         asm_NTT
poly56_9                               0x0003018C  Loc         asm_NTT
poly56_10                              0x00030388  Loc         asm_NTT
poly56_11                              0x00030584  Loc         asm_NTT
poly56_12                              0x00030780  Loc         asm_NTT
poly56_13                              0x0003097C  Loc         asm_NTT
poly56_14                              0x00030B76  Loc         asm_NTT
poly56_15                              0x00030D6E  Loc         asm_NTT
poly56_16                              0x00030F6A  Loc         asm_NTT
layer78_merge                          0x0003115E  Loc         asm_NTT
use_hint                               0x00038DD0  Pub   Code  rounding
poly_chknorm                           0x00038EB8  Pub   Code  poly
polyz_pack                             0x00038F8C  Pub   Code  poly
decompose                              0x00039052  Pub   Code  rounding
keccak_squeezeblocks                   0x00039112  Loc   Code  fips202
main                                   0x000391CE  Pub   Code  main
asm_poly_pointwise_mont                0x00039280  Pub   Code  dil2_basemul
f_start                                0x000392AE  Loc         dil2_basemul
poly_shiftl                            0x00039332  Pub   Code  poly
_Div64u                                0x000393E2  Pub   Code  ?div64i [2]
polyt1_unpack                          0x00039484  Pub   Code  poly
asm_poly_reduce32                      0x0003950E  Pub   Code  asm_reduce
reduce32_start                         0x0003953C  Loc         asm_reduce
_Cast32uto32f                          0x00039592  Pub         ?Cast32f32i [2]
polyeta_pack                           0x00039610  Pub   Code  poly
dilithium_shake128_stream_init         0x0003968E  Pub   Code  symmetric-shake
?Subroutine0                           0x000396C0  Loc         symmetric-shake
dilithium_shake256_stream_init         0x000396C6  Pub   Code  symmetric-shake
poly_uniform_eta                       0x000396FC  Pub   Code  poly
pack_pk                                0x00039764  Pub   Code  packing
power2round                            0x000397C8  Pub   Code  rounding
rej_uniform                            0x0003982A  Loc   Code  poly
unpack_sig_c_z                         0x0003988C  Pub   Code  packing
polyt1_pack                            0x000398EE  Pub   Code  poly
poly_sub                               0x0003994A  Pub   Code  poly
poly_add                               0x0003999E  Pub   Code  poly
?FLT_LT                                0x000399F2  Pub         ?FLT_LT [2]
polyw1_pack                            0x00039A44  Pub   Code  poly
?FLT_Extract                           0x00039A90  Pub         ?FLT_Extract [2]
__iar_Dunscale                         0x00039ADC  Pub   Code  ?xdunscal [2]
randombytes                            0x00039B22  Pub   Code  randombytes
?DivMod32s                             0x00039B64  Pub         ?DivMod32s [2]
poly_uniform_gamma1                    0x00039BE2  Pub   Code  poly
pad                                    0x00039C1A  Loc   Code  ?xprintflarge [2]
make_hint                              0x00039C50  Pub   Code  rounding
poly_make_hint                         0x00039C84  Pub   Code  poly
?DivMod32u                             0x00039CB8  Pub         ?DivMod32u [2]
?DivMod16s                             0x00039CE8  Pub         ?DivMod816s [2]
poly_decompose_a1                      0x00039D18  Pub   Code  poly
_PutcharsLarge                         0x00039D48  Loc   Code  ?xprintflarge [2]
poly_use_hint                          0x00039D74  Pub   Code  poly
poly_power2round                       0x00039DA0  Pub   Code  poly
?ShiftRight64u_5                       0x00039DCC  Pub         ?ShiftRight64u_n [2]
?ShiftRight64u_4                       0x00039DD4  Pub         ?ShiftRight64u_n [2]
?ShiftRight64u_3                       0x00039DDC  Pub         ?ShiftRight64u_n [2]
?ShiftRight64u_2                       0x00039DE4  Pub         ?ShiftRight64u_n [2]
_PutcharLarge                          0x00039DF6  Loc   Code  ?xprintflarge [2]
putchar                                0x00039E1E  Pub   Code  ?putchar [2]
printf                                 0x00039E46  Pub   Code  ?printf [2]
?ShiftRight64u                         0x00039E6C  Pub         ?ShiftRight64u [2]
poly_caddq                             0x00039E92  Pub   Code  poly
?ShiftLeft64                           0x00039EB8  Pub         ?ShiftLeft64 [2]
__dwrite                               0x00039EDE  Pub   Code  ?__dwrite [2]
poly_decompose_a0                      0x00039F24  Pub   Code  poly
?Mul8Hw                                0x00039F44  Pub         ?Mul8Hw [2]
?Mul16Hw                               0x00039F48  Pub         ?Mul8Hw [2]
?Mul16to32uHw                          0x00039F48  Pub         ?Mul8Hw [2]
?ShiftLeft32_7                         0x00039F64  Pub         ?ShiftLeft32 [2]
?ShiftLeft32_6                         0x00039F68  Pub         ?ShiftLeft32 [2]
?ShiftLeft32_5                         0x00039F6C  Pub         ?ShiftLeft32 [2]
?ShiftLeft32_4                         0x00039F70  Pub         ?ShiftLeft32 [2]
?ShiftLeft32_3                         0x00039F74  Pub         ?ShiftLeft32 [2]
?ShiftRight32s_7                       0x00039F82  Pub         ?ShiftRight32s [2]
?ShiftRight32s_6                       0x00039F86  Pub         ?ShiftRight32s [2]
?ShiftRight32s_5                       0x00039F8A  Pub         ?ShiftRight32s [2]
?ShiftRight32s_4                       0x00039F8E  Pub         ?ShiftRight32s [2]
?ShiftRight32s_3                       0x00039F92  Pub         ?ShiftRight32s [2]
?ShiftRight32s_2                       0x00039F96  Pub         ?ShiftRight32s [2]
?Mul16to32sHw                          0x00039FA0  Pub         ?Mul16to32sHw [2]
?DivMod16u                             0x00039FD6  Pub         ?DivMod816u [2]
_Prout                                 0x00039FEE  Pub   Code  ?xprout [2]
div                                    0x0003A006  Pub   Code  ?div [2]
__iar_Memchr                           0x0003A01C  Pub   Code  ?memchr [2]
__exit                                 0x0003A030  Pub   Code  ?__exit [2]
strlen                                 0x0003A044  Pub   Code  ?strlen [2]
memcpy                                 0x0003A056  Pub   Code  ?memcpy [2]
?ClearMemoryWords                      0x0003A07A  Pub         ?ClearMemoryWords [2]
?CopyMemoryBytes                       0x0003A08A  Pub         ?CopyMemoryBytes [2]
__data16_memzero                       0x0003A09A  Pub   Code  ?memzero [2]
__iar_Strchr                           0x0003A0B8  Pub   Code  ?strchr [2]
caddq                                  0x0003A0C6  Pub   Code  reduce
_Cast32fto32u                          0x0003A0D4  Pub         _Cast32fto32u [2]
__write                                0x0003A0E0  Pub   Code  ?__write [2]
poly_fnt                               0x0003A0EC  Pub   Code  fnt_main
poly_invfnt                            0x0003A0F4  Pub   Code  fnt_main
poly_pointwise_fnt                     0x0003A0FC  Pub   Code  fnt_main
_exit                                  0x0003A104  Pub   Code  ?_exit [2]
poly_invntt_tomont                     0x0003A108  Pub   Code  poly
poly_ntt                               0x0003A10C  Pub   Code  poly
__data16_memcpy                        0x0003A110  Pub   Code  ?memzero [2]
poly_pointwise_montgomery              0x0003A114  Pub   Code  poly
poly_reduce                            0x0003A118  Pub   Code  poly
exit                                   0x0003A11C  Pub   Code  ?exit [2]
?IndCallR11                            0x0003A120  Pub         ?IndCallR11 [2]
__DebugBreak                           0x0003A124  Pub   Code  ?__dbg_break [2]

[0] = C:\Users\dong\Desktop\MSP430 Code\test_dilithium2_yb\Debug\Obj\new_asm_sha3.r43
[1] = Command line (linker generated)
[2] = C:\Program Files\IAR Systems\Embedded Workbench 9.1\430\lib\dlib\dl430xlsfn.r43


                ****************************************
                *                                      *
                *              MODULE MAP              *
                *                                      *
                ****************************************

Linker generated:
  Module: ?FILLER_BYTES
**************************************************************
Linker generated:
  Module: ?ABS_ENTRY_MOD

      Absolute module symbols:
        _DATA20_HEAP_SIZE  0x0050  Pub
        _DATA16_HEAP_SIZE  0x03E8  Pub
        _STACK_SIZE        0x7530  Pub
        __iar_HWMUL        0x04C0  Pub
**************************************************************
File: C:\Users\dong\Desktop\MSP430 Code\test_dilithium2_yb\Debug\Obj\asm_basemul_fnt_mont.r43
  Module: asm_basemul_fnt_mont
       Segment part 0, <CODE> 1 [root]
                      (was CODE)
       Address:  0xF076 Size: 0x1BC Align: 2(1)
      asm_pointwise_fnt    0xF076  Pub  Ref by:   poly_pointwise_fnt (fnt_main)
      round1               0xF08C  Loc
      round2               0xF14A  Loc

      Absolute module symbols:
        __MSP430FR5720__  0x0000  Loc
**************************************************************
File: C:\Users\dong\Desktop\MSP430 Code\test_dilithium2_yb\Debug\Obj\asm_fnt_mont.r43
  Module: asm_fnt_mont
       Segment part 0, <CODE> 1 [root]
                      (was CODE)
       Address:  0xE206 Size: 0x370 Align: 2(1)
      asm_fnt_merging      0xE206  Pub  Ref by:   poly_fnt (fnt_main)
      layer13_merge        0xE220  Loc
      layer45_merge_out    0xE38C  Loc
      layer45_merge_in     0xE396  Loc
      layer67_merge_out    0xE480  Loc
      layer67_merge_in     0xE48A  Loc

      Absolute module symbols:
        __MSP430FR5720__  0x0000  Loc
**************************************************************
File: C:\Users\dong\Desktop\MSP430 Code\test_dilithium2_yb\Debug\Obj\asm_invfnt_mont.r43
  Module: asm_invfnt_mont
       Segment part 0, <CODE> 1 [root]
                      (was CODE)
       Address:  0xC1DC Size: 0x79E Align: 2(1)
      asm_invfnt_merging       0xC1DC  Pub  Ref by:   poly_invfnt (fnt_main)
      layer12_merge_out        0xC1FA  Loc
      layer12_merge_in         0xC20A  Loc
      layer34_merge_out        0xC2F6  Loc
      layer34_merge_in         0xC306  Loc
      layer57_merge            0xC3EA  Loc
      layer57_merge2           0xC5BA  Loc
      final_barrett_reduction  0xC698  Loc

      Absolute module symbols:
        __MSP430FR5720__  0x0000  Loc
**************************************************************
File: C:\Users\dong\Desktop\MSP430 Code\test_dilithium2_yb\Debug\Obj\asm_InvNTT.r43
  Module: asm_InvNTT
       Segment part 0, <CODE> 2 [root]
                      (was CODE)
       Address:  0x00023BB4 Size: 0xABF4 Align: 2(1)
      asm_invntt_merging   0x00023BB4  Pub  Ref by:   poly_invntt_tomont (poly)
      layer12_merge        0x00023BC6  Loc
      layer34_merge        0x0002BC32  Loc
      poly34_1             0x0002BC32  Loc
      poly34_2             0x0002BE3E  Loc
      poly34_3             0x0002C04A  Loc
      poly34_4             0x0002C252  Loc
      poly34_5             0x0002C45E  Loc
      poly34_6             0x0002C66A  Loc
      poly34_7             0x0002C876  Loc
      poly34_8             0x0002CA82  Loc
      poly34_9             0x0002CC8E  Loc
      poly34_10            0x0002CE98  Loc
      poly34_11            0x0002D0A2  Loc
      poly34_12            0x0002D2AE  Loc
      poly34_13            0x0002D4B6  Loc
      poly34_14            0x0002D6C2  Loc
      poly34_15            0x0002D8CE  Loc
      poly34_16            0x0002DADA  Loc
      layer56_merge        0x0002DCE6  Loc
      poly56_1             0x0002DCE6  Loc
      poly56_2             0x0002DEF2  Loc
      poly56_3             0x0002E0FE  Loc
      poly56_4             0x0002E30A  Loc
      layer78_merge        0x0002E516  Loc
      last_mont            0x0002E716  Loc
      loop_N               0x0002E726  Loc

      Absolute module symbols:
        __MSP430FR5720__  0x0000  Loc
**************************************************************
File: C:\Users\dong\Desktop\MSP430 Code\test_dilithium2_yb\Debug\Obj\asm_NTT.r43
  Module: asm_NTT
       Segment part 0, <CODE> 2 [root]
                      (was CODE)
       Address:  0x0002E7A8 Size: 0xA628 Align: 2(1)
      asm_ntt_merging      0x0002E7A8  Pub  Ref by:   poly_ntt (poly)
      layer12_merge        0x0002E7C6  Loc
      layer34_merge        0x0002E9BE  Loc
      poly34_1             0x0002E9BE  Loc
      poly34_2             0x0002EBBA  Loc
      poly34_3             0x0002EDB6  Loc
      poly34_4             0x0002EFB2  Loc
      layer56_merge        0x0002F1AE  Loc
      poly56_1             0x0002F1AE  Loc
      poly56_2             0x0002F3A8  Loc
      poly56_3             0x0002F5A4  Loc
      poly56_4             0x0002F7A0  Loc
      poly56_5             0x0002F99C  Loc
      poly56_6             0x0002FB98  Loc
      poly56_7             0x0002FD94  Loc
      poly56_8             0x0002FF90  Loc
      poly56_9             0x0003018C  Loc
      poly56_10            0x00030388  Loc
      poly56_11            0x00030584  Loc
      poly56_12            0x00030780  Loc
      poly56_13            0x0003097C  Loc
      poly56_14            0x00030B76  Loc
      poly56_15            0x00030D6E  Loc
      poly56_16            0x00030F6A  Loc
      layer78_merge        0x0003115E  Loc

      Absolute module symbols:
        __MSP430FR5720__  0x0000  Loc
**************************************************************
File: C:\Users\dong\Desktop\MSP430 Code\test_dilithium2_yb\Debug\Obj\asm_reduce.r43
  Module: asm_reduce
       Segment part 0, <CODE> 2 [root]
                      (was CODE)
       Address:  0x0003950E Size: 0x84 Align: 2(1)
      asm_poly_reduce32    0x0003950E  Pub  Ref by:   poly_reduce (poly)
      reduce32_start       0x0003953C  Loc

      Absolute module symbols:
        __MSP430FR5720__  0x0000  Loc
**************************************************************
File: C:\Users\dong\Desktop\MSP430 Code\test_dilithium2_yb\Debug\Obj\dil2_basemul.r43
  Module: dil2_basemul
       Segment part 0, <CODE> 2 [root]
                      (was CODE)
       Address:  0x00039280 Size: 0xB2 Align: 2(1)
      asm_poly_pointwise_mont  0x00039280  Pub  Ref by:   poly_pointwise_montgomery (poly)
      f_start                  0x000392AE  Loc

      Absolute module symbols:
        __MSP430FR5720__  0x0000  Loc
**************************************************************
File: C:\Users\dong\Desktop\MSP430 Code\test_dilithium2_yb\Debug\Obj\fips202.r43
  Module: fips202
       Segment part 2, <CODE> 1
                      (was CODE)
       Address:  0xEB6C Size: 0x2D6 Align: 2(1)
       Ref by:   shake256
      keccak_absorb        0xEB6C  Loc
    --------------------------------------------------
       Segment part 3, <CODE> 2
                      (was CODE)
       Address:  0x00039112 Size: 0xBC Align: 2(1)
       Ref by:   shake256
      keccak_squeezeblocks  0x00039112  Loc
    --------------------------------------------------
       Segment part 4, <CODE> 1
                      (was CODE)
       Address:  0xD0C8 Size: 0x4 Align: 2(1)
      shake128_inc_init    0xD0C8  Pub  Ref by:   dilithium_shake128_stream_init (symmetric-shake)
    --------------------------------------------------
       Segment part 5, <CODE> 1
                      (was CODE)
       Address:  0xD0CC Size: 0xF4 Align: 2(1)
      shake128_inc_absorb  0xD0CC  Pub  Ref by:   dilithium_shake128_stream_init (symmetric-shake)
    --------------------------------------------------
       Segment part 6, <CODE> 1
                      (was CODE)
       Address:  0xD1C0 Size: 0x3E Align: 2(1)
      shake128_inc_finalize  0xD1C0  Pub  Ref by:   dilithium_shake128_stream_init (symmetric-shake)
    --------------------------------------------------
       Segment part 7, <CODE> 1
                      (was CODE)
       Address:  0xD1FE Size: 0x14 Align: 2(1)
       Ref by:   shake256_inc_finalize
                 shake128_inc_finalize
      ?Subroutine2         0xD1FE  Loc
    --------------------------------------------------
       Segment part 8, <CODE> 1
                      (was CODE)
       Address:  0xD212 Size: 0x158 Align: 2(1)
      shake128_inc_squeeze  0xD212  Pub  Ref by:   poly_uniform (poly)
    --------------------------------------------------
       Segment part 10, <CODE> 1
                      (was CODE)
       Address:  0xD36A Size: 0x2 Align: 2(1)
      shake128_inc_ctx_release  0xD36A  Pub  Ref by:   poly_uniform (poly)
    --------------------------------------------------
       Segment part 11, <CODE> 1
                      (was CODE)
       Address:  0xD36C Size: 0x2 Align: 2(1)
      shake256_inc_init    0xD36C  Pub  Ref by:   dilithium_shake256_stream_init (symmetric-shake)
                                                  crypto_sign_verify (sign)
                                                  crypto_sign_signature (sign)
                                                  poly_challenge (poly)
    --------------------------------------------------
       Segment part 12, <CODE> 1
                      (was CODE)
       Address:  0xD36E Size: 0x4 Align: 2(1)
      shake256_inc_absorb  0xD36E  Pub  Ref by:   dilithium_shake256_stream_init (symmetric-shake)
                                                  crypto_sign_verify (sign)
                                                  crypto_sign_signature (sign)
                                                  poly_challenge (poly)
    --------------------------------------------------
       Segment part 13, <CODE> 1
                      (was CODE)
       Address:  0xD372 Size: 0x42 Align: 2(1)
      shake256_inc_finalize  0xD372  Pub  Ref by:   dilithium_shake256_stream_init (symmetric-shake)
                                                    crypto_sign_verify (sign)
                                                    crypto_sign_signature (sign)
                                                    poly_challenge (poly)
    --------------------------------------------------
       Segment part 14, <CODE> 1
                      (was CODE)
       Address:  0xD3B4 Size: 0x158 Align: 2(1)
      shake256_inc_squeeze  0xD3B4  Pub  Ref by:   crypto_sign_verify (sign)
                                                   crypto_sign_signature (sign)
                                                   poly_challenge (poly)
                                                   poly_uniform_gamma1 (poly)
                                                   poly_uniform_eta (poly)
    --------------------------------------------------
       Segment part 16, <CODE> 1
                      (was CODE)
       Address:  0xD50C Size: 0x2 Align: 2(1)
      shake256_inc_ctx_release  0xD50C  Pub  Ref by:   crypto_sign_verify (sign)
                                                       crypto_sign_signature (sign)
                                                       poly_challenge (poly)
                                                       poly_uniform_gamma1 (poly)
                                                       poly_uniform_eta (poly)
    --------------------------------------------------
       Segment part 30, <CODE> 1
                      (was CODE)
       Address:  0xD50E Size: 0xB4 Align: 2(1)
      shake256             0xD50E  Pub  Ref by:   crypto_sign_verify (sign)
                                                  crypto_sign_signature (sign)
                                                  crypto_sign_keypair (sign)
    --------------------------------------------------
       Segment part 32, <CODE> 1
                      (was CODE)
       Address:  0xD5C2 Size: 0x4C Align: 2(1)
       Ref by:   shake256_inc_init
                 shake128_inc_init
      ?Subroutine1         0xD5C2  Loc
    --------------------------------------------------
       Segment part 42, <CODE> 1
                      (was CODE)
       Address:  0xD60E Size: 0x152 Align: 2(1)
       Ref by:   shake256_inc_absorb
                 shake128_inc_absorb
      ?Subroutine0         0xD60E  Loc
    --------------------------------------------------
       Segment part 43, <CODE> 1
                      (was CODE)
       Address:  0xD760 Size: 0x8 Align: 2(1)
       Ref by:   ?Subroutine0
                 shake256_inc_squeeze
                 shake128_inc_squeeze

      Absolute module symbols:
        store64              0x0000  Pub
        keccak_inc_init      0x0000  Pub
        keccak_inc_absorb    0x0000  Pub
        keccak_inc_finalize  0x0000  Pub
        keccak_inc_squeeze   0x0000  Pub
**************************************************************
File: C:\Users\dong\Desktop\MSP430 Code\test_dilithium2_yb\Debug\Obj\fnt_main.r43
  Module: fnt_main
       Segment part 2, DATA16_I
       Address:  0x1C00 Size: 0xF0 Align: 2(1)
       Ref by:   poly_invfnt
                 poly_fnt
      temp_twiddles        0x1C00  Pub
    --------------------------------------------------
       Segment part 4, DATA16_I
       Address:  0x1CF0 Size: 0x80 Align: 2(1)
       Ref by:   poly_pointwise_fnt
      twiddles_basemul_257  0x1CF0  Pub
    --------------------------------------------------
       Segment part 8, <CODE> 2
                      (was CODE)
       Address:  0x0003A0EC Size: 0x8 Align: 2(1)
      poly_fnt             0x0003A0EC  Pub  Ref by:   crypto_sign_signature (sign)
    --------------------------------------------------
       Segment part 9, <CODE> 2
                      (was CODE)
       Address:  0x0003A0F4 Size: 0x8 Align: 2(1)
      poly_invfnt          0x0003A0F4  Pub  Ref by:   crypto_sign_signature (sign)
    --------------------------------------------------
       Segment part 10, <CODE> 2
                      (was CODE)
       Address:  0x0003A0FC Size: 0x8 Align: 2(1)
      poly_pointwise_fnt   0x0003A0FC  Pub  Ref by:   crypto_sign_signature (sign)
    --------------------------------------------------
       Segment part 3, DATA16_ID
       Address:  0xC044 Size: 0xF0 Align: 2(1)
       Ref by:   temp_twiddles
    --------------------------------------------------
       Segment part 5, DATA16_ID
       Address:  0xC134 Size: 0x80 Align: 2(1)
       Ref by:   twiddles_basemul_257
**************************************************************
File: C:\Users\dong\Desktop\MSP430 Code\test_dilithium2_yb\Debug\Obj\main.r43
  Module: main
       Segment part 7, DATA16_Z
       Address:  0x1D70 Size: 0x2 Align: 2(1)
       Ref by:   main
      ret                  0x1D70  Pub
    --------------------------------------------------
       Segment part 8, <CODE> 2
                      (was CODE)
       Address:  0x000391CE Size: 0xB2 Align: 2(1)
      main                 0x000391CE  Pub  Ref by:   Segment part 27 (?cstart)
    --------------------------------------------------
       Segment part 4, DATA16_C
       Address:  0xC000 Size: 0x20 Align: 1(0)
       Ref by:   main
    --------------------------------------------------
       Segment part 6, DATA16_C
       Address:  0xC020 Size: 0xA Align: 1(0)
       Ref by:   main
**************************************************************
File: C:\Users\dong\Desktop\MSP430 Code\test_dilithium2_yb\Debug\Obj\new_asm_sha3.r43
  Module: asm_keccak1600
       Segment part 0, <CODE> 2 [root]
                      (was CODE)
       Address:  0x00010000 Size: 0x13BB4 Align: 2(1)
      asm_keccak1600       0x00010000  Pub  Ref by:   keccak_absorb (fips202)
                                                      keccak_squeezeblocks (fips202)
                                                      shake128_inc_absorb (fips202)
                                                      shake128_inc_squeeze (fips202)
                                                      shake256_inc_squeeze (fips202)
                                                      ?Subroutine0 (fips202)

      Absolute module symbols:
        __MSP430FR5720__  0x0000  Loc
**************************************************************
File: C:\Users\dong\Desktop\MSP430 Code\test_dilithium2_yb\Debug\Obj\ntt.r43
  Module: ntt
**************************************************************
File: C:\Users\dong\Desktop\MSP430 Code\test_dilithium2_yb\Debug\Obj\packing.r43
  Module: packing
       Segment part 2, <CODE> 2
                      (was CODE)
       Address:  0x00039764 Size: 0x64 Align: 2(1)
      pack_pk              0x00039764  Pub  Ref by:   crypto_sign_keypair (sign)
    --------------------------------------------------
       Segment part 5, <CODE> 1
                      (was CODE)
       Address:  0xFB4C Size: 0x1E Align: 2(1)
      unpack_pk_rho        0xFB4C  Pub  Ref by:   crypto_sign_verify (sign)
    --------------------------------------------------
       Segment part 9, <CODE> 1
                      (was CODE)
       Address:  0xFB6A Size: 0x5E Align: 2(1)
      pack_sk_rho_tr_key   0xFB6A  Pub  Ref by:   crypto_sign_keypair (sign)
    --------------------------------------------------
       Segment part 13, <CODE> 1
                      (was CODE)
       Address:  0xFBC8 Size: 0x5C Align: 2(1)
      unpack_sk_rho_tr_key  0xFBC8  Pub  Ref by:   crypto_sign_signature (sign)
    --------------------------------------------------
       Segment part 16, <CODE> 1
                      (was CODE)
       Address:  0xFC24 Size: 0x40 Align: 2(1)
      pack_sig_setup       0xFC24  Pub  Ref by:   crypto_sign_signature (sign)
    --------------------------------------------------
       Segment part 20, <CODE> 2
                      (was CODE)
       Address:  0x0003988C Size: 0x62 Align: 2(1)
      unpack_sig_c_z       0x0003988C  Pub  Ref by:   crypto_sign_verify (sign)
**************************************************************
File: C:\Users\dong\Desktop\MSP430 Code\test_dilithium2_yb\Debug\Obj\poly.r43
  Module: poly
       Segment part 2, <CODE> 2
                      (was CODE)
       Address:  0x0003A118 Size: 0x4 Align: 2(1)
      poly_reduce          0x0003A118  Pub  Ref by:   crypto_sign_verify (sign)
                                                      crypto_sign_signature (sign)
                                                      ?Subroutine4 (polyvec)
    --------------------------------------------------
       Segment part 3, <CODE> 2
                      (was CODE)
       Address:  0x00039E92 Size: 0x26 Align: 2(1)
      poly_caddq           0x00039E92  Pub  Ref by:   crypto_sign_verify (sign)
                                                      crypto_sign_keypair (sign)
                                                      polyveck_caddq (polyvec)
    --------------------------------------------------
       Segment part 5, <CODE> 2
                      (was CODE)
       Address:  0x0003999E Size: 0x54 Align: 2(1)
      poly_add             0x0003999E  Pub  Ref by:   crypto_sign_verify (sign)
                                                      crypto_sign_signature (sign)
                                                      crypto_sign_keypair (sign)
    --------------------------------------------------
       Segment part 6, <CODE> 2
                      (was CODE)
       Address:  0x0003994A Size: 0x54 Align: 2(1)
      poly_sub             0x0003994A  Pub  Ref by:   crypto_sign_verify (sign)
                                                      crypto_sign_signature (sign)
    --------------------------------------------------
       Segment part 7, <CODE> 2
                      (was CODE)
       Address:  0x00039332 Size: 0xB0 Align: 2(1)
      poly_shiftl          0x00039332  Pub  Ref by:   crypto_sign_verify (sign)
    --------------------------------------------------
       Segment part 8, <CODE> 2
                      (was CODE)
       Address:  0x0003A10C Size: 0x4 Align: 2(1)
      poly_ntt             0x0003A10C  Pub  Ref by:   crypto_sign_verify (sign)
                                                      crypto_sign_signature (sign)
                                                      crypto_sign_keypair (sign)
                                                      ?Subroutine6 (polyvec)
    --------------------------------------------------
       Segment part 9, <CODE> 2
                      (was CODE)
       Address:  0x0003A108 Size: 0x4 Align: 2(1)
      poly_invntt_tomont   0x0003A108  Pub  Ref by:   crypto_sign_verify (sign)
                                                      crypto_sign_signature (sign)
                                                      ?Subroutine7 (polyvec)
    --------------------------------------------------
       Segment part 10, <CODE> 2
                      (was CODE)
       Address:  0x0003A114 Size: 0x4 Align: 2(1)
      poly_pointwise_montgomery  0x0003A114  Pub  Ref by:   crypto_sign_verify (sign)
                                                            crypto_sign_signature (sign)
                                                            crypto_sign_keypair (sign)
    --------------------------------------------------
       Segment part 11, <CODE> 2
                      (was CODE)
       Address:  0x00039DA0 Size: 0x2C Align: 2(1)
      poly_power2round     0x00039DA0  Pub  Ref by:   crypto_sign_keypair (sign)
    --------------------------------------------------
       Segment part 13, <CODE> 2
                      (was CODE)
       Address:  0x00039D18 Size: 0x30 Align: 2(1)
      poly_decompose_a1    0x00039D18  Pub  Ref by:   crypto_sign_signature (sign)
    --------------------------------------------------
       Segment part 14, <CODE> 2
                      (was CODE)
       Address:  0x00039F24 Size: 0x20 Align: 2(1)
      poly_decompose_a0    0x00039F24  Pub  Ref by:   crypto_sign_signature (sign)
    --------------------------------------------------
       Segment part 15, <CODE> 2
                      (was CODE)
       Address:  0x00039C84 Size: 0x34 Align: 2(1)
      poly_make_hint       0x00039C84  Pub  Ref by:   crypto_sign_signature (sign)
    --------------------------------------------------
       Segment part 16, <CODE> 2
                      (was CODE)
       Address:  0x00039D74 Size: 0x2C Align: 2(1)
      poly_use_hint        0x00039D74  Pub  Ref by:   crypto_sign_verify (sign)
    --------------------------------------------------
       Segment part 17, <CODE> 2
                      (was CODE)
       Address:  0x00038EB8 Size: 0xD4 Align: 2(1)
      poly_chknorm         0x00038EB8  Pub  Ref by:   crypto_sign_signature (sign)
                                                      ?Subroutine1 (polyvec)
    --------------------------------------------------
       Segment part 18, <CODE> 2
                      (was CODE)
       Address:  0x0003982A Size: 0x62 Align: 2(1)
       Ref by:   poly_uniform
      rej_uniform          0x0003982A  Loc
    --------------------------------------------------
       Segment part 19, <CODE> 1
                      (was CODE)
       Address:  0xFA22 Size: 0x12A Align: 2(1)
      poly_uniform         0xFA22  Pub  Ref by:   crypto_sign_verify (sign)
                                                  crypto_sign_signature (sign)
                                                  crypto_sign_keypair (sign)
    --------------------------------------------------
       Segment part 20, <CODE> 1
                      (was CODE)
       Address:  0xFE7A Size: 0xFC Align: 2(1)
       Ref by:   poly_uniform_eta
      rej_eta              0xFE7A  Loc
    --------------------------------------------------
       Segment part 21, <CODE> 2
                      (was CODE)
       Address:  0x000396FC Size: 0x68 Align: 2(1)
      poly_uniform_eta     0x000396FC  Pub  Ref by:   crypto_sign_keypair (sign)
    --------------------------------------------------
       Segment part 23, <CODE> 2
                      (was CODE)
       Address:  0x00039BE2 Size: 0x38 Align: 2(1)
      poly_uniform_gamma1  0x00039BE2  Pub  Ref by:   crypto_sign_signature (sign)
    --------------------------------------------------
       Segment part 24, <CODE> 1
                      (was CODE)
       Address:  0xF680 Size: 0x140 Align: 2(1)
      poly_challenge       0xF680  Pub  Ref by:   crypto_sign_verify (sign)
                                                  crypto_sign_signature (sign)
    --------------------------------------------------
       Segment part 25, <CODE> 2
                      (was CODE)
       Address:  0x00039610 Size: 0x7E Align: 2(1)
      polyeta_pack         0x00039610  Pub  Ref by:   crypto_sign_keypair (sign)
    --------------------------------------------------
       Segment part 26, <CODE> 1
                      (was CODE)
       Address:  0xF53C Size: 0x144 Align: 2(1)
      polyeta_unpack       0xF53C  Pub  Ref by:   crypto_sign_signature (sign)
    --------------------------------------------------
       Segment part 27, <CODE> 2
                      (was CODE)
       Address:  0x000398EE Size: 0x5C Align: 2(1)
      polyt1_pack          0x000398EE  Pub  Ref by:   pack_pk (packing)
    --------------------------------------------------
       Segment part 28, <CODE> 2
                      (was CODE)
       Address:  0x00039484 Size: 0x8A Align: 2(1)
      polyt1_unpack        0x00039484  Pub  Ref by:   crypto_sign_verify (sign)
    --------------------------------------------------
       Segment part 29, <CODE> 1
                      (was CODE)
       Address:  0xF232 Size: 0x1A6 Align: 2(1)
      polyt0_pack          0xF232  Pub  Ref by:   crypto_sign_keypair (sign)
    --------------------------------------------------
       Segment part 30, <CODE> 1
                      (was CODE)
       Address:  0xEE42 Size: 0x234 Align: 2(1)
      polyt0_unpack        0xEE42  Pub  Ref by:   crypto_sign_signature (sign)
    --------------------------------------------------
       Segment part 31, <CODE> 2
                      (was CODE)
       Address:  0x00038F8C Size: 0xC6 Align: 2(1)
      polyz_pack           0x00038F8C  Pub  Ref by:   crypto_sign_signature (sign)
    --------------------------------------------------
       Segment part 22, <CODE> 1
                      (was CODE)
       Address:  0xF7C0 Size: 0x132 Align: 2(1)
       Ref by:   poly_uniform_gamma1
      polyz_unpack         0xF7C0  Pub  Ref by:   unpack_sig_c_z (packing)
    --------------------------------------------------
       Segment part 32, <CODE> 2
                      (was CODE)
       Address:  0x00039A44 Size: 0x4C Align: 2(1)
      polyw1_pack          0x00039A44  Pub  Ref by:   crypto_sign_verify (sign)
                                                      crypto_sign_signature (sign)
**************************************************************
File: C:\Users\dong\Desktop\MSP430 Code\test_dilithium2_yb\Debug\Obj\polyvec.r43
  Module: polyvec
       Segment part 8, <CODE> 1
                      (was CODE)
       Address:  0xFD7A Size: 0x2A Align: 2(1)
       Ref by:   polyveck_reduce
      ?Subroutine4         0xFD7A  Loc
    --------------------------------------------------
       Segment part 13, <CODE> 1
                      (was CODE)
       Address:  0xFDA4 Size: 0x0 Align: 2(1)
      polyvecl_ntt         0xFDA4  Pub  Ref by:   crypto_sign_verify (sign)
    --------------------------------------------------
       Segment part 14, <CODE> 1
                      (was CODE)
       Address:  0xFDA4 Size: 0x2A Align: 2(1)
       Ref by:   polyvecl_ntt
      ?Subroutine6         0xFDA4  Loc
    --------------------------------------------------
       Segment part 16, <CODE> 1
                      (was CODE)
       Address:  0xFDCE Size: 0x2A Align: 2(1)
       Ref by:   polyveck_invntt_tomont
      ?Subroutine7         0xFDCE  Loc
    --------------------------------------------------
       Segment part 20, <CODE> 1
                      (was CODE)
       Address:  0xFDF8 Size: 0x0 Align: 2(1)
      polyvecl_chknorm     0xFDF8  Pub  Ref by:   crypto_sign_verify (sign)
    --------------------------------------------------
       Segment part 21, <CODE> 1
                      (was CODE)
       Address:  0xFDF8 Size: 0x50 Align: 2(1)
       Ref by:   polyvecl_chknorm
      ?Subroutine1         0xFDF8  Loc
    --------------------------------------------------
       Segment part 23, <CODE> 1
                      (was CODE)
       Address:  0xFE48 Size: 0x4 Align: 2(1)
      polyveck_reduce      0xFE48  Pub  Ref by:   crypto_sign_signature (sign)
                                                  crypto_sign_keypair (sign)
    --------------------------------------------------
       Segment part 24, <CODE> 1
                      (was CODE)
       Address:  0xFE4C Size: 0x2A Align: 2(1)
      polyveck_caddq       0xFE4C  Pub  Ref by:   crypto_sign_signature (sign)
    --------------------------------------------------
       Segment part 30, <CODE> 1
                      (was CODE)
       Address:  0xFE76 Size: 0x4 Align: 2(1)
      polyveck_invntt_tomont  0xFE76  Pub  Ref by:   crypto_sign_signature (sign)
                                                     crypto_sign_keypair (sign)
**************************************************************
File: C:\Users\dong\Desktop\MSP430 Code\test_dilithium2_yb\Debug\Obj\randombytes.r43
  Module: randombytes
       Segment part 2, <CODE> 2
                      (was CODE)
       Address:  0x00039B22 Size: 0x42 Align: 2(1)
      randombytes          0x00039B22  Pub  Ref by:   crypto_sign_keypair (sign)
**************************************************************
File: C:\Users\dong\Desktop\MSP430 Code\test_dilithium2_yb\Debug\Obj\reduce.r43
  Module: reduce
       Segment part 5, <CODE> 2
                      (was CODE)
       Address:  0x0003A0C6 Size: 0xE Align: 2(1)
      caddq                0x0003A0C6  Pub  Ref by:   poly_caddq (poly)
**************************************************************
File: C:\Users\dong\Desktop\MSP430 Code\test_dilithium2_yb\Debug\Obj\rounding.r43
  Module: rounding
       Segment part 2, <CODE> 2
                      (was CODE)
       Address:  0x000397C8 Size: 0x62 Align: 2(1)
      power2round          0x000397C8  Pub  Ref by:   poly_power2round (poly)
    --------------------------------------------------
       Segment part 3, <CODE> 2
                      (was CODE)
       Address:  0x00039052 Size: 0xC0 Align: 2(1)
      decompose            0x00039052  Pub  Ref by:   poly_decompose_a0 (poly)
                                                      poly_decompose_a1 (poly)
    --------------------------------------------------
       Segment part 4, <CODE> 2
                      (was CODE)
       Address:  0x00039C50 Size: 0x34 Align: 2(1)
      make_hint            0x00039C50  Pub  Ref by:   poly_make_hint (poly)
    --------------------------------------------------
       Segment part 5, <CODE> 2
                      (was CODE)
       Address:  0x00038DD0 Size: 0xE8 Align: 2(1)
      use_hint             0x00038DD0  Pub  Ref by:   poly_use_hint (poly)
**************************************************************
File: C:\Users\dong\Desktop\MSP430 Code\test_dilithium2_yb\Debug\Obj\sign.r43
  Module: sign
       Segment part 2, <CODE> 1
                      (was CODE)
       Address:  0xE888 Size: 0x2E4 Align: 2(1)
      crypto_sign_keypair  0xE888  Pub  Ref by:   main (main)
    --------------------------------------------------
       Segment part 3, <CODE> 1
                      (was CODE)
       Address:  0xD768 Size: 0x606 Align: 2(1)
      crypto_sign_signature  0xD768  Pub  Ref by:   main (main)
    --------------------------------------------------
       Segment part 5, <CODE> 1
                      (was CODE)
       Address:  0xE576 Size: 0x312 Align: 2(1)
      crypto_sign_verify   0xE576  Pub  Ref by:   main (main)
**************************************************************
File: C:\Users\dong\Desktop\MSP430 Code\test_dilithium2_yb\Debug\Obj\symmetric-shake.r43
  Module: symmetric-shake
       Segment part 2, <CODE> 2
                      (was CODE)
       Address:  0x0003968E Size: 0x32 Align: 2(1)
      dilithium_shake128_stream_init  0x0003968E  Pub  Ref by:   poly_uniform (poly)
    --------------------------------------------------
       Segment part 3, <CODE> 2
                      (was CODE)
       Address:  0x000396C0 Size: 0x6 Align: 2(1)
       Ref by:   dilithium_shake256_stream_init
                 dilithium_shake128_stream_init
      ?Subroutine0         0x000396C0  Loc
    --------------------------------------------------
       Segment part 4, <CODE> 2
                      (was CODE)
       Address:  0x000396C6 Size: 0x36 Align: 2(1)
      dilithium_shake256_stream_init  0x000396C6  Pub  Ref by:   poly_uniform_gamma1 (poly)
                                                                 poly_uniform_eta (poly)
**************************************************************
File: C:\Program Files\IAR Systems\Embedded Workbench 9.1\430\lib\dlib\dl430xlsfn.r43
  Module: ?abort
  ============================================================
  Module: ?__dbg_break
       Segment part 2, <CODE> 2
                      (was CODE)
       Address:  0x0003A124 Size: 0x2 Align: 2(1)
      __DebugBreak         0x0003A124  Pub  Ref by:   __exit (?__exit)
                                                      __dwrite (?__dwrite)
  ============================================================
  Module: ?__dwrite
       Segment part 2, <CODE> 2
                      (was CODE)
       Address:  0x00039EDE Size: 0x24 Align: 2(1)
      __dwrite             0x00039EDE  Pub  Ref by:   __write (?__write)
  ============================================================
  Module: ?__exit
       Segment part 2, <CODE> 2
                      (was CODE)
       Address:  0x0003A030 Size: 0x14 Align: 2(1)
      __exit               0x0003A030  Pub  Ref by:   Segment part 6 (?_exit)
                                                      _exit (?_exit)
  ============================================================
  Module: ?__write
       Segment part 2, <CODE> 2
                      (was CODE)
       Address:  0x0003A0E0 Size: 0xC Align: 2(1)
      __write              0x0003A0E0  Pub  Ref by:   putchar (?putchar)
  ============================================================
  Module: ?_exit
       Segment part 0, <CODE> 2
                      (was CODE)
       Address:  0x0003A104 Size: 0x0 Align: 2(1)
      _exit                0x0003A104  Pub  Ref by:   exit (?exit)
    --------------------------------------------------
       Segment part 6, <CODE> 2
                      (was CODE)
       Address:  0x0003A104 Size: 0x4 Align: 2(1)
       Ref by:   _exit
  ============================================================
  Module: ?cppinit
  ============================================================
  Module: ?cstart
       Segment part 1, CSTACK
       Address:  0x26D0 Size: 0x0 Align: 2(1)
    --------------------------------------------------
       Segment part 2, DATA16_Z
       Address:  0x1D72 Size: 0x0 Align: 2(1)
    --------------------------------------------------
       Segment part 3, DATA16_I
       Address:  0x1D70 Size: 0x0 Align: 2(1)
    --------------------------------------------------
       Segment part 4, DATA16_ID
       Address:  0xC1B4 Size: 0x0 Align: 2(1)
    --------------------------------------------------
       Segment part 5, CODE_I
       Address:  0x1D72 Size: 0x0 Align: 2(1)
    --------------------------------------------------
       Segment part 6, CODE_ID
       Address:  0x0003A126 Size: 0x0 Align: 2(1)
    --------------------------------------------------
       Segment part 7, DATA20_Z
       Address:  0x1D72 Size: 0x0 Align: 2(1)
    --------------------------------------------------
       Segment part 8, DATA20_I
       Address:  0x1D72 Size: 0x0 Align: 2(1)
    --------------------------------------------------
       Segment part 9, DATA20_ID
       Address:  0x0003A126 Size: 0x0 Align: 2(1)
    --------------------------------------------------
       Segment part 10, DATA20_C
       Address:  0x0003A126 Size: 0x0 Align: 2(1)
    --------------------------------------------------
       Segment part 12, DATA20_N
       Address:  0x1D72 Size: 0x0 Align: 2(1)
    --------------------------------------------------
       Segment part 15, CSTART
       Address:  0xC1B4 Size: 0x4 Align: 2(1)
      __program_start      0xC1B4  Pub  Ref by:   ?reset_vector (?reset_vector)
                                                  Absolute parts (?ABS_ENTRY_MOD)
      ?cstart_begin        0xC1B4  Pub
    --------------------------------------------------
       Segment part 20, CSTART
       Address:  0xC1B8 Size: 0xC Align: 2(1)
      ?cstart_init_zero    0xC1B8  Pub  Ref by:   ret (main)
    --------------------------------------------------
       Segment part 21, CSTART
       Address:  0xC1C4 Size: 0x10 Align: 2(1)
      ?cstart_init_copy    0xC1C4  Pub  Ref by:   twiddles_basemul_257 (fnt_main)
                                                  temp_twiddles (fnt_main)
    --------------------------------------------------
       Segment part 27, CSTART
       Address:  0xC1D4 Size: 0x8 Align: 2(1)
       Ref by:   Segment part 15
      ?cstart_call_main    0xC1D4  Pub
      ?cstart_end          0xC1DC  Pub
  ============================================================
  Module: lowinit
  ============================================================
  Module: ?reset_vector
       Segment part 0, RESET
       Address:  0xFFFE Size: 0x2 Align: 2(1)
      ?reset_vector        0xFFFE  Pub  Ref by:   Segment part 15 (?cstart)
  ============================================================
  Module: ?div64i
       Segment part 2, <CODE> 2
                      (was CODE)
       Address:  0x000393E2 Size: 0xA2 Align: 2(1)
      _Div64u              0x000393E2  Pub  Ref by:   _LitobLarge (?xprintflarge)
    --------------------------------------------------
       Segment part 4, <CODE> 2
                      (was CODE)
       Address:  0x00039FBC Size: 0x1A Align: 2(1)
       Ref by:   _Div64u
  ============================================================
  Module: ?div
       Segment part 0, <CODE> 2
                      (was CODE)
       Address:  0x0003A006 Size: 0x16 Align: 2(1)
      div                  0x0003A006  Pub  Ref by:   _GenldLarge (?xprintflarge)
  ============================================================
  Module: ?exit
       Segment part 2, <CODE> 2
                      (was CODE)
       Address:  0x0003A11C Size: 0x4 Align: 2(1)
      exit                 0x0003A11C  Pub  Ref by:   Segment part 27 (?cstart)
  ============================================================
  Module: ?Mul32fHw32
       Segment part 0, <CODE> 1
                      (was CODE)
       Address:  0xFC64 Size: 0x116 Align: 2(1)
      ?Mul32fHw32          0xFC64  Pub  Ref by:   _LdtobLarge (?xprintflarge)
                                                  scale (?xprintflarge)
  ============================================================
  Module: ?FrwpInit
  ============================================================
  Module: ?Cast32f32i
       Segment part 1, <CODE> 2
                      (was CODE)
       Address:  0x00039592 Size: 0x7E Align: 2(1)
      _Cast32uto32f        0x00039592  Pub  Ref by:   _LdtobLarge (?xprintflarge)
  ============================================================
  Module: _Cast32fto32u
       Segment part 0, <CODE> 2
                      (was CODE)
       Address:  0x0003A0D4 Size: 0xC Align: 2(1)
      _Cast32fto32u        0x0003A0D4  Pub  Ref by:   _LdtobLarge (?xprintflarge)
  ============================================================
  Module: ?FLT_Extract
       Segment part 0, <CODE> 2
                      (was CODE)
       Address:  0x00039A90 Size: 0x4C Align: 2(1)
      ?FLT_Extract         0x00039A90  Pub  Ref by:   _Cast32fto32u (_Cast32fto32u)
  ============================================================
  Module: ?FLT_LT
       Segment part 0, <CODE> 2
                      (was CODE)
       Address:  0x000399F2 Size: 0x52 Align: 2(1)
      ?FLT_LT              0x000399F2  Pub  Ref by:   _LdtobLarge (?xprintflarge)
  ============================================================
  Module: _Div32f
       Segment part 0, <CODE> 1
                      (was CODE)
       Address:  0xF8F2 Size: 0x130 Align: 2(1)
      _Div32f              0xF8F2  Pub  Ref by:   _LdtobLarge (?xprintflarge)
  ============================================================
  Module: _Add32f
       Segment part 0, <CODE> 1
                      (was CODE)
       Address:  0xF3D8 Size: 0x4 Align: 2(1)
      _Sub32f              0xF3D8  Pub  Ref by:   _LdtobLarge (?xprintflarge)
    --------------------------------------------------
       Segment part 1, <CODE> 1
                      (was CODE)
       Address:  0xF3DC Size: 0x160 Align: 2(1)
       Ref by:   _Sub32f
      _Add32f              0xF3DC  Pub
  ============================================================
  Module: ?malloc
  ============================================================
  Module: ?DivMod816u
       Segment part 1, <CODE> 2
                      (was CODE)
       Address:  0x00039FD6 Size: 0x18 Align: 2(1)
      ?DivMod16u           0x00039FD6  Pub  Ref by:   ?DivMod16s (?DivMod816s)
  ============================================================
  Module: ?DivMod816s
       Segment part 1, <CODE> 2
                      (was CODE)
       Address:  0x00039CE8 Size: 0x30 Align: 2(1)
      ?DivMod16s           0x00039CE8  Pub  Ref by:   div (?div)
  ============================================================
  Module: ?DivMod32u
       Segment part 0, <CODE> 2
                      (was CODE)
       Address:  0x00039CB8 Size: 0x30 Align: 2(1)
      ?DivMod32u           0x00039CB8  Pub  Ref by:   _LdtobLarge (?xprintflarge)
                                                      ?DivMod32s (?DivMod32s)
  ============================================================
  Module: ?DivMod32s
       Segment part 0, <CODE> 2
                      (was CODE)
       Address:  0x00039B64 Size: 0x40 Align: 2(1)
      ?DivMod32s           0x00039B64  Pub  Ref by:   _LdtobLarge (?xprintflarge)
  ============================================================
  Module: ?ShiftLeft32
       Segment part 1, <CODE> 2
                      (was CODE)
       Address:  0x00039F64 Size: 0x4 Align: 2(1)
      ?ShiftLeft32_7       0x00039F64  Pub  Ref by:   polyt0_unpack (poly)
    --------------------------------------------------
       Segment part 2, <CODE> 2
                      (was CODE)
       Address:  0x00039F68 Size: 0x4 Align: 2(1)
       Ref by:   ?ShiftLeft32_7
      ?ShiftLeft32_6       0x00039F68  Pub  Ref by:   polyz_unpack (poly)
                                                      polyt0_unpack (poly)
                                                      polyt1_unpack (poly)
    --------------------------------------------------
       Segment part 3, <CODE> 2
                      (was CODE)
       Address:  0x00039F6C Size: 0x4 Align: 2(1)
       Ref by:   ?ShiftLeft32_6
      ?ShiftLeft32_5       0x00039F6C  Pub  Ref by:   polyt0_unpack (poly)
    --------------------------------------------------
       Segment part 4, <CODE> 2
                      (was CODE)
       Address:  0x00039F70 Size: 0x4 Align: 2(1)
       Ref by:   ?ShiftLeft32_5
      ?ShiftLeft32_4       0x00039F70  Pub
    --------------------------------------------------
       Segment part 5, <CODE> 2
                      (was CODE)
       Address:  0x00039F74 Size: 0xE Align: 2(1)
       Ref by:   ?ShiftLeft32_4
      ?ShiftLeft32_3       0x00039F74  Pub
  ============================================================
  Module: ?ShiftLeft64
       Segment part 0, <CODE> 2
                      (was CODE)
       Address:  0x00039EB8 Size: 0x26 Align: 2(1)
      ?ShiftLeft64         0x00039EB8  Pub  Ref by:   ?Subroutine0 (fips202)
                                                      shake256_inc_finalize (fips202)
                                                      shake128_inc_finalize (fips202)
                                                      shake128_inc_absorb (fips202)
  ============================================================
  Module: ?ShiftLeft64_n
  ============================================================
  Module: ?ShiftRight32s
       Segment part 1, <CODE> 2
                      (was CODE)
       Address:  0x00039F82 Size: 0x4 Align: 2(1)
      ?ShiftRight32s_7     0x00039F82  Pub  Ref by:   use_hint (rounding)
                                                      decompose (rounding)
    --------------------------------------------------
       Segment part 2, <CODE> 2
                      (was CODE)
       Address:  0x00039F86 Size: 0x4 Align: 2(1)
       Ref by:   ?ShiftRight32s_7
      ?ShiftRight32s_6     0x00039F86  Pub
    --------------------------------------------------
       Segment part 3, <CODE> 2
                      (was CODE)
       Address:  0x00039F8A Size: 0x4 Align: 2(1)
       Ref by:   ?ShiftRight32s_6
      ?ShiftRight32s_5     0x00039F8A  Pub
    --------------------------------------------------
       Segment part 4, <CODE> 2
                      (was CODE)
       Address:  0x00039F8E Size: 0x4 Align: 2(1)
       Ref by:   ?ShiftRight32s_5
      ?ShiftRight32s_4     0x00039F8E  Pub
    --------------------------------------------------
       Segment part 5, <CODE> 2
                      (was CODE)
       Address:  0x00039F92 Size: 0x4 Align: 2(1)
       Ref by:   ?ShiftRight32s_4
      ?ShiftRight32s_3     0x00039F92  Pub
    --------------------------------------------------
       Segment part 6, <CODE> 2
                      (was CODE)
       Address:  0x00039F96 Size: 0xA Align: 2(1)
       Ref by:   ?ShiftRight32s_3
      ?ShiftRight32s_2     0x00039F96  Pub
  ============================================================
  Module: ?ShiftRight64u
       Segment part 0, <CODE> 2
                      (was CODE)
       Address:  0x00039E6C Size: 0x26 Align: 2(1)
      ?ShiftRight64u       0x00039E6C  Pub  Ref by:   shake256_inc_squeeze (fips202)
                                                      shake128_inc_squeeze (fips202)
  ============================================================
  Module: ?ShiftRight64u_n
       Segment part 2, <CODE> 2
                      (was CODE)
       Address:  0x00039DCC Size: 0x8 Align: 2(1)
      ?ShiftRight64u_5     0x00039DCC  Pub  Ref by:   power2round (rounding)
    --------------------------------------------------
       Segment part 3, <CODE> 2
                      (was CODE)
       Address:  0x00039DD4 Size: 0x8 Align: 2(1)
       Ref by:   ?ShiftRight64u_5
      ?ShiftRight64u_4     0x00039DD4  Pub
    --------------------------------------------------
       Segment part 4, <CODE> 2
                      (was CODE)
       Address:  0x00039DDC Size: 0x8 Align: 2(1)
       Ref by:   ?ShiftRight64u_4
      ?ShiftRight64u_3     0x00039DDC  Pub
    --------------------------------------------------
       Segment part 5, <CODE> 2
                      (was CODE)
       Address:  0x00039DE4 Size: 0x12 Align: 2(1)
       Ref by:   ?ShiftRight64u_3
      ?ShiftRight64u_2     0x00039DE4  Pub
  ============================================================
  Module: ?memchr
       Segment part 2, <CODE> 2
                      (was CODE)
       Address:  0x0003A01C Size: 0x14 Align: 2(1)
      __iar_Memchr         0x0003A01C  Pub  Ref by:   _PrintfLarge (?xprintflarge)
  ============================================================
  Module: ?memcpy
       Segment part 2, <CODE> 2
                      (was CODE)
       Address:  0x0003A056 Size: 0x12 Align: 2(1)
      memcpy               0x0003A056  Pub  Ref by:   _LdtobLarge (?xprintflarge)
                                                      Segment part 12 (?xprintflarge)
                                                      _GenldLarge (?xprintflarge)
                                                      __data16_memcpy (?memzero)
  ============================================================
  Module: ?memmove
  ============================================================
  Module: ?CopyMemoryBytes
       Segment part 0, <CODE> 2
                      (was CODE)
       Address:  0x0003A08A Size: 0x10 Align: 2(1)
      ?CopyMemoryBytes     0x0003A08A  Pub  Ref by:   main (main)
  ============================================================
  Module: ?ClearMemoryWords
       Segment part 0, <CODE> 2
                      (was CODE)
       Address:  0x0003A07A Size: 0x10 Align: 2(1)
      ?ClearMemoryWords    0x0003A07A  Pub  Ref by:   main (main)
  ============================================================
  Module: ?memzero
       Segment part 2, <CODE> 2
                      (was CODE)
       Address:  0x0003A09A Size: 0x10 Align: 2(1)
      __data16_memzero     0x0003A09A  Pub  Ref by:   ?cstart_init_zero (?cstart)
    --------------------------------------------------
       Segment part 3, <CODE> 2
                      (was CODE)
       Address:  0x0003A110 Size: 0x4 Align: 2(1)
      __data16_memcpy      0x0003A110  Pub  Ref by:   ?cstart_init_copy (?cstart)
  ============================================================
  Module: ?MpuInit
  ============================================================
  Module: ?Mul8Hw
       Segment part 0, <CODE> 2
                      (was CODE)
       Address:  0x00039F44 Size: 0x4 Align: 2(1)
      ?Mul8Hw              0x00039F44  Pub  Ref by:   _LitobLarge (?xprintflarge)
    --------------------------------------------------
       Segment part 1, <CODE> 2
                      (was CODE)
       Address:  0x00039F48 Size: 0x1C Align: 2(1)
       Ref by:   ?Mul8Hw
      ?Mul16Hw             0x00039F48  Pub
      ?Mul16to32uHw        0x00039F48  Pub
  ============================================================
  Module: ?Mul16to32sHw
       Segment part 0, <CODE> 2
                      (was CODE)
       Address:  0x00039FA0 Size: 0x1C Align: 2(1)
      ?Mul16to32sHw        0x00039FA0  Pub  Ref by:   _LdtobLarge (?xprintflarge)
  ============================================================
  Module: ?printf
       Segment part 2, <CODE> 2
                      (was CODE)
       Address:  0x00039E46 Size: 0x26 Align: 2(1)
      printf               0x00039E46  Pub  Ref by:   main (main)
  ============================================================
  Module: ?putchar
       Segment part 2, <CODE> 2
                      (was CODE)
       Address:  0x00039E1E Size: 0x28 Align: 2(1)
      putchar              0x00039E1E  Pub  Ref by:   _Prout (?xprout)
  ============================================================
  Module: ?setjmp
  ============================================================
  Module: ?longjmp
  ============================================================
  Module: ?IndCallR11
       Segment part 0, <CODE> 2
                      (was CODE)
       Address:  0x0003A120 Size: 0x4 Align: 2(1)
      ?IndCallR11          0x0003A120  Pub  Ref by:   _PutcharLarge (?xprintflarge)
  ============================================================
  Module: ?IndCallR15
  ============================================================
  Module: ?strchr
       Segment part 2, <CODE> 2
                      (was CODE)
       Address:  0x0003A0B8 Size: 0xE Align: 2(1)
      __iar_Strchr         0x0003A0B8  Pub  Ref by:   _PrintfLarge (?xprintflarge)
  ============================================================
  Module: ?strlen
       Segment part 2, <CODE> 2
                      (was CODE)
       Address:  0x0003A044 Size: 0x12 Align: 2(1)
      strlen               0x0003A044  Pub  Ref by:   _PrintfLarge (?xprintflarge)
  ============================================================
  Module: ?xcloseall
  ============================================================
  Module: ?xdunscal
       Segment part 2, <CODE> 2
                      (was CODE)
       Address:  0x00039ADC Size: 0x46 Align: 2(1)
      __iar_Dunscale       0x00039ADC  Pub  Ref by:   _LdtobLarge (?xprintflarge)
  ============================================================
  Module: ?xgetmemchunk
  ============================================================
  Module: ?xprintflarge
       Segment part 19, <CODE> 1
                      (was CODE)
       Address:  0xDD6E Size: 0x498 Align: 2(1)
      _PrintfLarge         0xDD6E  Pub  Ref by:   printf (?printf)
    --------------------------------------------------
       Segment part 23, <CODE> 2
                      (was CODE)
       Address:  0x00039F02 Size: 0x8 Align: 2(1)
       Ref by:   Segment part 26
                 _PrintfLarge
    --------------------------------------------------
       Segment part 24, <CODE> 2
                      (was CODE)
       Address:  0x00039F0A Size: 0x8 Align: 2(1)
       Ref by:   _PrintfLarge
    --------------------------------------------------
       Segment part 25, <CODE> 2
                      (was CODE)
       Address:  0x00039F12 Size: 0xC Align: 2(1)
       Ref by:   Segment part 24
                 Segment part 23
    --------------------------------------------------
       Segment part 26, <CODE> 2
                      (was CODE)
       Address:  0x00039F1E Size: 0x6 Align: 2(1)
       Ref by:   _PrintfLarge
    --------------------------------------------------
       Segment part 8, <CODE> 1
                      (was CODE)
       Address:  0xC97A Size: 0x84 Align: 2(1)
       Ref by:   _PrintfLarge
      LoadInt              0xC97A  Loc
    --------------------------------------------------
       Segment part 9, <CODE> 1
                      (was CODE)
       Address:  0xC9FE Size: 0xE Align: 2(1)
       Ref by:   LoadInt
    --------------------------------------------------
       Segment part 10, <CODE> 1
                      (was CODE)
       Address:  0xCA0C Size: 0x23E Align: 2(1)
       Ref by:   _LdtobLarge
      _GenldLarge          0xCA0C  Loc
    --------------------------------------------------
       Segment part 11, <CODE> 1
                      (was CODE)
       Address:  0xCC4A Size: 0x10 Align: 2(1)
       Ref by:   _GenldLarge
    --------------------------------------------------
       Segment part 12, <CODE> 1
                      (was CODE)
       Address:  0xCC5A Size: 0xE Align: 2(1)
       Ref by:   Segment part 11
                 _GenldLarge
    --------------------------------------------------
       Segment part 13, <CODE> 1
                      (was CODE)
       Address:  0xCC68 Size: 0x1E Align: 2(1)
       Ref by:   _GenldLarge
    --------------------------------------------------
       Segment part 14, <CODE> 1
                      (was CODE)
       Address:  0xCC86 Size: 0x42 Align: 2(1)
       Ref by:   _LdtobLarge
      scale                0xCC86  Loc
    --------------------------------------------------
       Segment part 15, <CODE> 1
                      (was CODE)
       Address:  0xCCC8 Size: 0x23E Align: 2(1)
       Ref by:   _PrintfLarge
      _LdtobLarge          0xCCC8  Loc
    --------------------------------------------------
       Segment part 16, <CODE> 1
                      (was CODE)
       Address:  0xCF06 Size: 0x1A6 Align: 2(1)
       Ref by:   _PrintfLarge
      _LitobLarge          0xCF06  Loc
    --------------------------------------------------
       Segment part 17, <CODE> 1
                      (was CODE)
       Address:  0xD0AC Size: 0x12 Align: 2(1)
       Ref by:   _LitobLarge
    --------------------------------------------------
       Segment part 18, <CODE> 1
                      (was CODE)
       Address:  0xD0BE Size: 0xA Align: 2(1)
       Ref by:   _LitobLarge
                 LoadInt
                 _PrintfLarge
    --------------------------------------------------
       Segment part 28, <CODE> 2
                      (was CODE)
       Address:  0x00039C1A Size: 0x36 Align: 2(1)
       Ref by:   Segment part 23
      pad                  0x00039C1A  Loc
    --------------------------------------------------
       Segment part 29, <CODE> 2
                      (was CODE)
       Address:  0x00039DF6 Size: 0x28 Align: 2(1)
       Ref by:   _PutcharsLarge
                 _PrintfLarge
      _PutcharLarge        0x00039DF6  Loc
    --------------------------------------------------
       Segment part 30, <CODE> 2
                      (was CODE)
       Address:  0x00039D48 Size: 0x2C Align: 2(1)
       Ref by:   pad
                 Segment part 24
      _PutcharsLarge       0x00039D48  Loc
    --------------------------------------------------
       Segment part 20, <CODE> 2
                      (was CODE)
       Address:  0x0003A0AA Size: 0xE Align: 2(1)
       Ref by:   _PrintfLarge
    --------------------------------------------------
       Segment part 21, <CODE> 1
                      (was CODE)
       Address:  0xFF76 Size: 0xA Align: 2(1)
       Ref by:   _PrintfLarge
    --------------------------------------------------
       Segment part 22, <CODE> 2
                      (was CODE)
       Address:  0x0003A068 Size: 0x12 Align: 2(1)
       Ref by:   _PrintfLarge
    --------------------------------------------------
       Segment part 27, <CODE> 2
                      (was CODE)
       Address:  0x00039BA4 Size: 0x3E Align: 2(1)
       Ref by:   _PrintfLarge
    --------------------------------------------------
       Segment part 2, DATA16_C
       Address:  0xC02A Size: 0x7 Align: 1(0)
       Ref by:   _PrintfLarge
    --------------------------------------------------
       Segment part 3, DATA16_C
       Address:  0xC031 Size: 0x4 Align: 1(0)
       Ref by:   _LdtobLarge
    --------------------------------------------------
       Segment part 4, DATA16_C
       Address:  0xC035 Size: 0x4 Align: 1(0)
       Ref by:   _LdtobLarge
    --------------------------------------------------
       Segment part 5, DATA16_C
       Address:  0xC039 Size: 0x4 Align: 1(0)
       Ref by:   _LdtobLarge
    --------------------------------------------------
       Segment part 6, DATA16_C
       Address:  0xC03D Size: 0x4 Align: 1(0)
       Ref by:   _LdtobLarge
    --------------------------------------------------
       Segment part 7, DATA16_C
       Address:  0xC041 Size: 0x2 Align: 1(0)
       Ref by:   _GenldLarge
  ============================================================
  Module: ?xprout
       Segment part 2, <CODE> 2
                      (was CODE)
       Address:  0x00039FEE Size: 0x18 Align: 2(1)
      _Prout               0x00039FEE  Pub  Ref by:   printf (?printf)
  ============================================================
  Module: ?xxmemxfree
  ============================================================
  Module: ?xxmemxmalloc


                ****************************************
                *                                      *
                *      SEGMENTS IN ADDRESS ORDER       *
                *                                      *
                ****************************************

SEGMENT    SPACE     START/END ADDRESS        SIZE  TYPE  ALIGN
-------    -----   ---------------------      ----  ----  -----
DATA16_I              0x1C00 - 0x1D6F        0x170   rel   2(1)
DATA16_Z              0x1D70 - 0x1D71          0x2   rel   2(1)
DATA20_I                  0x1D72                     rel   2(1)
DATA20_Z                  0x1D72                     rel   2(1)
DATA20_N                  0x1D72                     rel   2(1)
CODE_I                    0x1D72                     rel   2(1)
CSTACK                0x26D0 - 0x9BFF       0x7530   rel   2(1)
DATA16_C              0xC000 - 0xC042         0x43   rel   1(0)
DATA16_ID             0xC044 - 0xC1B3        0x170   rel   2(1)
CSTART                0xC1B4 - 0xC1DB         0x28   rel   2(1)
<CODE> 1              0xC1DC - 0xFF7F       0x3DA4   rel   2(1)
RESET                 0xFFFE - 0xFFFF          0x2   rel   2(1)
<CODE> 2          0x00010000 - 0x0003A125  0x2A126   rel   2(1)
CODE_ID                 0x0003A126                   rel   2(1)
DATA20_ID               0x0003A126                   rel   2(1)
DATA20_C                0x0003A126                   rel   2(1)

 188'148 bytes of CODE  memory
  30'370 bytes of DATA  memory
     435 bytes of CONST memory

Errors: none
Warnings: none
